# Path: /Users/dean/Library/Developer/Xcode/DerivedData/HelloMarm-bzpsvczaooculbcotrlgrhciwcnw/Build/Products/Debug/HelloMarm.dylib
# Arch: i386
# Object files:
[  0] linker synthesized
[  1] /Users/dean/Library/Developer/Xcode/DerivedData/HelloMarm-bzpsvczaooculbcotrlgrhciwcnw/Build/Intermediates/HelloMarm.build/Debug/HelloMarm.build/Objects-normal/i386/PVRTexTool_interface.o
[  2] /Users/dean/Library/Developer/Xcode/DerivedData/HelloMarm-bzpsvczaooculbcotrlgrhciwcnw/Build/Intermediates/HelloMarm.build/Debug/HelloMarm.build/Objects-normal/i386/HelloMarm.o
[  3] /Applications/Marmalade.app/Contents/modules/iwutil/lib/x86/darwin/libiwutil_d.a(IwList.o)
[  4] /Applications/Marmalade.app/Contents/modules/iwutil/lib/x86/darwin/libiwutil_d.a(IwMemManagerDL.o)
[  5] /Applications/Marmalade.app/Contents/modules/iwutil/lib/x86/darwin/libiwutil_d.a(IwColourOctree.o)
[  6] /Applications/Marmalade.app/Contents/modules/iwutil/lib/x86/darwin/libiwutil_d.a(IwFile.o)
[  7] /Applications/Marmalade.app/Contents/modules/iwutil/lib/x86/darwin/libiwutil_d.a(IwHashString.o)
[  8] /Applications/Marmalade.app/Contents/modules/iwutil/lib/x86/darwin/libiwutil_d.a(IwImage.o)
[  9] /Applications/Marmalade.app/Contents/modules/iwutil/lib/x86/darwin/libiwutil_d.a(IwImageATI.o)
[ 10] /Applications/Marmalade.app/Contents/modules/iwutil/lib/x86/darwin/libiwutil_d.a(IwImageBMP.o)
[ 11] /Applications/Marmalade.app/Contents/modules/iwutil/lib/x86/darwin/libiwutil_d.a(IwImageGIF.o)
[ 12] /Applications/Marmalade.app/Contents/modules/iwutil/lib/x86/darwin/libiwutil_d.a(IwImageHelper.o)
[ 13] /Applications/Marmalade.app/Contents/modules/iwutil/lib/x86/darwin/libiwutil_d.a(IwImageJPG.o)
[ 14] /Applications/Marmalade.app/Contents/modules/iwutil/lib/x86/darwin/libiwutil_d.a(IwImagePNG.o)
[ 15] /Applications/Marmalade.app/Contents/modules/iwutil/lib/x86/darwin/libiwutil_d.a(IwImagePVR.o)
[ 16] /Applications/Marmalade.app/Contents/modules/iwutil/lib/x86/darwin/libiwutil_d.a(IwImageRAW.o)
[ 17] /Applications/Marmalade.app/Contents/modules/iwutil/lib/x86/darwin/libiwutil_d.a(IwImageRP4.o)
[ 18] /Applications/Marmalade.app/Contents/modules/iwutil/lib/x86/darwin/libiwutil_d.a(IwImageTGA.o)
[ 19] /Applications/Marmalade.app/Contents/modules/iwutil/lib/x86/darwin/libiwutil_d.a(IwManaged.o)
[ 20] /Applications/Marmalade.app/Contents/modules/iwutil/lib/x86/darwin/libiwutil_d.a(IwManagedList.o)
[ 21] /Applications/Marmalade.app/Contents/modules/iwutil/lib/x86/darwin/libiwutil_d.a(IwMemBucket.o)
[ 22] /Applications/Marmalade.app/Contents/modules/iwutil/lib/x86/darwin/libiwutil_d.a(IwMemBucketHelpers.o)
[ 23] /Applications/Marmalade.app/Contents/modules/iwutil/lib/x86/darwin/libiwutil_d.a(IwMemory.o)
[ 24] /Applications/Marmalade.app/Contents/modules/iwutil/lib/x86/darwin/libiwutil_d.a(IwMenu.o)
[ 25] /Applications/Marmalade.app/Contents/modules/iwutil/lib/x86/darwin/libiwutil_d.a(IwResource.o)
[ 26] /Applications/Marmalade.app/Contents/modules/iwutil/lib/x86/darwin/libiwutil_d.a(IwRuntime.o)
[ 27] /Applications/Marmalade.app/Contents/modules/iwutil/lib/x86/darwin/libiwutil_d.a(IwSerialise.o)
[ 28] /Applications/Marmalade.app/Contents/modules/iwutil/lib/x86/darwin/libiwutil_d.a(IwTextParser.o)
[ 29] /Applications/Marmalade.app/Contents/modules/iwutil/lib/x86/darwin/libiwutil_d.a(IwTextParserITX.o)
[ 30] /Applications/Marmalade.app/Contents/modules/iwutil/lib/x86/darwin/libiwutil_d.a(IwUtil.o)
[ 31] /Applications/Marmalade.app/Contents/modules/iwutil/lib/x86/darwin/libiwutil_d.a(neuquant32.o)
[ 32] /Applications/Marmalade.app/Contents/modules/third_party/libjpeg/lib/x86/darwin/libjpeg_d.a(jcomapi.o)
[ 33] /Applications/Marmalade.app/Contents/modules/third_party/libjpeg/lib/x86/darwin/libjpeg_d.a(jdapimin.o)
[ 34] /Applications/Marmalade.app/Contents/modules/third_party/libjpeg/lib/x86/darwin/libjpeg_d.a(jdapistd.o)
[ 35] /Applications/Marmalade.app/Contents/modules/third_party/libjpeg/lib/x86/darwin/libjpeg_d.a(jdcoefct.o)
[ 36] /Applications/Marmalade.app/Contents/modules/third_party/libjpeg/lib/x86/darwin/libjpeg_d.a(jdcolor.o)
[ 37] /Applications/Marmalade.app/Contents/modules/third_party/libjpeg/lib/x86/darwin/libjpeg_d.a(jddctmgr.o)
[ 38] /Applications/Marmalade.app/Contents/modules/third_party/libjpeg/lib/x86/darwin/libjpeg_d.a(jdhuff.o)
[ 39] /Applications/Marmalade.app/Contents/modules/third_party/libjpeg/lib/x86/darwin/libjpeg_d.a(jdinput.o)
[ 40] /Applications/Marmalade.app/Contents/modules/third_party/libjpeg/lib/x86/darwin/libjpeg_d.a(jdmainct.o)
[ 41] /Applications/Marmalade.app/Contents/modules/third_party/libjpeg/lib/x86/darwin/libjpeg_d.a(jdmarker.o)
[ 42] /Applications/Marmalade.app/Contents/modules/third_party/libjpeg/lib/x86/darwin/libjpeg_d.a(jdmaster.o)
[ 43] /Applications/Marmalade.app/Contents/modules/third_party/libjpeg/lib/x86/darwin/libjpeg_d.a(jdmerge.o)
[ 44] /Applications/Marmalade.app/Contents/modules/third_party/libjpeg/lib/x86/darwin/libjpeg_d.a(jdphuff.o)
[ 45] /Applications/Marmalade.app/Contents/modules/third_party/libjpeg/lib/x86/darwin/libjpeg_d.a(jdpostct.o)
[ 46] /Applications/Marmalade.app/Contents/modules/third_party/libjpeg/lib/x86/darwin/libjpeg_d.a(jdsample.o)
[ 47] /Applications/Marmalade.app/Contents/modules/third_party/libjpeg/lib/x86/darwin/libjpeg_d.a(jerror.o)
[ 48] /Applications/Marmalade.app/Contents/modules/third_party/libjpeg/lib/x86/darwin/libjpeg_d.a(jidctflt.o)
[ 49] /Applications/Marmalade.app/Contents/modules/third_party/libjpeg/lib/x86/darwin/libjpeg_d.a(jidctfst.o)
[ 50] /Applications/Marmalade.app/Contents/modules/third_party/libjpeg/lib/x86/darwin/libjpeg_d.a(jidctint.o)
[ 51] /Applications/Marmalade.app/Contents/modules/third_party/libjpeg/lib/x86/darwin/libjpeg_d.a(jidctred.o)
[ 52] /Applications/Marmalade.app/Contents/modules/third_party/libjpeg/lib/x86/darwin/libjpeg_d.a(jmemmgr.o)
[ 53] /Applications/Marmalade.app/Contents/modules/third_party/libjpeg/lib/x86/darwin/libjpeg_d.a(jmemnobs.o)
[ 54] /Applications/Marmalade.app/Contents/modules/third_party/libjpeg/lib/x86/darwin/libjpeg_d.a(jquant1.o)
[ 55] /Applications/Marmalade.app/Contents/modules/third_party/libjpeg/lib/x86/darwin/libjpeg_d.a(jquant2.o)
[ 56] /Applications/Marmalade.app/Contents/modules/third_party/libjpeg/lib/x86/darwin/libjpeg_d.a(jutils.o)
[ 57] /Applications/Marmalade.app/Contents/modules/iwgx/lib/x86/darwin/libiwgx_d.a(IwGxDXTCompressionHandler.o)
[ 58] /Applications/Marmalade.app/Contents/modules/iwgx/lib/x86/darwin/libiwgx_d.a(alpha.o)
[ 59] /Applications/Marmalade.app/Contents/modules/iwgx/lib/x86/darwin/libiwgx_d.a(clusterfit.o)
[ 60] /Applications/Marmalade.app/Contents/modules/iwgx/lib/x86/darwin/libiwgx_d.a(colourblock.o)
[ 61] /Applications/Marmalade.app/Contents/modules/iwgx/lib/x86/darwin/libiwgx_d.a(colourfit.o)
[ 62] /Applications/Marmalade.app/Contents/modules/iwgx/lib/x86/darwin/libiwgx_d.a(colourset.o)
[ 63] /Applications/Marmalade.app/Contents/modules/iwgx/lib/x86/darwin/libiwgx_d.a(rangefit.o)
[ 64] /Applications/Marmalade.app/Contents/modules/iwgx/lib/x86/darwin/libiwgx_d.a(singlecolourfit.o)
[ 65] /Applications/Marmalade.app/Contents/modules/iwgx/lib/x86/darwin/libiwgx_d.a(squish.o)
[ 66] /Applications/Marmalade.app/Contents/modules/iwgx/lib/x86/darwin/libiwgx_d.a(squishmaths.o)
[ 67] /Applications/Marmalade.app/Contents/modules/iwgx/lib/x86/darwin/libiwgx_d.a(IwGxATITCCompressionHandler.o)
[ 68] /Applications/Marmalade.app/Contents/modules/iwgx/lib/x86/darwin/libiwgx_d.a(IwGxContextShadowGL.o)
[ 69] /Applications/Marmalade.app/Contents/modules/iwgx/lib/x86/darwin/libiwgx_d.a(IwGxCubeMap.o)
[ 70] /Applications/Marmalade.app/Contents/modules/iwgx/lib/x86/darwin/libiwgx_d.a(IwGxDefaultFragmentShader.o)
[ 71] /Applications/Marmalade.app/Contents/modules/iwgx/lib/x86/darwin/libiwgx_d.a(IwGxDefaultVertexShader.o)
[ 72] /Applications/Marmalade.app/Contents/modules/iwgx/lib/x86/darwin/libiwgx_d.a(IwGxETC2CompressionHandler.o)
[ 73] /Applications/Marmalade.app/Contents/modules/iwgx/lib/x86/darwin/libiwgx_d.a(IwGxETCCompressionHandler.o)
[ 74] /Applications/Marmalade.app/Contents/modules/iwgx/lib/x86/darwin/libiwgx_d.a(IwGxGL2Shader.o)
[ 75] /Applications/Marmalade.app/Contents/modules/iwgx/lib/x86/darwin/libiwgx_d.a(IwGxGL2ShaderParam.o)
[ 76] /Applications/Marmalade.app/Contents/modules/iwgx/lib/x86/darwin/libiwgx_d.a(IwGxLightingGL.o)
[ 77] /Applications/Marmalade.app/Contents/modules/iwgx/lib/x86/darwin/libiwgx_d.a(IwGxMetricsGL.o)
[ 78] /Applications/Marmalade.app/Contents/modules/iwgx/lib/x86/darwin/libiwgx_d.a(IwGxPVRCompressionHandler.o)
[ 79] /Applications/Marmalade.app/Contents/modules/iwgx/lib/x86/darwin/libiwgx_d.a(IwGxRasterisationGL.o)
[ 80] /Applications/Marmalade.app/Contents/modules/iwgx/lib/x86/darwin/libiwgx_d.a(IwGxRasterisationGL2.o)
[ 81] /Applications/Marmalade.app/Contents/modules/iwgx/lib/x86/darwin/libiwgx_d.a(IwGxTextureGL.o)
[ 82] /Applications/Marmalade.app/Contents/modules/iwgx/lib/x86/darwin/libiwgx_d.a(IwGxCompressionHandler.o)
[ 83] /Applications/Marmalade.app/Contents/modules/iwgx/lib/x86/darwin/libiwgx_d.a(IwGxCompressionHandlerManager.o)
[ 84] /Applications/Marmalade.app/Contents/modules/iwgx/lib/x86/darwin/libiwgx_d.a(IwGxLightingHW.o)
[ 85] /Applications/Marmalade.app/Contents/modules/iwgx/lib/x86/darwin/libiwgx_d.a(IwGxRasterisationHW.o)
[ 86] /Applications/Marmalade.app/Contents/modules/iwgx/lib/x86/darwin/libiwgx_d.a(IwGxTransformHW.o)
[ 87] /Applications/Marmalade.app/Contents/modules/iwgx/lib/x86/darwin/libiwgx_d.a(IwAtlas.o)
[ 88] /Applications/Marmalade.app/Contents/modules/iwgx/lib/x86/darwin/libiwgx_d.a(IwGxCallbacks.o)
[ 89] /Applications/Marmalade.app/Contents/modules/iwgx/lib/x86/darwin/libiwgx_d.a(IwGxCol.o)
[ 90] /Applications/Marmalade.app/Contents/modules/iwgx/lib/x86/darwin/libiwgx_d.a(IwGxCursor.o)
[ 91] /Applications/Marmalade.app/Contents/modules/iwgx/lib/x86/darwin/libiwgx_d.a(IwGxDebug.o)
[ 92] /Applications/Marmalade.app/Contents/modules/iwgx/lib/x86/darwin/libiwgx_d.a(IwGxDraw.o)
[ 93] /Applications/Marmalade.app/Contents/modules/iwgx/lib/x86/darwin/libiwgx_d.a(IwGxError.o)
[ 94] /Applications/Marmalade.app/Contents/modules/iwgx/lib/x86/darwin/libiwgx_d.a(IwGxFog.o)
[ 95] /Applications/Marmalade.app/Contents/modules/iwgx/lib/x86/darwin/libiwgx_d.a(IwGxFuncTable.o)
[ 96] /Applications/Marmalade.app/Contents/modules/iwgx/lib/x86/darwin/libiwgx_d.a(IwGxFuncs.o)
[ 97] /Applications/Marmalade.app/Contents/modules/iwgx/lib/x86/darwin/libiwgx_d.a(IwGxInit.o)
[ 98] /Applications/Marmalade.app/Contents/modules/iwgx/lib/x86/darwin/libiwgx_d.a(IwGxLight.o)
[ 99] /Applications/Marmalade.app/Contents/modules/iwgx/lib/x86/darwin/libiwgx_d.a(IwGxMaterial.o)
[100] /Applications/Marmalade.app/Contents/modules/iwgx/lib/x86/darwin/libiwgx_d.a(IwGxMetrics.o)
[101] /Applications/Marmalade.app/Contents/modules/iwgx/lib/x86/darwin/libiwgx_d.a(IwGxMipMapBuilder.o)
[102] /Applications/Marmalade.app/Contents/modules/iwgx/lib/x86/darwin/libiwgx_d.a(IwGxNorm.o)
[103] /Applications/Marmalade.app/Contents/modules/iwgx/lib/x86/darwin/libiwgx_d.a(IwGxPrint.o)
[104] /Applications/Marmalade.app/Contents/modules/iwgx/lib/x86/darwin/libiwgx_d.a(IwGxPrintFont.o)
[105] /Applications/Marmalade.app/Contents/modules/iwgx/lib/x86/darwin/libiwgx_d.a(IwGxResManagerCallbacks.o)
[106] /Applications/Marmalade.app/Contents/modules/iwgx/lib/x86/darwin/libiwgx_d.a(IwGxShaderTechnique.o)
[107] /Applications/Marmalade.app/Contents/modules/iwgx/lib/x86/darwin/libiwgx_d.a(IwGxState.o)
[108] /Applications/Marmalade.app/Contents/modules/iwgx/lib/x86/darwin/libiwgx_d.a(IwGxStream.o)
[109] /Applications/Marmalade.app/Contents/modules/iwgx/lib/x86/darwin/libiwgx_d.a(IwGxSurface.o)
[110] /Applications/Marmalade.app/Contents/modules/iwgx/lib/x86/darwin/libiwgx_d.a(IwGxTransform.o)
[111] /Applications/Marmalade.app/Contents/modules/iwgx/lib/x86/darwin/libiwgx_d.a(IwGxTransformFloat.o)
[112] /Applications/Marmalade.app/Contents/modules/iwgx/lib/x86/darwin/libiwgx_d.a(IwGxUV.o)
[113] /Applications/Marmalade.app/Contents/modules/iwgx/lib/x86/darwin/libiwgx_d.a(IwGxWatermark.o)
[114] /Applications/Marmalade.app/Contents/modules/iwgx/lib/x86/darwin/libiwgx_d.a(IwMatAnim.o)
[115] /Applications/Marmalade.app/Contents/modules/iwgx/lib/x86/darwin/libiwgx_d.a(IwMatGeomInfo.o)
[116] /Applications/Marmalade.app/Contents/modules/iwgx/lib/x86/darwin/libiwgx_d.a(IwMaterial.o)
[117] /Applications/Marmalade.app/Contents/modules/iwgx/lib/x86/darwin/libiwgx_d.a(IwTexture.o)
[118] /Applications/Marmalade.app/Contents/modules/iwgl/lib/x86/darwin/libiwgl_d.a(iwglstub_eglGetProcAddress.o)
[119] /Applications/Marmalade.app/Contents/modules/iwgl/lib/x86/darwin/libiwgl_d.a(iwglstub_glActiveTexture.o)
[120] /Applications/Marmalade.app/Contents/modules/iwgl/lib/x86/darwin/libiwgl_d.a(iwglstub_glAlphaFunc.o)
[121] /Applications/Marmalade.app/Contents/modules/iwgl/lib/x86/darwin/libiwgl_d.a(iwglstub_glAlphaFuncx.o)
[122] /Applications/Marmalade.app/Contents/modules/iwgl/lib/x86/darwin/libiwgl_d.a(iwglstub_glAttachShader.o)
[123] /Applications/Marmalade.app/Contents/modules/iwgl/lib/x86/darwin/libiwgl_d.a(iwglstub_glBindAttribLocation.o)
[124] /Applications/Marmalade.app/Contents/modules/iwgl/lib/x86/darwin/libiwgl_d.a(iwglstub_glBindBuffer.o)
[125] /Applications/Marmalade.app/Contents/modules/iwgl/lib/x86/darwin/libiwgl_d.a(iwglstub_glBindFramebuffer.o)
[126] /Applications/Marmalade.app/Contents/modules/iwgl/lib/x86/darwin/libiwgl_d.a(iwglstub_glBindRenderbuffer.o)
[127] /Applications/Marmalade.app/Contents/modules/iwgl/lib/x86/darwin/libiwgl_d.a(iwglstub_glBindSampler.o)
[128] /Applications/Marmalade.app/Contents/modules/iwgl/lib/x86/darwin/libiwgl_d.a(iwglstub_glBindTexture.o)
[129] /Applications/Marmalade.app/Contents/modules/iwgl/lib/x86/darwin/libiwgl_d.a(iwglstub_glBlendColor.o)
[130] /Applications/Marmalade.app/Contents/modules/iwgl/lib/x86/darwin/libiwgl_d.a(iwglstub_glBlendEquationSeparate.o)
[131] /Applications/Marmalade.app/Contents/modules/iwgl/lib/x86/darwin/libiwgl_d.a(iwglstub_glBlendFunc.o)
[132] /Applications/Marmalade.app/Contents/modules/iwgl/lib/x86/darwin/libiwgl_d.a(iwglstub_glBlendFuncSeparate.o)
[133] /Applications/Marmalade.app/Contents/modules/iwgl/lib/x86/darwin/libiwgl_d.a(iwglstub_glCheckFramebufferStatus.o)
[134] /Applications/Marmalade.app/Contents/modules/iwgl/lib/x86/darwin/libiwgl_d.a(iwglstub_glClear.o)
[135] /Applications/Marmalade.app/Contents/modules/iwgl/lib/x86/darwin/libiwgl_d.a(iwglstub_glClearColor.o)
[136] /Applications/Marmalade.app/Contents/modules/iwgl/lib/x86/darwin/libiwgl_d.a(iwglstub_glClearColorx.o)
[137] /Applications/Marmalade.app/Contents/modules/iwgl/lib/x86/darwin/libiwgl_d.a(iwglstub_glClearDepthf.o)
[138] /Applications/Marmalade.app/Contents/modules/iwgl/lib/x86/darwin/libiwgl_d.a(iwglstub_glClearDepthx.o)
[139] /Applications/Marmalade.app/Contents/modules/iwgl/lib/x86/darwin/libiwgl_d.a(iwglstub_glClearStencil.o)
[140] /Applications/Marmalade.app/Contents/modules/iwgl/lib/x86/darwin/libiwgl_d.a(iwglstub_glClientActiveTexture.o)
[141] /Applications/Marmalade.app/Contents/modules/iwgl/lib/x86/darwin/libiwgl_d.a(iwglstub_glClipPlanef.o)
[142] /Applications/Marmalade.app/Contents/modules/iwgl/lib/x86/darwin/libiwgl_d.a(iwglstub_glClipPlanex.o)
[143] /Applications/Marmalade.app/Contents/modules/iwgl/lib/x86/darwin/libiwgl_d.a(iwglstub_glColor4f.o)
[144] /Applications/Marmalade.app/Contents/modules/iwgl/lib/x86/darwin/libiwgl_d.a(iwglstub_glColor4x.o)
[145] /Applications/Marmalade.app/Contents/modules/iwgl/lib/x86/darwin/libiwgl_d.a(iwglstub_glColorMask.o)
[146] /Applications/Marmalade.app/Contents/modules/iwgl/lib/x86/darwin/libiwgl_d.a(iwglstub_glColorPointer.o)
[147] /Applications/Marmalade.app/Contents/modules/iwgl/lib/x86/darwin/libiwgl_d.a(iwglstub_glCompileShader.o)
[148] /Applications/Marmalade.app/Contents/modules/iwgl/lib/x86/darwin/libiwgl_d.a(iwglstub_glCompressedTexImage2D.o)
[149] /Applications/Marmalade.app/Contents/modules/iwgl/lib/x86/darwin/libiwgl_d.a(iwglstub_glCompressedTexImage3D.o)
[150] /Applications/Marmalade.app/Contents/modules/iwgl/lib/x86/darwin/libiwgl_d.a(iwglstub_glCreateProgram.o)
[151] /Applications/Marmalade.app/Contents/modules/iwgl/lib/x86/darwin/libiwgl_d.a(iwglstub_glCreateShader.o)
[152] /Applications/Marmalade.app/Contents/modules/iwgl/lib/x86/darwin/libiwgl_d.a(iwglstub_glCullFace.o)
[153] /Applications/Marmalade.app/Contents/modules/iwgl/lib/x86/darwin/libiwgl_d.a(iwglstub_glDeleteFramebuffers.o)
[154] /Applications/Marmalade.app/Contents/modules/iwgl/lib/x86/darwin/libiwgl_d.a(iwglstub_glDeleteProgram.o)
[155] /Applications/Marmalade.app/Contents/modules/iwgl/lib/x86/darwin/libiwgl_d.a(iwglstub_glDeleteRenderbuffers.o)
[156] /Applications/Marmalade.app/Contents/modules/iwgl/lib/x86/darwin/libiwgl_d.a(iwglstub_glDeleteShader.o)
[157] /Applications/Marmalade.app/Contents/modules/iwgl/lib/x86/darwin/libiwgl_d.a(iwglstub_glDeleteTextures.o)
[158] /Applications/Marmalade.app/Contents/modules/iwgl/lib/x86/darwin/libiwgl_d.a(iwglstub_glDepthFunc.o)
[159] /Applications/Marmalade.app/Contents/modules/iwgl/lib/x86/darwin/libiwgl_d.a(iwglstub_glDepthMask.o)
[160] /Applications/Marmalade.app/Contents/modules/iwgl/lib/x86/darwin/libiwgl_d.a(iwglstub_glDepthRangef.o)
[161] /Applications/Marmalade.app/Contents/modules/iwgl/lib/x86/darwin/libiwgl_d.a(iwglstub_glDepthRangex.o)
[162] /Applications/Marmalade.app/Contents/modules/iwgl/lib/x86/darwin/libiwgl_d.a(iwglstub_glDetachShader.o)
[163] /Applications/Marmalade.app/Contents/modules/iwgl/lib/x86/darwin/libiwgl_d.a(iwglstub_glDisable.o)
[164] /Applications/Marmalade.app/Contents/modules/iwgl/lib/x86/darwin/libiwgl_d.a(iwglstub_glDisableClientState.o)
[165] /Applications/Marmalade.app/Contents/modules/iwgl/lib/x86/darwin/libiwgl_d.a(iwglstub_glDisableVertexAttribArray.o)
[166] /Applications/Marmalade.app/Contents/modules/iwgl/lib/x86/darwin/libiwgl_d.a(iwglstub_glDrawArrays.o)
[167] /Applications/Marmalade.app/Contents/modules/iwgl/lib/x86/darwin/libiwgl_d.a(iwglstub_glDrawElements.o)
[168] /Applications/Marmalade.app/Contents/modules/iwgl/lib/x86/darwin/libiwgl_d.a(iwglstub_glEnable.o)
[169] /Applications/Marmalade.app/Contents/modules/iwgl/lib/x86/darwin/libiwgl_d.a(iwglstub_glEnableClientState.o)
[170] /Applications/Marmalade.app/Contents/modules/iwgl/lib/x86/darwin/libiwgl_d.a(iwglstub_glEnableVertexAttribArray.o)
[171] /Applications/Marmalade.app/Contents/modules/iwgl/lib/x86/darwin/libiwgl_d.a(iwglstub_glFogf.o)
[172] /Applications/Marmalade.app/Contents/modules/iwgl/lib/x86/darwin/libiwgl_d.a(iwglstub_glFogfv.o)
[173] /Applications/Marmalade.app/Contents/modules/iwgl/lib/x86/darwin/libiwgl_d.a(iwglstub_glFogx.o)
[174] /Applications/Marmalade.app/Contents/modules/iwgl/lib/x86/darwin/libiwgl_d.a(iwglstub_glFogxv.o)
[175] /Applications/Marmalade.app/Contents/modules/iwgl/lib/x86/darwin/libiwgl_d.a(iwglstub_glFramebufferRenderbuffer.o)
[176] /Applications/Marmalade.app/Contents/modules/iwgl/lib/x86/darwin/libiwgl_d.a(iwglstub_glFramebufferTexture2D.o)
[177] /Applications/Marmalade.app/Contents/modules/iwgl/lib/x86/darwin/libiwgl_d.a(iwglstub_glFrontFace.o)
[178] /Applications/Marmalade.app/Contents/modules/iwgl/lib/x86/darwin/libiwgl_d.a(iwglstub_glFrustumf.o)
[179] /Applications/Marmalade.app/Contents/modules/iwgl/lib/x86/darwin/libiwgl_d.a(iwglstub_glGenFramebuffers.o)
[180] /Applications/Marmalade.app/Contents/modules/iwgl/lib/x86/darwin/libiwgl_d.a(iwglstub_glGenRenderbuffers.o)
[181] /Applications/Marmalade.app/Contents/modules/iwgl/lib/x86/darwin/libiwgl_d.a(iwglstub_glGenTextures.o)
[182] /Applications/Marmalade.app/Contents/modules/iwgl/lib/x86/darwin/libiwgl_d.a(iwglstub_glGenerateMipmap.o)
[183] /Applications/Marmalade.app/Contents/modules/iwgl/lib/x86/darwin/libiwgl_d.a(iwglstub_glGetAttribLocation.o)
[184] /Applications/Marmalade.app/Contents/modules/iwgl/lib/x86/darwin/libiwgl_d.a(iwglstub_glGetBooleanv.o)
[185] /Applications/Marmalade.app/Contents/modules/iwgl/lib/x86/darwin/libiwgl_d.a(iwglstub_glGetError.o)
[186] /Applications/Marmalade.app/Contents/modules/iwgl/lib/x86/darwin/libiwgl_d.a(iwglstub_glGetFloatv.o)
[187] /Applications/Marmalade.app/Contents/modules/iwgl/lib/x86/darwin/libiwgl_d.a(iwglstub_glGetFramebufferAttachmentParameteriv.o)
[188] /Applications/Marmalade.app/Contents/modules/iwgl/lib/x86/darwin/libiwgl_d.a(iwglstub_glGetIntegerv.o)
[189] /Applications/Marmalade.app/Contents/modules/iwgl/lib/x86/darwin/libiwgl_d.a(iwglstub_glGetProgramInfoLog.o)
[190] /Applications/Marmalade.app/Contents/modules/iwgl/lib/x86/darwin/libiwgl_d.a(iwglstub_glGetProgramiv.o)
[191] /Applications/Marmalade.app/Contents/modules/iwgl/lib/x86/darwin/libiwgl_d.a(iwglstub_glGetRenderbufferParameteriv.o)
[192] /Applications/Marmalade.app/Contents/modules/iwgl/lib/x86/darwin/libiwgl_d.a(iwglstub_glGetShaderInfoLog.o)
[193] /Applications/Marmalade.app/Contents/modules/iwgl/lib/x86/darwin/libiwgl_d.a(iwglstub_glGetShaderiv.o)
[194] /Applications/Marmalade.app/Contents/modules/iwgl/lib/x86/darwin/libiwgl_d.a(iwglstub_glGetString.o)
[195] /Applications/Marmalade.app/Contents/modules/iwgl/lib/x86/darwin/libiwgl_d.a(iwglstub_glGetUniformLocation.o)
[196] /Applications/Marmalade.app/Contents/modules/iwgl/lib/x86/darwin/libiwgl_d.a(iwglstub_glHint.o)
[197] /Applications/Marmalade.app/Contents/modules/iwgl/lib/x86/darwin/libiwgl_d.a(iwglstub_glIsFramebuffer.o)
[198] /Applications/Marmalade.app/Contents/modules/iwgl/lib/x86/darwin/libiwgl_d.a(iwglstub_glIsRenderbuffer.o)
[199] /Applications/Marmalade.app/Contents/modules/iwgl/lib/x86/darwin/libiwgl_d.a(iwglstub_glLightModelf.o)
[200] /Applications/Marmalade.app/Contents/modules/iwgl/lib/x86/darwin/libiwgl_d.a(iwglstub_glLightModelfv.o)
[201] /Applications/Marmalade.app/Contents/modules/iwgl/lib/x86/darwin/libiwgl_d.a(iwglstub_glLightModelx.o)
[202] /Applications/Marmalade.app/Contents/modules/iwgl/lib/x86/darwin/libiwgl_d.a(iwglstub_glLightModelxv.o)
[203] /Applications/Marmalade.app/Contents/modules/iwgl/lib/x86/darwin/libiwgl_d.a(iwglstub_glLightf.o)
[204] /Applications/Marmalade.app/Contents/modules/iwgl/lib/x86/darwin/libiwgl_d.a(iwglstub_glLightfv.o)
[205] /Applications/Marmalade.app/Contents/modules/iwgl/lib/x86/darwin/libiwgl_d.a(iwglstub_glLightx.o)
[206] /Applications/Marmalade.app/Contents/modules/iwgl/lib/x86/darwin/libiwgl_d.a(iwglstub_glLightxv.o)
[207] /Applications/Marmalade.app/Contents/modules/iwgl/lib/x86/darwin/libiwgl_d.a(iwglstub_glLineWidth.o)
[208] /Applications/Marmalade.app/Contents/modules/iwgl/lib/x86/darwin/libiwgl_d.a(iwglstub_glLineWidthx.o)
[209] /Applications/Marmalade.app/Contents/modules/iwgl/lib/x86/darwin/libiwgl_d.a(iwglstub_glLinkProgram.o)
[210] /Applications/Marmalade.app/Contents/modules/iwgl/lib/x86/darwin/libiwgl_d.a(iwglstub_glLoadIdentity.o)
[211] /Applications/Marmalade.app/Contents/modules/iwgl/lib/x86/darwin/libiwgl_d.a(iwglstub_glLoadMatrixf.o)
[212] /Applications/Marmalade.app/Contents/modules/iwgl/lib/x86/darwin/libiwgl_d.a(iwglstub_glLoadMatrixx.o)
[213] /Applications/Marmalade.app/Contents/modules/iwgl/lib/x86/darwin/libiwgl_d.a(iwglstub_glLogicOp.o)
[214] /Applications/Marmalade.app/Contents/modules/iwgl/lib/x86/darwin/libiwgl_d.a(iwglstub_glMaterialf.o)
[215] /Applications/Marmalade.app/Contents/modules/iwgl/lib/x86/darwin/libiwgl_d.a(iwglstub_glMaterialfv.o)
[216] /Applications/Marmalade.app/Contents/modules/iwgl/lib/x86/darwin/libiwgl_d.a(iwglstub_glMaterialx.o)
[217] /Applications/Marmalade.app/Contents/modules/iwgl/lib/x86/darwin/libiwgl_d.a(iwglstub_glMaterialxv.o)
[218] /Applications/Marmalade.app/Contents/modules/iwgl/lib/x86/darwin/libiwgl_d.a(iwglstub_glMatrixMode.o)
[219] /Applications/Marmalade.app/Contents/modules/iwgl/lib/x86/darwin/libiwgl_d.a(iwglstub_glMultMatrixf.o)
[220] /Applications/Marmalade.app/Contents/modules/iwgl/lib/x86/darwin/libiwgl_d.a(iwglstub_glMultMatrixx.o)
[221] /Applications/Marmalade.app/Contents/modules/iwgl/lib/x86/darwin/libiwgl_d.a(iwglstub_glMultiTexCoord4f.o)
[222] /Applications/Marmalade.app/Contents/modules/iwgl/lib/x86/darwin/libiwgl_d.a(iwglstub_glMultiTexCoord4x.o)
[223] /Applications/Marmalade.app/Contents/modules/iwgl/lib/x86/darwin/libiwgl_d.a(iwglstub_glNormal3f.o)
[224] /Applications/Marmalade.app/Contents/modules/iwgl/lib/x86/darwin/libiwgl_d.a(iwglstub_glNormal3x.o)
[225] /Applications/Marmalade.app/Contents/modules/iwgl/lib/x86/darwin/libiwgl_d.a(iwglstub_glNormalPointer.o)
[226] /Applications/Marmalade.app/Contents/modules/iwgl/lib/x86/darwin/libiwgl_d.a(iwglstub_glOrthox.o)
[227] /Applications/Marmalade.app/Contents/modules/iwgl/lib/x86/darwin/libiwgl_d.a(iwglstub_glPixelStorei.o)
[228] /Applications/Marmalade.app/Contents/modules/iwgl/lib/x86/darwin/libiwgl_d.a(iwglstub_glPolygonOffset.o)
[229] /Applications/Marmalade.app/Contents/modules/iwgl/lib/x86/darwin/libiwgl_d.a(iwglstub_glPolygonOffsetx.o)
[230] /Applications/Marmalade.app/Contents/modules/iwgl/lib/x86/darwin/libiwgl_d.a(iwglstub_glReadPixels.o)
[231] /Applications/Marmalade.app/Contents/modules/iwgl/lib/x86/darwin/libiwgl_d.a(iwglstub_glRenderbufferStorage.o)
[232] /Applications/Marmalade.app/Contents/modules/iwgl/lib/x86/darwin/libiwgl_d.a(iwglstub_glRotatef.o)
[233] /Applications/Marmalade.app/Contents/modules/iwgl/lib/x86/darwin/libiwgl_d.a(iwglstub_glRotatex.o)
[234] /Applications/Marmalade.app/Contents/modules/iwgl/lib/x86/darwin/libiwgl_d.a(iwglstub_glScalef.o)
[235] /Applications/Marmalade.app/Contents/modules/iwgl/lib/x86/darwin/libiwgl_d.a(iwglstub_glScalex.o)
[236] /Applications/Marmalade.app/Contents/modules/iwgl/lib/x86/darwin/libiwgl_d.a(iwglstub_glScissor.o)
[237] /Applications/Marmalade.app/Contents/modules/iwgl/lib/x86/darwin/libiwgl_d.a(iwglstub_glShadeModel.o)
[238] /Applications/Marmalade.app/Contents/modules/iwgl/lib/x86/darwin/libiwgl_d.a(iwglstub_glShaderBinary.o)
[239] /Applications/Marmalade.app/Contents/modules/iwgl/lib/x86/darwin/libiwgl_d.a(iwglstub_glShaderSource.o)
[240] /Applications/Marmalade.app/Contents/modules/iwgl/lib/x86/darwin/libiwgl_d.a(iwglstub_glStencilFunc.o)
[241] /Applications/Marmalade.app/Contents/modules/iwgl/lib/x86/darwin/libiwgl_d.a(iwglstub_glStencilFuncSeparate.o)
[242] /Applications/Marmalade.app/Contents/modules/iwgl/lib/x86/darwin/libiwgl_d.a(iwglstub_glStencilMask.o)
[243] /Applications/Marmalade.app/Contents/modules/iwgl/lib/x86/darwin/libiwgl_d.a(iwglstub_glStencilMaskSeparate.o)
[244] /Applications/Marmalade.app/Contents/modules/iwgl/lib/x86/darwin/libiwgl_d.a(iwglstub_glStencilOp.o)
[245] /Applications/Marmalade.app/Contents/modules/iwgl/lib/x86/darwin/libiwgl_d.a(iwglstub_glStencilOpSeparate.o)
[246] /Applications/Marmalade.app/Contents/modules/iwgl/lib/x86/darwin/libiwgl_d.a(iwglstub_glTexCoordPointer.o)
[247] /Applications/Marmalade.app/Contents/modules/iwgl/lib/x86/darwin/libiwgl_d.a(iwglstub_glTexEnvf.o)
[248] /Applications/Marmalade.app/Contents/modules/iwgl/lib/x86/darwin/libiwgl_d.a(iwglstub_glTexEnvfv.o)
[249] /Applications/Marmalade.app/Contents/modules/iwgl/lib/x86/darwin/libiwgl_d.a(iwglstub_glTexEnvi.o)
[250] /Applications/Marmalade.app/Contents/modules/iwgl/lib/x86/darwin/libiwgl_d.a(iwglstub_glTexEnvx.o)
[251] /Applications/Marmalade.app/Contents/modules/iwgl/lib/x86/darwin/libiwgl_d.a(iwglstub_glTexEnvxv.o)
[252] /Applications/Marmalade.app/Contents/modules/iwgl/lib/x86/darwin/libiwgl_d.a(iwglstub_glTexImage2D.o)
[253] /Applications/Marmalade.app/Contents/modules/iwgl/lib/x86/darwin/libiwgl_d.a(iwglstub_glTexImage3D.o)
[254] /Applications/Marmalade.app/Contents/modules/iwgl/lib/x86/darwin/libiwgl_d.a(iwglstub_glTexParameterf.o)
[255] /Applications/Marmalade.app/Contents/modules/iwgl/lib/x86/darwin/libiwgl_d.a(iwglstub_glTexParameteri.o)
[256] /Applications/Marmalade.app/Contents/modules/iwgl/lib/x86/darwin/libiwgl_d.a(iwglstub_glTexParameterx.o)
[257] /Applications/Marmalade.app/Contents/modules/iwgl/lib/x86/darwin/libiwgl_d.a(iwglstub_glTexSubImage2D.o)
[258] /Applications/Marmalade.app/Contents/modules/iwgl/lib/x86/darwin/libiwgl_d.a(iwglstub_glTranslatef.o)
[259] /Applications/Marmalade.app/Contents/modules/iwgl/lib/x86/darwin/libiwgl_d.a(iwglstub_glTranslatex.o)
[260] /Applications/Marmalade.app/Contents/modules/iwgl/lib/x86/darwin/libiwgl_d.a(iwglstub_glUniform1f.o)
[261] /Applications/Marmalade.app/Contents/modules/iwgl/lib/x86/darwin/libiwgl_d.a(iwglstub_glUniform1fv.o)
[262] /Applications/Marmalade.app/Contents/modules/iwgl/lib/x86/darwin/libiwgl_d.a(iwglstub_glUniform1i.o)
[263] /Applications/Marmalade.app/Contents/modules/iwgl/lib/x86/darwin/libiwgl_d.a(iwglstub_glUniform1iv.o)
[264] /Applications/Marmalade.app/Contents/modules/iwgl/lib/x86/darwin/libiwgl_d.a(iwglstub_glUniform2fv.o)
[265] /Applications/Marmalade.app/Contents/modules/iwgl/lib/x86/darwin/libiwgl_d.a(iwglstub_glUniform2iv.o)
[266] /Applications/Marmalade.app/Contents/modules/iwgl/lib/x86/darwin/libiwgl_d.a(iwglstub_glUniform3fv.o)
[267] /Applications/Marmalade.app/Contents/modules/iwgl/lib/x86/darwin/libiwgl_d.a(iwglstub_glUniform3iv.o)
[268] /Applications/Marmalade.app/Contents/modules/iwgl/lib/x86/darwin/libiwgl_d.a(iwglstub_glUniform4f.o)
[269] /Applications/Marmalade.app/Contents/modules/iwgl/lib/x86/darwin/libiwgl_d.a(iwglstub_glUniform4fv.o)
[270] /Applications/Marmalade.app/Contents/modules/iwgl/lib/x86/darwin/libiwgl_d.a(iwglstub_glUniform4iv.o)
[271] /Applications/Marmalade.app/Contents/modules/iwgl/lib/x86/darwin/libiwgl_d.a(iwglstub_glUniformMatrix2fv.o)
[272] /Applications/Marmalade.app/Contents/modules/iwgl/lib/x86/darwin/libiwgl_d.a(iwglstub_glUniformMatrix3fv.o)
[273] /Applications/Marmalade.app/Contents/modules/iwgl/lib/x86/darwin/libiwgl_d.a(iwglstub_glUniformMatrix4fv.o)
[274] /Applications/Marmalade.app/Contents/modules/iwgl/lib/x86/darwin/libiwgl_d.a(iwglstub_glUseProgram.o)
[275] /Applications/Marmalade.app/Contents/modules/iwgl/lib/x86/darwin/libiwgl_d.a(iwglstub_glVertexAttribIPointer.o)
[276] /Applications/Marmalade.app/Contents/modules/iwgl/lib/x86/darwin/libiwgl_d.a(iwglstub_glVertexAttribPointer.o)
[277] /Applications/Marmalade.app/Contents/modules/iwgl/lib/x86/darwin/libiwgl_d.a(iwglstub_glVertexPointer.o)
[278] /Applications/Marmalade.app/Contents/modules/iwgl/lib/x86/darwin/libiwgl_d.a(iwglstub_glViewport.o)
[279] /Applications/Marmalade.app/Contents/modules/iwgl/lib/x86/darwin/libiwgl_d.a(IwEGLHelper.o)
[280] /Applications/Marmalade.app/Contents/modules/iwgl/lib/x86/darwin/libiwgl_d.a(IwGL.o)
[281] /Applications/Marmalade.app/Contents/modules/iwgl/lib/x86/darwin/libiwgl_d.a(IwGLDrawRect.o)
[282] /Applications/Marmalade.app/Contents/modules/iwgl/lib/x86/darwin/libiwgl_d.a(IwGLEGL.o)
[283] /Applications/Marmalade.app/Contents/modules/iwgl/lib/x86/darwin/libiwgl_d.a(IwGLEnum.o)
[284] /Applications/Marmalade.app/Contents/modules/iwgl/lib/x86/darwin/libiwgl_d.a(IwGLExt.o)
[285] /Applications/Marmalade.app/Contents/modules/iwgl/lib/x86/darwin/libiwgl_d.a(IwGLFBOCache.o)
[286] /Applications/Marmalade.app/Contents/modules/iwgl/lib/x86/darwin/libiwgl_d.a(IwGLFBOObj.o)
[287] /Applications/Marmalade.app/Contents/modules/iwgl/lib/x86/darwin/libiwgl_d.a(IwGLFeedbackObj.o)
[288] /Applications/Marmalade.app/Contents/modules/iwgl/lib/x86/darwin/libiwgl_d.a(IwGLGet.o)
[289] /Applications/Marmalade.app/Contents/modules/iwgl/lib/x86/darwin/libiwgl_d.a(IwGLQueryObj.o)
[290] /Applications/Marmalade.app/Contents/modules/iwgl/lib/x86/darwin/libiwgl_d.a(IwGLSamplerObj.o)
[291] /Applications/Marmalade.app/Contents/modules/iwgl/lib/x86/darwin/libiwgl_d.a(IwGLShaderCache.o)
[292] /Applications/Marmalade.app/Contents/modules/iwgl/lib/x86/darwin/libiwgl_d.a(IwGLShaderObj.o)
[293] /Applications/Marmalade.app/Contents/modules/iwgl/lib/x86/darwin/libiwgl_d.a(IwGLStateCache.o)
[294] /Applications/Marmalade.app/Contents/modules/iwgl/lib/x86/darwin/libiwgl_d.a(IwGLTexCache.o)
[295] /Applications/Marmalade.app/Contents/modules/iwgl/lib/x86/darwin/libiwgl_d.a(IwGLTexObj.o)
[296] /Applications/Marmalade.app/Contents/modules/iwgl/lib/x86/darwin/libiwgl_d.a(IwGLVAOObj.o)
[297] /Applications/Marmalade.app/Contents/modules/iwgl/lib/x86/darwin/libiwgl_d.a(IwGLVBOCache.o)
[298] /Applications/Marmalade.app/Contents/modules/iwgl/lib/x86/darwin/libiwgl_d.a(IwGLVBOObj.o)
[299] /Applications/Marmalade.app/Contents/modules/iwgl/lib/x86/darwin/libiwgl_d.a(IwGLVirtualRes.o)
[300] /Applications/Marmalade.app/Contents/modules/iwgl/lib/x86/darwin/libiwgl_d.a(IwGLWrappers.o)
[301] /Applications/Marmalade.app/Contents/modules/iwgeom/lib/x86/darwin/libiwgeom_d.a(IwGeomCore.o)
[302] /Applications/Marmalade.app/Contents/modules/iwgeom/lib/x86/darwin/libiwgeom_d.a(IwGeomFMat.o)
[303] /Applications/Marmalade.app/Contents/modules/iwgeom/lib/x86/darwin/libiwgeom_d.a(IwGeomFMat2D.o)
[304] /Applications/Marmalade.app/Contents/modules/iwgeom/lib/x86/darwin/libiwgeom_d.a(IwGeomFQuat.o)
[305] /Applications/Marmalade.app/Contents/modules/iwgeom/lib/x86/darwin/libiwgeom_d.a(IwGeomFVec2.o)
[306] /Applications/Marmalade.app/Contents/modules/iwgeom/lib/x86/darwin/libiwgeom_d.a(IwGeomFVec3.o)
[307] /Applications/Marmalade.app/Contents/modules/iwgeom/lib/x86/darwin/libiwgeom_d.a(IwGeomFVec4.o)
[308] /Applications/Marmalade.app/Contents/modules/iwgeom/lib/x86/darwin/libiwgeom_d.a(IwGeomMat.o)
[309] /Applications/Marmalade.app/Contents/modules/iwgeom/lib/x86/darwin/libiwgeom_d.a(IwGeomMat2D.o)
[310] /Applications/Marmalade.app/Contents/modules/iwgeom/lib/x86/darwin/libiwgeom_d.a(IwGeomPlane.o)
[311] /Applications/Marmalade.app/Contents/modules/iwgeom/lib/x86/darwin/libiwgeom_d.a(IwGeomQuat.o)
[312] /Applications/Marmalade.app/Contents/modules/iwgeom/lib/x86/darwin/libiwgeom_d.a(IwGeomSQuat.o)
[313] /Applications/Marmalade.app/Contents/modules/iwgeom/lib/x86/darwin/libiwgeom_d.a(IwGeomSVec2.o)
[314] /Applications/Marmalade.app/Contents/modules/iwgeom/lib/x86/darwin/libiwgeom_d.a(IwGeomSVec3.o)
[315] /Applications/Marmalade.app/Contents/modules/iwgeom/lib/x86/darwin/libiwgeom_d.a(IwGeomSVec4.o)
[316] /Applications/Marmalade.app/Contents/modules/iwgeom/lib/x86/darwin/libiwgeom_d.a(IwGeomSqrt.o)
[317] /Applications/Marmalade.app/Contents/modules/iwgeom/lib/x86/darwin/libiwgeom_d.a(IwGeomVec2.o)
[318] /Applications/Marmalade.app/Contents/modules/iwgeom/lib/x86/darwin/libiwgeom_d.a(IwGeomVec3.o)
[319] /Applications/Marmalade.app/Contents/modules/iwgeom/lib/x86/darwin/libiwgeom_d.a(IwGeomVec4.o)
[320] /Applications/Marmalade.app/Contents/modules/iwresmanager/lib/x86/darwin/libiwresmanager_d.a(IwResGroup.o)
[321] /Applications/Marmalade.app/Contents/modules/iwresmanager/lib/x86/darwin/libiwresmanager_d.a(IwResGroupHST.o)
[322] /Applications/Marmalade.app/Contents/modules/iwresmanager/lib/x86/darwin/libiwresmanager_d.a(IwResHandler.o)
[323] /Applications/Marmalade.app/Contents/modules/iwresmanager/lib/x86/darwin/libiwresmanager_d.a(IwResManager.o)
[324] /Applications/Marmalade.app/Contents/modules/iwresmanager/lib/x86/darwin/libiwresmanager_d.a(IwResSerialise.o)
[325] /Applications/Marmalade.app/Contents/s3e/lib/x86/darwin/libs3e_cpp_d.a(codecvt.o)
[326] /Applications/Marmalade.app/Contents/s3e/lib/x86/darwin/libs3e_cpp_d.a(collate.o)
[327] /Applications/Marmalade.app/Contents/s3e/lib/x86/darwin/libs3e_cpp_d.a(ctype.o)
[328] /Applications/Marmalade.app/Contents/s3e/lib/x86/darwin/libs3e_cpp_d.a(dll_main.o)
[329] /Applications/Marmalade.app/Contents/s3e/lib/x86/darwin/libs3e_cpp_d.a(ios.o)
[330] /Applications/Marmalade.app/Contents/s3e/lib/x86/darwin/libs3e_cpp_d.a(locale_impl.o)
[331] /Applications/Marmalade.app/Contents/s3e/lib/x86/darwin/libs3e_cpp_d.a(messages.o)
[332] /Applications/Marmalade.app/Contents/s3e/lib/x86/darwin/libs3e_cpp_d.a(monetary.o)
[333] /Applications/Marmalade.app/Contents/s3e/lib/x86/darwin/libs3e_cpp_d.a(num_get.o)
[334] /Applications/Marmalade.app/Contents/s3e/lib/x86/darwin/libs3e_cpp_d.a(num_get_float.o)
[335] /Applications/Marmalade.app/Contents/s3e/lib/x86/darwin/libs3e_cpp_d.a(num_put.o)
[336] /Applications/Marmalade.app/Contents/s3e/lib/x86/darwin/libs3e_cpp_d.a(num_put_float.o)
[337] /Applications/Marmalade.app/Contents/s3e/lib/x86/darwin/libs3e_cpp_d.a(numpunct.o)
[338] /Applications/Marmalade.app/Contents/s3e/lib/x86/darwin/libs3e_cpp_d.a(time_facets.o)
[339] /Applications/Marmalade.app/Contents/s3e/lib/x86/darwin/libs3e_cpp_d.a(array_delete.o)
[340] /Applications/Marmalade.app/Contents/s3e/lib/x86/darwin/libs3e_cpp_d.a(array_new.o)
[341] /Applications/Marmalade.app/Contents/s3e/lib/x86/darwin/libs3e_cpp_d.a(delete.o)
[342] /Applications/Marmalade.app/Contents/s3e/lib/x86/darwin/libs3e_cpp_d.a(new.o)
[343] /Applications/Marmalade.app/Contents/s3e/lib/x86/darwin/libs3e_d.a(iwcrt_common.o)
[344] /Applications/Marmalade.app/Contents/s3e/lib/x86/darwin/libs3e_d.a(iwmain.o)
[345] /Applications/Marmalade.app/Contents/s3e/lib/x86/darwin/libs3e_d.a(malloc.o)
[346] /Applications/Marmalade.app/Contents/s3e/lib/x86/darwin/libs3e_d.a(pthread_mutex.o)
[347] /Applications/Marmalade.app/Contents/s3e/lib/x86/darwin/libs3e_d.a(pthread_tls.o)
[348] /Applications/Marmalade.app/Contents/s3e/lib/x86/darwin/libs3e_d.a(pthreads.o)
[349] /Applications/Marmalade.app/Contents/s3e/lib/x86/darwin/libs3e_d.a(signal.o)
[350] /Applications/Marmalade.app/Contents/s3e/lib/x86/darwin/libs3e_d.a(sockets.o)
[351] /Applications/Marmalade.app/Contents/s3e/lib/x86/darwin/libs3e_d.a(stdlib.o)
[352] /Applications/Marmalade.app/Contents/s3e/lib/x86/darwin/libs3e_d.a(stdout.o)
[353] /Applications/Marmalade.app/Contents/s3e/lib/x86/darwin/libs3e_d.a(string.o)
[354] /Applications/Marmalade.app/Contents/s3e/lib/x86/darwin/libs3e_d.a(time.o)
[355] /Applications/Marmalade.app/Contents/s3e/lib/x86/darwin/libs3e_d.a(s3eMalloc_eapi.o)
[356] /Applications/Marmalade.app/Contents/s3e/lib/x86/darwin/libs3e_d.a(s3eMemory_eapi.o)
[357] /Applications/Marmalade.app/Contents/s3e/lib/x86/darwin/libs3e_d.a(IwAllocator.o)
[358] /Applications/Marmalade.app/Contents/s3e/lib/x86/darwin/libs3e_d.a(IwDebug.o)
[359] /Applications/Marmalade.app/Contents/s3e/lib/x86/darwin/libs3e_d.a(IwPath.o)
[360] /Applications/Marmalade.app/Contents/s3e/lib/x86/darwin/libs3e_d.a(s3eDebugHeap_interface.o)
[361] /Applications/Marmalade.app/Contents/s3e/lib/x86/darwin/libs3e_d.a(s3eMetrics_interface.o)
[362] /Applications/Marmalade.app/Contents/s3e/lib/x86/darwin/libs3e_d.a(s3eOSExec_interface.o)
[363] /Applications/Marmalade.app/Contents/s3e/lib/x86/darwin/libs3e_d.a(s3eThread_interface.o)
[364] /Applications/Marmalade.app/Contents/s3e/lib/x86/darwin/libs3e_d.a(iwcrt_gcc_init.o)
[365] /Applications/Marmalade.app/Contents/s3e/lib/x86/darwin/libs3e_d.a(newlib_impl.o)
[366] /Applications/Marmalade.app/Contents/s3e/lib/x86/darwin/libs3e_d.a(iwcrt_api_bind.o)
[367] /Applications/Marmalade.app/Contents/s3e/lib/x86/darwin/libs3e_d.a(iwcrt_gcc_x86.o)
[368] /Applications/Marmalade.app/Contents/s3e/lib/x86/darwin/libs3e_d.a(iwcrt_osx.o)
[369] /Applications/Marmalade.app/Contents/s3e/lib/x86/darwin/libs3e_api_iwgl.a(__eglGetProcAddress.o)
[370] /Applications/Marmalade.app/Contents/s3e/lib/x86/darwin/libs3e_api_iwgl.a(__glActiveTexture.o)
[371] /Applications/Marmalade.app/Contents/s3e/lib/x86/darwin/libs3e_api_iwgl.a(__glAlphaFunc.o)
[372] /Applications/Marmalade.app/Contents/s3e/lib/x86/darwin/libs3e_api_iwgl.a(__glAlphaFuncx.o)
[373] /Applications/Marmalade.app/Contents/s3e/lib/x86/darwin/libs3e_api_iwgl.a(__glAttachShader.o)
[374] /Applications/Marmalade.app/Contents/s3e/lib/x86/darwin/libs3e_api_iwgl.a(__glBindAttribLocation.o)
[375] /Applications/Marmalade.app/Contents/s3e/lib/x86/darwin/libs3e_api_iwgl.a(__glBindBuffer.o)
[376] /Applications/Marmalade.app/Contents/s3e/lib/x86/darwin/libs3e_api_iwgl.a(__glBindBufferBase.o)
[377] /Applications/Marmalade.app/Contents/s3e/lib/x86/darwin/libs3e_api_iwgl.a(__glBindBufferRange.o)
[378] /Applications/Marmalade.app/Contents/s3e/lib/x86/darwin/libs3e_api_iwgl.a(__glBindFramebuffer.o)
[379] /Applications/Marmalade.app/Contents/s3e/lib/x86/darwin/libs3e_api_iwgl.a(__glBindRenderbuffer.o)
[380] /Applications/Marmalade.app/Contents/s3e/lib/x86/darwin/libs3e_api_iwgl.a(__glBindSampler.o)
[381] /Applications/Marmalade.app/Contents/s3e/lib/x86/darwin/libs3e_api_iwgl.a(__glBindTexture.o)
[382] /Applications/Marmalade.app/Contents/s3e/lib/x86/darwin/libs3e_api_iwgl.a(__glBindTransformFeedback.o)
[383] /Applications/Marmalade.app/Contents/s3e/lib/x86/darwin/libs3e_api_iwgl.a(__glBindVertexArray.o)
[384] /Applications/Marmalade.app/Contents/s3e/lib/x86/darwin/libs3e_api_iwgl.a(__glBlendColor.o)
[385] /Applications/Marmalade.app/Contents/s3e/lib/x86/darwin/libs3e_api_iwgl.a(__glBlendEquationSeparate.o)
[386] /Applications/Marmalade.app/Contents/s3e/lib/x86/darwin/libs3e_api_iwgl.a(__glBlendFunc.o)
[387] /Applications/Marmalade.app/Contents/s3e/lib/x86/darwin/libs3e_api_iwgl.a(__glBlendFuncSeparate.o)
[388] /Applications/Marmalade.app/Contents/s3e/lib/x86/darwin/libs3e_api_iwgl.a(__glBufferData.o)
[389] /Applications/Marmalade.app/Contents/s3e/lib/x86/darwin/libs3e_api_iwgl.a(__glCheckFramebufferStatus.o)
[390] /Applications/Marmalade.app/Contents/s3e/lib/x86/darwin/libs3e_api_iwgl.a(__glClear.o)
[391] /Applications/Marmalade.app/Contents/s3e/lib/x86/darwin/libs3e_api_iwgl.a(__glClearColor.o)
[392] /Applications/Marmalade.app/Contents/s3e/lib/x86/darwin/libs3e_api_iwgl.a(__glClearColorx.o)
[393] /Applications/Marmalade.app/Contents/s3e/lib/x86/darwin/libs3e_api_iwgl.a(__glClearDepthf.o)
[394] /Applications/Marmalade.app/Contents/s3e/lib/x86/darwin/libs3e_api_iwgl.a(__glClearDepthx.o)
[395] /Applications/Marmalade.app/Contents/s3e/lib/x86/darwin/libs3e_api_iwgl.a(__glClearStencil.o)
[396] /Applications/Marmalade.app/Contents/s3e/lib/x86/darwin/libs3e_api_iwgl.a(__glClientActiveTexture.o)
[397] /Applications/Marmalade.app/Contents/s3e/lib/x86/darwin/libs3e_api_iwgl.a(__glClipPlanef.o)
[398] /Applications/Marmalade.app/Contents/s3e/lib/x86/darwin/libs3e_api_iwgl.a(__glClipPlanex.o)
[399] /Applications/Marmalade.app/Contents/s3e/lib/x86/darwin/libs3e_api_iwgl.a(__glColor4f.o)
[400] /Applications/Marmalade.app/Contents/s3e/lib/x86/darwin/libs3e_api_iwgl.a(__glColor4x.o)
[401] /Applications/Marmalade.app/Contents/s3e/lib/x86/darwin/libs3e_api_iwgl.a(__glColorMask.o)
[402] /Applications/Marmalade.app/Contents/s3e/lib/x86/darwin/libs3e_api_iwgl.a(__glColorPointer.o)
[403] /Applications/Marmalade.app/Contents/s3e/lib/x86/darwin/libs3e_api_iwgl.a(__glCompileShader.o)
[404] /Applications/Marmalade.app/Contents/s3e/lib/x86/darwin/libs3e_api_iwgl.a(__glCompressedTexImage2D.o)
[405] /Applications/Marmalade.app/Contents/s3e/lib/x86/darwin/libs3e_api_iwgl.a(__glCompressedTexImage3D.o)
[406] /Applications/Marmalade.app/Contents/s3e/lib/x86/darwin/libs3e_api_iwgl.a(__glCreateProgram.o)
[407] /Applications/Marmalade.app/Contents/s3e/lib/x86/darwin/libs3e_api_iwgl.a(__glCreateShader.o)
[408] /Applications/Marmalade.app/Contents/s3e/lib/x86/darwin/libs3e_api_iwgl.a(__glCullFace.o)
[409] /Applications/Marmalade.app/Contents/s3e/lib/x86/darwin/libs3e_api_iwgl.a(__glDeleteBuffers.o)
[410] /Applications/Marmalade.app/Contents/s3e/lib/x86/darwin/libs3e_api_iwgl.a(__glDeleteFramebuffers.o)
[411] /Applications/Marmalade.app/Contents/s3e/lib/x86/darwin/libs3e_api_iwgl.a(__glDeleteProgram.o)
[412] /Applications/Marmalade.app/Contents/s3e/lib/x86/darwin/libs3e_api_iwgl.a(__glDeleteRenderbuffers.o)
[413] /Applications/Marmalade.app/Contents/s3e/lib/x86/darwin/libs3e_api_iwgl.a(__glDeleteSamplers.o)
[414] /Applications/Marmalade.app/Contents/s3e/lib/x86/darwin/libs3e_api_iwgl.a(__glDeleteShader.o)
[415] /Applications/Marmalade.app/Contents/s3e/lib/x86/darwin/libs3e_api_iwgl.a(__glDeleteTextures.o)
[416] /Applications/Marmalade.app/Contents/s3e/lib/x86/darwin/libs3e_api_iwgl.a(__glDeleteVertexArrays.o)
[417] /Applications/Marmalade.app/Contents/s3e/lib/x86/darwin/libs3e_api_iwgl.a(__glDepthFunc.o)
[418] /Applications/Marmalade.app/Contents/s3e/lib/x86/darwin/libs3e_api_iwgl.a(__glDepthMask.o)
[419] /Applications/Marmalade.app/Contents/s3e/lib/x86/darwin/libs3e_api_iwgl.a(__glDepthRangef.o)
[420] /Applications/Marmalade.app/Contents/s3e/lib/x86/darwin/libs3e_api_iwgl.a(__glDepthRangex.o)
[421] /Applications/Marmalade.app/Contents/s3e/lib/x86/darwin/libs3e_api_iwgl.a(__glDetachShader.o)
[422] /Applications/Marmalade.app/Contents/s3e/lib/x86/darwin/libs3e_api_iwgl.a(__glDisable.o)
[423] /Applications/Marmalade.app/Contents/s3e/lib/x86/darwin/libs3e_api_iwgl.a(__glDisableClientState.o)
[424] /Applications/Marmalade.app/Contents/s3e/lib/x86/darwin/libs3e_api_iwgl.a(__glDisableVertexAttribArray.o)
[425] /Applications/Marmalade.app/Contents/s3e/lib/x86/darwin/libs3e_api_iwgl.a(__glDrawArrays.o)
[426] /Applications/Marmalade.app/Contents/s3e/lib/x86/darwin/libs3e_api_iwgl.a(__glDrawBuffers.o)
[427] /Applications/Marmalade.app/Contents/s3e/lib/x86/darwin/libs3e_api_iwgl.a(__glDrawElements.o)
[428] /Applications/Marmalade.app/Contents/s3e/lib/x86/darwin/libs3e_api_iwgl.a(__glEnable.o)
[429] /Applications/Marmalade.app/Contents/s3e/lib/x86/darwin/libs3e_api_iwgl.a(__glEnableClientState.o)
[430] /Applications/Marmalade.app/Contents/s3e/lib/x86/darwin/libs3e_api_iwgl.a(__glEnableVertexAttribArray.o)
[431] /Applications/Marmalade.app/Contents/s3e/lib/x86/darwin/libs3e_api_iwgl.a(__glFinish.o)
[432] /Applications/Marmalade.app/Contents/s3e/lib/x86/darwin/libs3e_api_iwgl.a(__glFogf.o)
[433] /Applications/Marmalade.app/Contents/s3e/lib/x86/darwin/libs3e_api_iwgl.a(__glFogfv.o)
[434] /Applications/Marmalade.app/Contents/s3e/lib/x86/darwin/libs3e_api_iwgl.a(__glFogx.o)
[435] /Applications/Marmalade.app/Contents/s3e/lib/x86/darwin/libs3e_api_iwgl.a(__glFogxv.o)
[436] /Applications/Marmalade.app/Contents/s3e/lib/x86/darwin/libs3e_api_iwgl.a(__glFramebufferRenderbuffer.o)
[437] /Applications/Marmalade.app/Contents/s3e/lib/x86/darwin/libs3e_api_iwgl.a(__glFramebufferTexture2D.o)
[438] /Applications/Marmalade.app/Contents/s3e/lib/x86/darwin/libs3e_api_iwgl.a(__glFramebufferTextureLayer.o)
[439] /Applications/Marmalade.app/Contents/s3e/lib/x86/darwin/libs3e_api_iwgl.a(__glFrontFace.o)
[440] /Applications/Marmalade.app/Contents/s3e/lib/x86/darwin/libs3e_api_iwgl.a(__glFrustumf.o)
[441] /Applications/Marmalade.app/Contents/s3e/lib/x86/darwin/libs3e_api_iwgl.a(__glGenBuffers.o)
[442] /Applications/Marmalade.app/Contents/s3e/lib/x86/darwin/libs3e_api_iwgl.a(__glGenFramebuffers.o)
[443] /Applications/Marmalade.app/Contents/s3e/lib/x86/darwin/libs3e_api_iwgl.a(__glGenRenderbuffers.o)
[444] /Applications/Marmalade.app/Contents/s3e/lib/x86/darwin/libs3e_api_iwgl.a(__glGenTextures.o)
[445] /Applications/Marmalade.app/Contents/s3e/lib/x86/darwin/libs3e_api_iwgl.a(__glGenerateMipmap.o)
[446] /Applications/Marmalade.app/Contents/s3e/lib/x86/darwin/libs3e_api_iwgl.a(__glGetActiveUniform.o)
[447] /Applications/Marmalade.app/Contents/s3e/lib/x86/darwin/libs3e_api_iwgl.a(__glGetAttribLocation.o)
[448] /Applications/Marmalade.app/Contents/s3e/lib/x86/darwin/libs3e_api_iwgl.a(__glGetBooleanv.o)
[449] /Applications/Marmalade.app/Contents/s3e/lib/x86/darwin/libs3e_api_iwgl.a(__glGetError.o)
[450] /Applications/Marmalade.app/Contents/s3e/lib/x86/darwin/libs3e_api_iwgl.a(__glGetFloatv.o)
[451] /Applications/Marmalade.app/Contents/s3e/lib/x86/darwin/libs3e_api_iwgl.a(__glGetFramebufferAttachmentParameteriv.o)
[452] /Applications/Marmalade.app/Contents/s3e/lib/x86/darwin/libs3e_api_iwgl.a(__glGetIntegerv.o)
[453] /Applications/Marmalade.app/Contents/s3e/lib/x86/darwin/libs3e_api_iwgl.a(__glGetProgramInfoLog.o)
[454] /Applications/Marmalade.app/Contents/s3e/lib/x86/darwin/libs3e_api_iwgl.a(__glGetProgramiv.o)
[455] /Applications/Marmalade.app/Contents/s3e/lib/x86/darwin/libs3e_api_iwgl.a(__glGetRenderbufferParameteriv.o)
[456] /Applications/Marmalade.app/Contents/s3e/lib/x86/darwin/libs3e_api_iwgl.a(__glGetShaderInfoLog.o)
[457] /Applications/Marmalade.app/Contents/s3e/lib/x86/darwin/libs3e_api_iwgl.a(__glGetShaderiv.o)
[458] /Applications/Marmalade.app/Contents/s3e/lib/x86/darwin/libs3e_api_iwgl.a(__glGetString.o)
[459] /Applications/Marmalade.app/Contents/s3e/lib/x86/darwin/libs3e_api_iwgl.a(__glGetUniformLocation.o)
[460] /Applications/Marmalade.app/Contents/s3e/lib/x86/darwin/libs3e_api_iwgl.a(__glHint.o)
[461] /Applications/Marmalade.app/Contents/s3e/lib/x86/darwin/libs3e_api_iwgl.a(__glIsFramebuffer.o)
[462] /Applications/Marmalade.app/Contents/s3e/lib/x86/darwin/libs3e_api_iwgl.a(__glIsRenderbuffer.o)
[463] /Applications/Marmalade.app/Contents/s3e/lib/x86/darwin/libs3e_api_iwgl.a(__glLightModelf.o)
[464] /Applications/Marmalade.app/Contents/s3e/lib/x86/darwin/libs3e_api_iwgl.a(__glLightModelfv.o)
[465] /Applications/Marmalade.app/Contents/s3e/lib/x86/darwin/libs3e_api_iwgl.a(__glLightModelx.o)
[466] /Applications/Marmalade.app/Contents/s3e/lib/x86/darwin/libs3e_api_iwgl.a(__glLightModelxv.o)
[467] /Applications/Marmalade.app/Contents/s3e/lib/x86/darwin/libs3e_api_iwgl.a(__glLightf.o)
[468] /Applications/Marmalade.app/Contents/s3e/lib/x86/darwin/libs3e_api_iwgl.a(__glLightfv.o)
[469] /Applications/Marmalade.app/Contents/s3e/lib/x86/darwin/libs3e_api_iwgl.a(__glLightx.o)
[470] /Applications/Marmalade.app/Contents/s3e/lib/x86/darwin/libs3e_api_iwgl.a(__glLightxv.o)
[471] /Applications/Marmalade.app/Contents/s3e/lib/x86/darwin/libs3e_api_iwgl.a(__glLineWidth.o)
[472] /Applications/Marmalade.app/Contents/s3e/lib/x86/darwin/libs3e_api_iwgl.a(__glLineWidthx.o)
[473] /Applications/Marmalade.app/Contents/s3e/lib/x86/darwin/libs3e_api_iwgl.a(__glLinkProgram.o)
[474] /Applications/Marmalade.app/Contents/s3e/lib/x86/darwin/libs3e_api_iwgl.a(__glLoadIdentity.o)
[475] /Applications/Marmalade.app/Contents/s3e/lib/x86/darwin/libs3e_api_iwgl.a(__glLoadMatrixf.o)
[476] /Applications/Marmalade.app/Contents/s3e/lib/x86/darwin/libs3e_api_iwgl.a(__glLoadMatrixx.o)
[477] /Applications/Marmalade.app/Contents/s3e/lib/x86/darwin/libs3e_api_iwgl.a(__glLogicOp.o)
[478] /Applications/Marmalade.app/Contents/s3e/lib/x86/darwin/libs3e_api_iwgl.a(__glMaterialf.o)
[479] /Applications/Marmalade.app/Contents/s3e/lib/x86/darwin/libs3e_api_iwgl.a(__glMaterialfv.o)
[480] /Applications/Marmalade.app/Contents/s3e/lib/x86/darwin/libs3e_api_iwgl.a(__glMaterialx.o)
[481] /Applications/Marmalade.app/Contents/s3e/lib/x86/darwin/libs3e_api_iwgl.a(__glMaterialxv.o)
[482] /Applications/Marmalade.app/Contents/s3e/lib/x86/darwin/libs3e_api_iwgl.a(__glMatrixMode.o)
[483] /Applications/Marmalade.app/Contents/s3e/lib/x86/darwin/libs3e_api_iwgl.a(__glMultMatrixf.o)
[484] /Applications/Marmalade.app/Contents/s3e/lib/x86/darwin/libs3e_api_iwgl.a(__glMultMatrixx.o)
[485] /Applications/Marmalade.app/Contents/s3e/lib/x86/darwin/libs3e_api_iwgl.a(__glMultiTexCoord4f.o)
[486] /Applications/Marmalade.app/Contents/s3e/lib/x86/darwin/libs3e_api_iwgl.a(__glMultiTexCoord4x.o)
[487] /Applications/Marmalade.app/Contents/s3e/lib/x86/darwin/libs3e_api_iwgl.a(__glNormal3f.o)
[488] /Applications/Marmalade.app/Contents/s3e/lib/x86/darwin/libs3e_api_iwgl.a(__glNormal3x.o)
[489] /Applications/Marmalade.app/Contents/s3e/lib/x86/darwin/libs3e_api_iwgl.a(__glNormalPointer.o)
[490] /Applications/Marmalade.app/Contents/s3e/lib/x86/darwin/libs3e_api_iwgl.a(__glOrthof.o)
[491] /Applications/Marmalade.app/Contents/s3e/lib/x86/darwin/libs3e_api_iwgl.a(__glOrthox.o)
[492] /Applications/Marmalade.app/Contents/s3e/lib/x86/darwin/libs3e_api_iwgl.a(__glPixelStorei.o)
[493] /Applications/Marmalade.app/Contents/s3e/lib/x86/darwin/libs3e_api_iwgl.a(__glPolygonOffset.o)
[494] /Applications/Marmalade.app/Contents/s3e/lib/x86/darwin/libs3e_api_iwgl.a(__glPolygonOffsetx.o)
[495] /Applications/Marmalade.app/Contents/s3e/lib/x86/darwin/libs3e_api_iwgl.a(__glReadBuffer.o)
[496] /Applications/Marmalade.app/Contents/s3e/lib/x86/darwin/libs3e_api_iwgl.a(__glReadPixels.o)
[497] /Applications/Marmalade.app/Contents/s3e/lib/x86/darwin/libs3e_api_iwgl.a(__glRenderbufferStorage.o)
[498] /Applications/Marmalade.app/Contents/s3e/lib/x86/darwin/libs3e_api_iwgl.a(__glRenderbufferStorageMultisample.o)
[499] /Applications/Marmalade.app/Contents/s3e/lib/x86/darwin/libs3e_api_iwgl.a(__glRotatef.o)
[500] /Applications/Marmalade.app/Contents/s3e/lib/x86/darwin/libs3e_api_iwgl.a(__glRotatex.o)
[501] /Applications/Marmalade.app/Contents/s3e/lib/x86/darwin/libs3e_api_iwgl.a(__glSamplerParameterf.o)
[502] /Applications/Marmalade.app/Contents/s3e/lib/x86/darwin/libs3e_api_iwgl.a(__glSamplerParameteri.o)
[503] /Applications/Marmalade.app/Contents/s3e/lib/x86/darwin/libs3e_api_iwgl.a(__glScalef.o)
[504] /Applications/Marmalade.app/Contents/s3e/lib/x86/darwin/libs3e_api_iwgl.a(__glScalex.o)
[505] /Applications/Marmalade.app/Contents/s3e/lib/x86/darwin/libs3e_api_iwgl.a(__glScissor.o)
[506] /Applications/Marmalade.app/Contents/s3e/lib/x86/darwin/libs3e_api_iwgl.a(__glShadeModel.o)
[507] /Applications/Marmalade.app/Contents/s3e/lib/x86/darwin/libs3e_api_iwgl.a(__glShaderBinary.o)
[508] /Applications/Marmalade.app/Contents/s3e/lib/x86/darwin/libs3e_api_iwgl.a(__glShaderSource.o)
[509] /Applications/Marmalade.app/Contents/s3e/lib/x86/darwin/libs3e_api_iwgl.a(__glStencilFunc.o)
[510] /Applications/Marmalade.app/Contents/s3e/lib/x86/darwin/libs3e_api_iwgl.a(__glStencilFuncSeparate.o)
[511] /Applications/Marmalade.app/Contents/s3e/lib/x86/darwin/libs3e_api_iwgl.a(__glStencilMask.o)
[512] /Applications/Marmalade.app/Contents/s3e/lib/x86/darwin/libs3e_api_iwgl.a(__glStencilMaskSeparate.o)
[513] /Applications/Marmalade.app/Contents/s3e/lib/x86/darwin/libs3e_api_iwgl.a(__glStencilOp.o)
[514] /Applications/Marmalade.app/Contents/s3e/lib/x86/darwin/libs3e_api_iwgl.a(__glStencilOpSeparate.o)
[515] /Applications/Marmalade.app/Contents/s3e/lib/x86/darwin/libs3e_api_iwgl.a(__glTexCoordPointer.o)
[516] /Applications/Marmalade.app/Contents/s3e/lib/x86/darwin/libs3e_api_iwgl.a(__glTexEnvf.o)
[517] /Applications/Marmalade.app/Contents/s3e/lib/x86/darwin/libs3e_api_iwgl.a(__glTexEnvfv.o)
[518] /Applications/Marmalade.app/Contents/s3e/lib/x86/darwin/libs3e_api_iwgl.a(__glTexEnvi.o)
[519] /Applications/Marmalade.app/Contents/s3e/lib/x86/darwin/libs3e_api_iwgl.a(__glTexEnvx.o)
[520] /Applications/Marmalade.app/Contents/s3e/lib/x86/darwin/libs3e_api_iwgl.a(__glTexEnvxv.o)
[521] /Applications/Marmalade.app/Contents/s3e/lib/x86/darwin/libs3e_api_iwgl.a(__glTexImage2D.o)
[522] /Applications/Marmalade.app/Contents/s3e/lib/x86/darwin/libs3e_api_iwgl.a(__glTexImage3D.o)
[523] /Applications/Marmalade.app/Contents/s3e/lib/x86/darwin/libs3e_api_iwgl.a(__glTexParameterf.o)
[524] /Applications/Marmalade.app/Contents/s3e/lib/x86/darwin/libs3e_api_iwgl.a(__glTexParameteri.o)
[525] /Applications/Marmalade.app/Contents/s3e/lib/x86/darwin/libs3e_api_iwgl.a(__glTexParameterx.o)
[526] /Applications/Marmalade.app/Contents/s3e/lib/x86/darwin/libs3e_api_iwgl.a(__glTexSubImage2D.o)
[527] /Applications/Marmalade.app/Contents/s3e/lib/x86/darwin/libs3e_api_iwgl.a(__glTransformFeedbackVaryings.o)
[528] /Applications/Marmalade.app/Contents/s3e/lib/x86/darwin/libs3e_api_iwgl.a(__glTranslatef.o)
[529] /Applications/Marmalade.app/Contents/s3e/lib/x86/darwin/libs3e_api_iwgl.a(__glTranslatex.o)
[530] /Applications/Marmalade.app/Contents/s3e/lib/x86/darwin/libs3e_api_iwgl.a(__glUniform1f.o)
[531] /Applications/Marmalade.app/Contents/s3e/lib/x86/darwin/libs3e_api_iwgl.a(__glUniform1fv.o)
[532] /Applications/Marmalade.app/Contents/s3e/lib/x86/darwin/libs3e_api_iwgl.a(__glUniform1i.o)
[533] /Applications/Marmalade.app/Contents/s3e/lib/x86/darwin/libs3e_api_iwgl.a(__glUniform1iv.o)
[534] /Applications/Marmalade.app/Contents/s3e/lib/x86/darwin/libs3e_api_iwgl.a(__glUniform1uiv.o)
[535] /Applications/Marmalade.app/Contents/s3e/lib/x86/darwin/libs3e_api_iwgl.a(__glUniform2fv.o)
[536] /Applications/Marmalade.app/Contents/s3e/lib/x86/darwin/libs3e_api_iwgl.a(__glUniform2iv.o)
[537] /Applications/Marmalade.app/Contents/s3e/lib/x86/darwin/libs3e_api_iwgl.a(__glUniform2uiv.o)
[538] /Applications/Marmalade.app/Contents/s3e/lib/x86/darwin/libs3e_api_iwgl.a(__glUniform3fv.o)
[539] /Applications/Marmalade.app/Contents/s3e/lib/x86/darwin/libs3e_api_iwgl.a(__glUniform3iv.o)
[540] /Applications/Marmalade.app/Contents/s3e/lib/x86/darwin/libs3e_api_iwgl.a(__glUniform3uiv.o)
[541] /Applications/Marmalade.app/Contents/s3e/lib/x86/darwin/libs3e_api_iwgl.a(__glUniform4f.o)
[542] /Applications/Marmalade.app/Contents/s3e/lib/x86/darwin/libs3e_api_iwgl.a(__glUniform4fv.o)
[543] /Applications/Marmalade.app/Contents/s3e/lib/x86/darwin/libs3e_api_iwgl.a(__glUniform4iv.o)
[544] /Applications/Marmalade.app/Contents/s3e/lib/x86/darwin/libs3e_api_iwgl.a(__glUniform4uiv.o)
[545] /Applications/Marmalade.app/Contents/s3e/lib/x86/darwin/libs3e_api_iwgl.a(__glUniformMatrix2fv.o)
[546] /Applications/Marmalade.app/Contents/s3e/lib/x86/darwin/libs3e_api_iwgl.a(__glUniformMatrix2x3fv.o)
[547] /Applications/Marmalade.app/Contents/s3e/lib/x86/darwin/libs3e_api_iwgl.a(__glUniformMatrix2x4fv.o)
[548] /Applications/Marmalade.app/Contents/s3e/lib/x86/darwin/libs3e_api_iwgl.a(__glUniformMatrix3fv.o)
[549] /Applications/Marmalade.app/Contents/s3e/lib/x86/darwin/libs3e_api_iwgl.a(__glUniformMatrix3x2fv.o)
[550] /Applications/Marmalade.app/Contents/s3e/lib/x86/darwin/libs3e_api_iwgl.a(__glUniformMatrix3x4fv.o)
[551] /Applications/Marmalade.app/Contents/s3e/lib/x86/darwin/libs3e_api_iwgl.a(__glUniformMatrix4fv.o)
[552] /Applications/Marmalade.app/Contents/s3e/lib/x86/darwin/libs3e_api_iwgl.a(__glUniformMatrix4x2fv.o)
[553] /Applications/Marmalade.app/Contents/s3e/lib/x86/darwin/libs3e_api_iwgl.a(__glUniformMatrix4x3fv.o)
[554] /Applications/Marmalade.app/Contents/s3e/lib/x86/darwin/libs3e_api_iwgl.a(__glUseProgram.o)
[555] /Applications/Marmalade.app/Contents/s3e/lib/x86/darwin/libs3e_api_iwgl.a(__glVertexAttribDivisor.o)
[556] /Applications/Marmalade.app/Contents/s3e/lib/x86/darwin/libs3e_api_iwgl.a(__glVertexAttribIPointer.o)
[557] /Applications/Marmalade.app/Contents/s3e/lib/x86/darwin/libs3e_api_iwgl.a(__glVertexAttribPointer.o)
[558] /Applications/Marmalade.app/Contents/s3e/lib/x86/darwin/libs3e_api_iwgl.a(__glVertexPointer.o)
[559] /Applications/Marmalade.app/Contents/s3e/lib/x86/darwin/libs3e_api_iwgl.a(__glViewport.o)
[560] /Applications/Marmalade.app/Contents/s3e/lib/x86/darwin/libs3e_api_iwgl.a(__s3eFreeBase.o)
[561] /Applications/Marmalade.app/Contents/s3e/lib/x86/darwin/libs3e_api_iwgl.a(__s3eMallocBase.o)
[562] /Applications/Marmalade.app/Contents/s3e/lib/x86/darwin/libs3e_api_iwgl.a(__s3eMemorySetUserMemMgr.o)
[563] /Applications/Marmalade.app/Contents/s3e/lib/x86/darwin/libs3e_api_iwgl.a(__s3eReallocBase.o)
[564] /Applications/Marmalade.app/Contents/s3e/lib/x86/darwin/libs3e_api_iwgl.a(eglBindAPI.o)
[565] /Applications/Marmalade.app/Contents/s3e/lib/x86/darwin/libs3e_api_iwgl.a(eglCreateContext.o)
[566] /Applications/Marmalade.app/Contents/s3e/lib/x86/darwin/libs3e_api_iwgl.a(eglCreateWindowSurface.o)
[567] /Applications/Marmalade.app/Contents/s3e/lib/x86/darwin/libs3e_api_iwgl.a(eglDestroyContext.o)
[568] /Applications/Marmalade.app/Contents/s3e/lib/x86/darwin/libs3e_api_iwgl.a(eglDestroySurface.o)
[569] /Applications/Marmalade.app/Contents/s3e/lib/x86/darwin/libs3e_api_iwgl.a(eglGetConfigAttrib.o)
[570] /Applications/Marmalade.app/Contents/s3e/lib/x86/darwin/libs3e_api_iwgl.a(eglGetConfigs.o)
[571] /Applications/Marmalade.app/Contents/s3e/lib/x86/darwin/libs3e_api_iwgl.a(eglGetCurrentContext.o)
[572] /Applications/Marmalade.app/Contents/s3e/lib/x86/darwin/libs3e_api_iwgl.a(eglGetCurrentDisplay.o)
[573] /Applications/Marmalade.app/Contents/s3e/lib/x86/darwin/libs3e_api_iwgl.a(eglGetCurrentSurface.o)
[574] /Applications/Marmalade.app/Contents/s3e/lib/x86/darwin/libs3e_api_iwgl.a(eglGetDisplay.o)
[575] /Applications/Marmalade.app/Contents/s3e/lib/x86/darwin/libs3e_api_iwgl.a(eglGetError.o)
[576] /Applications/Marmalade.app/Contents/s3e/lib/x86/darwin/libs3e_api_iwgl.a(eglInitialize.o)
[577] /Applications/Marmalade.app/Contents/s3e/lib/x86/darwin/libs3e_api_iwgl.a(eglMakeCurrent.o)
[578] /Applications/Marmalade.app/Contents/s3e/lib/x86/darwin/libs3e_api_iwgl.a(eglQueryContext.o)
[579] /Applications/Marmalade.app/Contents/s3e/lib/x86/darwin/libs3e_api_iwgl.a(eglQueryString.o)
[580] /Applications/Marmalade.app/Contents/s3e/lib/x86/darwin/libs3e_api_iwgl.a(eglSwapBuffers.o)
[581] /Applications/Marmalade.app/Contents/s3e/lib/x86/darwin/libs3e_api_iwgl.a(eglTerminate.o)
[582] /Applications/Marmalade.app/Contents/s3e/lib/x86/darwin/libs3e_api_iwgl.a(s3eCompressionDecomp.o)
[583] /Applications/Marmalade.app/Contents/s3e/lib/x86/darwin/libs3e_api_iwgl.a(s3eConfigGetInt.o)
[584] /Applications/Marmalade.app/Contents/s3e/lib/x86/darwin/libs3e_api_iwgl.a(s3eConfigGetString.o)
[585] /Applications/Marmalade.app/Contents/s3e/lib/x86/darwin/libs3e_api_iwgl.a(s3eDebugAssertShow.o)
[586] /Applications/Marmalade.app/Contents/s3e/lib/x86/darwin/libs3e_api_iwgl.a(s3eDebugErrorShow.o)
[587] /Applications/Marmalade.app/Contents/s3e/lib/x86/darwin/libs3e_api_iwgl.a(s3eDebugGetInt.o)
[588] /Applications/Marmalade.app/Contents/s3e/lib/x86/darwin/libs3e_api_iwgl.a(s3eDebugIsDebuggerPresent.o)
[589] /Applications/Marmalade.app/Contents/s3e/lib/x86/darwin/libs3e_api_iwgl.a(s3eDebugOutputString.o)
[590] /Applications/Marmalade.app/Contents/s3e/lib/x86/darwin/libs3e_api_iwgl.a(s3eDebugPrint.o)
[591] /Applications/Marmalade.app/Contents/s3e/lib/x86/darwin/libs3e_api_iwgl.a(s3eDebugRegister.o)
[592] /Applications/Marmalade.app/Contents/s3e/lib/x86/darwin/libs3e_api_iwgl.a(s3eDebugTraceLine.o)
[593] /Applications/Marmalade.app/Contents/s3e/lib/x86/darwin/libs3e_api_iwgl.a(s3eDeviceCheckQuitRequest.o)
[594] /Applications/Marmalade.app/Contents/s3e/lib/x86/darwin/libs3e_api_iwgl.a(s3eDeviceExit.o)
[595] /Applications/Marmalade.app/Contents/s3e/lib/x86/darwin/libs3e_api_iwgl.a(s3eDeviceGetInt.o)
[596] /Applications/Marmalade.app/Contents/s3e/lib/x86/darwin/libs3e_api_iwgl.a(s3eDeviceGetString.o)
[597] /Applications/Marmalade.app/Contents/s3e/lib/x86/darwin/libs3e_api_iwgl.a(s3eDeviceRegister.o)
[598] /Applications/Marmalade.app/Contents/s3e/lib/x86/darwin/libs3e_api_iwgl.a(s3eDeviceSetInt.o)
[599] /Applications/Marmalade.app/Contents/s3e/lib/x86/darwin/libs3e_api_iwgl.a(s3eDeviceUnRegister.o)
[600] /Applications/Marmalade.app/Contents/s3e/lib/x86/darwin/libs3e_api_iwgl.a(s3eDeviceYield.o)
[601] /Applications/Marmalade.app/Contents/s3e/lib/x86/darwin/libs3e_api_iwgl.a(s3eDeviceYieldUntilEvent.o)
[602] /Applications/Marmalade.app/Contents/s3e/lib/x86/darwin/libs3e_api_iwgl.a(s3eExtGetHash.o)
[603] /Applications/Marmalade.app/Contents/s3e/lib/x86/darwin/libs3e_api_iwgl.a(s3eFileCheckExists.o)
[604] /Applications/Marmalade.app/Contents/s3e/lib/x86/darwin/libs3e_api_iwgl.a(s3eFileClose.o)
[605] /Applications/Marmalade.app/Contents/s3e/lib/x86/darwin/libs3e_api_iwgl.a(s3eFileDelete.o)
[606] /Applications/Marmalade.app/Contents/s3e/lib/x86/darwin/libs3e_api_iwgl.a(s3eFileEOF.o)
[607] /Applications/Marmalade.app/Contents/s3e/lib/x86/darwin/libs3e_api_iwgl.a(s3eFileGetChar.o)
[608] /Applications/Marmalade.app/Contents/s3e/lib/x86/darwin/libs3e_api_iwgl.a(s3eFileGetError.o)
[609] /Applications/Marmalade.app/Contents/s3e/lib/x86/darwin/libs3e_api_iwgl.a(s3eFileGetErrorString.o)
[610] /Applications/Marmalade.app/Contents/s3e/lib/x86/darwin/libs3e_api_iwgl.a(s3eFileGetFileInt.o)
[611] /Applications/Marmalade.app/Contents/s3e/lib/x86/darwin/libs3e_api_iwgl.a(s3eFileGetFileString.o)
[612] /Applications/Marmalade.app/Contents/s3e/lib/x86/darwin/libs3e_api_iwgl.a(s3eFileGetSize.o)
[613] /Applications/Marmalade.app/Contents/s3e/lib/x86/darwin/libs3e_api_iwgl.a(s3eFileListClose.o)
[614] /Applications/Marmalade.app/Contents/s3e/lib/x86/darwin/libs3e_api_iwgl.a(s3eFileListDirectory.o)
[615] /Applications/Marmalade.app/Contents/s3e/lib/x86/darwin/libs3e_api_iwgl.a(s3eFileListNext.o)
[616] /Applications/Marmalade.app/Contents/s3e/lib/x86/darwin/libs3e_api_iwgl.a(s3eFileMakeDirectory.o)
[617] /Applications/Marmalade.app/Contents/s3e/lib/x86/darwin/libs3e_api_iwgl.a(s3eFileOpen.o)
[618] /Applications/Marmalade.app/Contents/s3e/lib/x86/darwin/libs3e_api_iwgl.a(s3eFileRead.o)
[619] /Applications/Marmalade.app/Contents/s3e/lib/x86/darwin/libs3e_api_iwgl.a(s3eFileSeek.o)
[620] /Applications/Marmalade.app/Contents/s3e/lib/x86/darwin/libs3e_api_iwgl.a(s3eFileTell.o)
[621] /Applications/Marmalade.app/Contents/s3e/lib/x86/darwin/libs3e_api_iwgl.a(s3eFileWrite.o)
[622] /Applications/Marmalade.app/Contents/s3e/lib/x86/darwin/libs3e_api_iwgl.a(s3eFreeBase.o)
[623] /Applications/Marmalade.app/Contents/s3e/lib/x86/darwin/libs3e_api_iwgl.a(s3eGLGetInt.o)
[624] /Applications/Marmalade.app/Contents/s3e/lib/x86/darwin/libs3e_api_iwgl.a(s3eGLGetNativeWindow.o)
[625] /Applications/Marmalade.app/Contents/s3e/lib/x86/darwin/libs3e_api_iwgl.a(s3eGLRegister.o)
[626] /Applications/Marmalade.app/Contents/s3e/lib/x86/darwin/libs3e_api_iwgl.a(s3eGLUnRegister.o)
[627] /Applications/Marmalade.app/Contents/s3e/lib/x86/darwin/libs3e_api_iwgl.a(s3eKeyboardRegister.o)
[628] /Applications/Marmalade.app/Contents/s3e/lib/x86/darwin/libs3e_api_iwgl.a(s3eKeyboardSetInt.o)
[629] /Applications/Marmalade.app/Contents/s3e/lib/x86/darwin/libs3e_api_iwgl.a(s3eKeyboardUpdate.o)
[630] /Applications/Marmalade.app/Contents/s3e/lib/x86/darwin/libs3e_api_iwgl.a(s3eMallocBase.o)
[631] /Applications/Marmalade.app/Contents/s3e/lib/x86/darwin/libs3e_api_iwgl.a(s3eMemoryGetInt.o)
[632] /Applications/Marmalade.app/Contents/s3e/lib/x86/darwin/libs3e_api_iwgl.a(s3eMemoryHeapCreate.o)
[633] /Applications/Marmalade.app/Contents/s3e/lib/x86/darwin/libs3e_api_iwgl.a(s3eMemorySetInt.o)
[634] /Applications/Marmalade.app/Contents/s3e/lib/x86/darwin/libs3e_api_iwgl.a(s3ePointerGetX.o)
[635] /Applications/Marmalade.app/Contents/s3e/lib/x86/darwin/libs3e_api_iwgl.a(s3ePointerGetY.o)
[636] /Applications/Marmalade.app/Contents/s3e/lib/x86/darwin/libs3e_api_iwgl.a(s3ePointerUpdate.o)
[637] /Applications/Marmalade.app/Contents/s3e/lib/x86/darwin/libs3e_api_iwgl.a(s3eReallocBase.o)
[638] /Applications/Marmalade.app/Contents/s3e/lib/x86/darwin/libs3e_api_iwgl.a(s3eSocketClose.o)
[639] /Applications/Marmalade.app/Contents/s3e/lib/x86/darwin/libs3e_api_iwgl.a(s3eSurfaceGetInt.o)
[640] /Applications/Marmalade.app/Contents/s3e/lib/x86/darwin/libs3e_api_iwgl.a(s3eSurfacePtr.o)
[641] /Applications/Marmalade.app/Contents/s3e/lib/x86/darwin/libs3e_api_iwgl.a(s3eSurfaceRegister.o)
[642] /Applications/Marmalade.app/Contents/s3e/lib/x86/darwin/libs3e_api_iwgl.a(s3eSurfaceSetup.o)
[643] /Applications/Marmalade.app/Contents/s3e/lib/x86/darwin/libs3e_api_iwgl.a(s3eSurfaceShow.o)
[644] /Applications/Marmalade.app/Contents/s3e/lib/x86/darwin/libs3e_api_iwgl.a(s3eSurfaceUnRegister.o)
[645] /Applications/Marmalade.app/Contents/s3e/lib/x86/darwin/libs3e_api_iwgl.a(s3eTimerGetLocaltimeOffset.o)
[646] /Applications/Marmalade.app/Contents/s3e/lib/x86/darwin/libs3e_api_iwgl.a(s3eTimerGetMs.o)
[647] /Applications/Marmalade.app/Contents/s3e/lib/x86/darwin/libs3e_api_iwgl.a(s3eTimerGetUTC.o)
[648] /Applications/Marmalade.app/Contents/s3e/lib/x86/darwin/libs3e_api_iwgl.a(s3eTimerSetTimer.o)
[649] /Applications/Xcode.app/Contents/Developer/Platforms/MacOSX.platform/Developer/SDKs/MacOSX10.9.sdk/usr/lib/libc++.dylib
[650] /Applications/Marmalade.app/Contents/s3e/lib/x86/darwin/libm.a(lib_a-e_atan2.o)
[651] /Applications/Marmalade.app/Contents/s3e/lib/x86/darwin/libm.a(lib_a-e_pow.o)
[652] /Applications/Marmalade.app/Contents/s3e/lib/x86/darwin/libm.a(lib_a-e_rem_pio2.o)
[653] /Applications/Marmalade.app/Contents/s3e/lib/x86/darwin/libm.a(lib_a-e_sqrt.o)
[654] /Applications/Marmalade.app/Contents/s3e/lib/x86/darwin/libm.a(lib_a-k_cos.o)
[655] /Applications/Marmalade.app/Contents/s3e/lib/x86/darwin/libm.a(lib_a-k_rem_pio2.o)
[656] /Applications/Marmalade.app/Contents/s3e/lib/x86/darwin/libm.a(lib_a-k_sin.o)
[657] /Applications/Marmalade.app/Contents/s3e/lib/x86/darwin/libm.a(lib_a-s_atan.o)
[658] /Applications/Marmalade.app/Contents/s3e/lib/x86/darwin/libm.a(lib_a-s_ceil.o)
[659] /Applications/Marmalade.app/Contents/s3e/lib/x86/darwin/libm.a(lib_a-s_copysign.o)
[660] /Applications/Marmalade.app/Contents/s3e/lib/x86/darwin/libm.a(lib_a-s_cos.o)
[661] /Applications/Marmalade.app/Contents/s3e/lib/x86/darwin/libm.a(lib_a-s_fabs.o)
[662] /Applications/Marmalade.app/Contents/s3e/lib/x86/darwin/libm.a(lib_a-s_finite.o)
[663] /Applications/Marmalade.app/Contents/s3e/lib/x86/darwin/libm.a(lib_a-s_floor.o)
[664] /Applications/Marmalade.app/Contents/s3e/lib/x86/darwin/libm.a(lib_a-s_fpclassify.o)
[665] /Applications/Marmalade.app/Contents/s3e/lib/x86/darwin/libm.a(lib_a-s_frexp.o)
[666] /Applications/Marmalade.app/Contents/s3e/lib/x86/darwin/libm.a(lib_a-s_lib_ver.o)
[667] /Applications/Marmalade.app/Contents/s3e/lib/x86/darwin/libm.a(lib_a-s_matherr.o)
[668] /Applications/Marmalade.app/Contents/s3e/lib/x86/darwin/libm.a(lib_a-s_nan.o)
[669] /Applications/Marmalade.app/Contents/s3e/lib/x86/darwin/libm.a(lib_a-s_rint.o)
[670] /Applications/Marmalade.app/Contents/s3e/lib/x86/darwin/libm.a(lib_a-s_scalbn.o)
[671] /Applications/Marmalade.app/Contents/s3e/lib/x86/darwin/libm.a(lib_a-s_sin.o)
[672] /Applications/Marmalade.app/Contents/s3e/lib/x86/darwin/libm.a(lib_a-sf_nan.o)
[673] /Applications/Marmalade.app/Contents/s3e/lib/x86/darwin/libm.a(lib_a-w_atan2.o)
[674] /Applications/Marmalade.app/Contents/s3e/lib/x86/darwin/libm.a(lib_a-w_pow.o)
[675] /Applications/Marmalade.app/Contents/s3e/lib/x86/darwin/libm.a(lib_a-w_sqrt.o)
[676] /Applications/Marmalade.app/Contents/s3e/lib/x86/darwin/libm.a(lib_a-wf_fmod.o)
[677] /Applications/Marmalade.app/Contents/s3e/lib/x86/darwin/libc.a(lib_a-abs.o)
[678] /Applications/Marmalade.app/Contents/s3e/lib/x86/darwin/libc.a(lib_a-atof.o)
[679] /Applications/Marmalade.app/Contents/s3e/lib/x86/darwin/libc.a(lib_a-bzero.o)
[680] /Applications/Marmalade.app/Contents/s3e/lib/x86/darwin/libc.a(lib_a-closer.o)
[681] /Applications/Marmalade.app/Contents/s3e/lib/x86/darwin/libc.a(lib_a-ctype_.o)
[682] /Applications/Marmalade.app/Contents/s3e/lib/x86/darwin/libc.a(lib_a-div.o)
[683] /Applications/Marmalade.app/Contents/s3e/lib/x86/darwin/libc.a(lib_a-envlock.o)
[684] /Applications/Marmalade.app/Contents/s3e/lib/x86/darwin/libc.a(lib_a-errno.o)
[685] /Applications/Marmalade.app/Contents/s3e/lib/x86/darwin/libc.a(lib_a-fclose.o)
[686] /Applications/Marmalade.app/Contents/s3e/lib/x86/darwin/libc.a(lib_a-fflush.o)
[687] /Applications/Marmalade.app/Contents/s3e/lib/x86/darwin/libc.a(lib_a-findfp.o)
[688] /Applications/Marmalade.app/Contents/s3e/lib/x86/darwin/libc.a(lib_a-flags.o)
[689] /Applications/Marmalade.app/Contents/s3e/lib/x86/darwin/libc.a(lib_a-fopen.o)
[690] /Applications/Marmalade.app/Contents/s3e/lib/x86/darwin/libc.a(lib_a-fprintf.o)
[691] /Applications/Marmalade.app/Contents/s3e/lib/x86/darwin/libc.a(lib_a-fputc.o)
[692] /Applications/Marmalade.app/Contents/s3e/lib/x86/darwin/libc.a(lib_a-fputs.o)
[693] /Applications/Marmalade.app/Contents/s3e/lib/x86/darwin/libc.a(lib_a-fputwc.o)
[694] /Applications/Marmalade.app/Contents/s3e/lib/x86/darwin/libc.a(lib_a-fseek.o)
[695] /Applications/Marmalade.app/Contents/s3e/lib/x86/darwin/libc.a(lib_a-fstatr.o)
[696] /Applications/Marmalade.app/Contents/s3e/lib/x86/darwin/libc.a(lib_a-fvwrite.o)
[697] /Applications/Marmalade.app/Contents/s3e/lib/x86/darwin/libc.a(lib_a-fwalk.o)
[698] /Applications/Marmalade.app/Contents/s3e/lib/x86/darwin/libc.a(lib_a-fwrite.o)
[699] /Applications/Marmalade.app/Contents/s3e/lib/x86/darwin/libc.a(lib_a-gdtoa-gethex.o)
[700] /Applications/Marmalade.app/Contents/s3e/lib/x86/darwin/libc.a(lib_a-gdtoa-hexnan.o)
[701] /Applications/Marmalade.app/Contents/s3e/lib/x86/darwin/libc.a(lib_a-getenv_r.o)
[702] /Applications/Marmalade.app/Contents/s3e/lib/x86/darwin/libc.a(lib_a-gettimeofdayr.o)
[703] /Applications/Marmalade.app/Contents/s3e/lib/x86/darwin/libc.a(lib_a-gettzinfo.o)
[704] /Applications/Marmalade.app/Contents/s3e/lib/x86/darwin/libc.a(lib_a-gmtime.o)
[705] /Applications/Marmalade.app/Contents/s3e/lib/x86/darwin/libc.a(lib_a-gmtime_r.o)
[706] /Applications/Marmalade.app/Contents/s3e/lib/x86/darwin/libc.a(lib_a-impure.o)
[707] /Applications/Marmalade.app/Contents/s3e/lib/x86/darwin/libc.a(lib_a-isattyr.o)
[708] /Applications/Marmalade.app/Contents/s3e/lib/x86/darwin/libc.a(lib_a-isspace.o)
[709] /Applications/Marmalade.app/Contents/s3e/lib/x86/darwin/libc.a(lib_a-iswspace.o)
[710] /Applications/Marmalade.app/Contents/s3e/lib/x86/darwin/libc.a(lib_a-jp2uc.o)
[711] /Applications/Marmalade.app/Contents/s3e/lib/x86/darwin/libc.a(lib_a-labs.o)
[712] /Applications/Marmalade.app/Contents/s3e/lib/x86/darwin/libc.a(lib_a-ldtoa.o)
[713] /Applications/Marmalade.app/Contents/s3e/lib/x86/darwin/libc.a(lib_a-locale.o)
[714] /Applications/Marmalade.app/Contents/s3e/lib/x86/darwin/libc.a(lib_a-lseekr.o)
[715] /Applications/Marmalade.app/Contents/s3e/lib/x86/darwin/libc.a(lib_a-makebuf.o)
[716] /Applications/Marmalade.app/Contents/s3e/lib/x86/darwin/libc.a(lib_a-mbrtowc.o)
[717] /Applications/Marmalade.app/Contents/s3e/lib/x86/darwin/libc.a(lib_a-mbtowc_r.o)
[718] /Applications/Marmalade.app/Contents/s3e/lib/x86/darwin/libc.a(lib_a-memchr.o)
[719] /Applications/Marmalade.app/Contents/s3e/lib/x86/darwin/libc.a(lib_a-memcmp.o)
[720] /Applications/Marmalade.app/Contents/s3e/lib/x86/darwin/libc.a(lib_a-memcpy.o)
[721] /Applications/Marmalade.app/Contents/s3e/lib/x86/darwin/libc.a(lib_a-memmove.o)
[722] /Applications/Marmalade.app/Contents/s3e/lib/x86/darwin/libc.a(lib_a-memset.o)
[723] /Applications/Marmalade.app/Contents/s3e/lib/x86/darwin/libc.a(lib_a-mktime.o)
[724] /Applications/Marmalade.app/Contents/s3e/lib/x86/darwin/libc.a(lib_a-mktm_r.o)
[725] /Applications/Marmalade.app/Contents/s3e/lib/x86/darwin/libc.a(lib_a-mprec.o)
[726] /Applications/Marmalade.app/Contents/s3e/lib/x86/darwin/libc.a(lib_a-openr.o)
[727] /Applications/Marmalade.app/Contents/s3e/lib/x86/darwin/libc.a(lib_a-printf.o)
[728] /Applications/Marmalade.app/Contents/s3e/lib/x86/darwin/libc.a(lib_a-putc.o)
[729] /Applications/Marmalade.app/Contents/s3e/lib/x86/darwin/libc.a(lib_a-puts.o)
[730] /Applications/Marmalade.app/Contents/s3e/lib/x86/darwin/libc.a(lib_a-rand.o)
[731] /Applications/Marmalade.app/Contents/s3e/lib/x86/darwin/libc.a(lib_a-readr.o)
[732] /Applications/Marmalade.app/Contents/s3e/lib/x86/darwin/libc.a(lib_a-refill.o)
[733] /Applications/Marmalade.app/Contents/s3e/lib/x86/darwin/libc.a(lib_a-sccl.o)
[734] /Applications/Marmalade.app/Contents/s3e/lib/x86/darwin/libc.a(lib_a-snprintf.o)
[735] /Applications/Marmalade.app/Contents/s3e/lib/x86/darwin/libc.a(lib_a-sprintf.o)
[736] /Applications/Marmalade.app/Contents/s3e/lib/x86/darwin/libc.a(lib_a-sscanf.o)
[737] /Applications/Marmalade.app/Contents/s3e/lib/x86/darwin/libc.a(lib_a-stdio.o)
[738] /Applications/Marmalade.app/Contents/s3e/lib/x86/darwin/libc.a(lib_a-strcasecmp.o)
[739] /Applications/Marmalade.app/Contents/s3e/lib/x86/darwin/libc.a(lib_a-strcat.o)
[740] /Applications/Marmalade.app/Contents/s3e/lib/x86/darwin/libc.a(lib_a-strchr.o)
[741] /Applications/Marmalade.app/Contents/s3e/lib/x86/darwin/libc.a(lib_a-strcmp.o)
[742] /Applications/Marmalade.app/Contents/s3e/lib/x86/darwin/libc.a(lib_a-strcpy.o)
[743] /Applications/Marmalade.app/Contents/s3e/lib/x86/darwin/libc.a(lib_a-strerror.o)
[744] /Applications/Marmalade.app/Contents/s3e/lib/x86/darwin/libc.a(lib_a-strftime.o)
[745] /Applications/Marmalade.app/Contents/s3e/lib/x86/darwin/libc.a(lib_a-strlen.o)
[746] /Applications/Marmalade.app/Contents/s3e/lib/x86/darwin/libc.a(lib_a-strncat.o)
[747] /Applications/Marmalade.app/Contents/s3e/lib/x86/darwin/libc.a(lib_a-strncmp.o)
[748] /Applications/Marmalade.app/Contents/s3e/lib/x86/darwin/libc.a(lib_a-strncpy.o)
[749] /Applications/Marmalade.app/Contents/s3e/lib/x86/darwin/libc.a(lib_a-strstr.o)
[750] /Applications/Marmalade.app/Contents/s3e/lib/x86/darwin/libc.a(lib_a-strtod.o)
[751] /Applications/Marmalade.app/Contents/s3e/lib/x86/darwin/libc.a(lib_a-strtol.o)
[752] /Applications/Marmalade.app/Contents/s3e/lib/x86/darwin/libc.a(lib_a-strtoll_r.o)
[753] /Applications/Marmalade.app/Contents/s3e/lib/x86/darwin/libc.a(lib_a-strtoul.o)
[754] /Applications/Marmalade.app/Contents/s3e/lib/x86/darwin/libc.a(lib_a-strtoull_r.o)
[755] /Applications/Marmalade.app/Contents/s3e/lib/x86/darwin/libc.a(lib_a-svfiprintf.o)
[756] /Applications/Marmalade.app/Contents/s3e/lib/x86/darwin/libc.a(lib_a-svfiscanf.o)
[757] /Applications/Marmalade.app/Contents/s3e/lib/x86/darwin/libc.a(lib_a-svfprintf.o)
[758] /Applications/Marmalade.app/Contents/s3e/lib/x86/darwin/libc.a(lib_a-svfscanf.o)
[759] /Applications/Marmalade.app/Contents/s3e/lib/x86/darwin/libc.a(lib_a-time.o)
[760] /Applications/Marmalade.app/Contents/s3e/lib/x86/darwin/libc.a(lib_a-timelocal.o)
[761] /Applications/Marmalade.app/Contents/s3e/lib/x86/darwin/libc.a(lib_a-tolower.o)
[762] /Applications/Marmalade.app/Contents/s3e/lib/x86/darwin/libc.a(lib_a-tzlock.o)
[763] /Applications/Marmalade.app/Contents/s3e/lib/x86/darwin/libc.a(lib_a-tzset.o)
[764] /Applications/Marmalade.app/Contents/s3e/lib/x86/darwin/libc.a(lib_a-tzset_r.o)
[765] /Applications/Marmalade.app/Contents/s3e/lib/x86/darwin/libc.a(lib_a-tzvars.o)
[766] /Applications/Marmalade.app/Contents/s3e/lib/x86/darwin/libc.a(lib_a-u_strerr.o)
[767] /Applications/Marmalade.app/Contents/s3e/lib/x86/darwin/libc.a(lib_a-ungetc.o)
[768] /Applications/Marmalade.app/Contents/s3e/lib/x86/darwin/libc.a(lib_a-vfiprintf.o)
[769] /Applications/Marmalade.app/Contents/s3e/lib/x86/darwin/libc.a(lib_a-vfprintf.o)
[770] /Applications/Marmalade.app/Contents/s3e/lib/x86/darwin/libc.a(lib_a-vsnprintf.o)
[771] /Applications/Marmalade.app/Contents/s3e/lib/x86/darwin/libc.a(lib_a-vsprintf.o)
[772] /Applications/Marmalade.app/Contents/s3e/lib/x86/darwin/libc.a(lib_a-wbuf.o)
[773] /Applications/Marmalade.app/Contents/s3e/lib/x86/darwin/libc.a(lib_a-wcrtomb.o)
[774] /Applications/Marmalade.app/Contents/s3e/lib/x86/darwin/libc.a(lib_a-wcsnrtombs.o)
[775] /Applications/Marmalade.app/Contents/s3e/lib/x86/darwin/libc.a(lib_a-wcsrtombs.o)
[776] /Applications/Marmalade.app/Contents/s3e/lib/x86/darwin/libc.a(lib_a-wctomb_r.o)
[777] /Applications/Marmalade.app/Contents/s3e/lib/x86/darwin/libc.a(lib_a-writer.o)
[778] /Applications/Marmalade.app/Contents/s3e/lib/x86/darwin/libc.a(lib_a-wsetup.o)
[779] /Applications/Xcode.app/Contents/Developer/Platforms/MacOSX.platform/Developer/SDKs/MacOSX10.9.sdk/usr/lib/libSystem.dylib
# Sections:
# Address	Size    	Segment	Section
0x00000C90	0x000E30CB	__TEXT	__text
0x000E3D5C	0x0000003C	__TEXT	__symbol_stub
0x000E3D98	0x00000070	__TEXT	__stub_helper
0x000E3E08	0x0001F175	__TEXT	__cstring
0x00102F80	0x00008062	__TEXT	__const
0x0010AFE2	0x00000016	__TEXT	__ustring
0x0010B000	0x00000458	__DATA	__nl_symbol_ptr
0x0010B458	0x00000028	__DATA	__la_symbol_ptr
0x0010B480	0x00000050	__DATA	__mod_init_func
0x0010B4E0	0x000012FC	__DATA	__const
0x0010C7E0	0x00CFD500	__DATA	__data
0x00E09CE0	0x000132A0	__DATA	__common
0x00E1CF80	0x0001129A	__DATA	__bss
# Symbols:
# Address	Size    	File  Name
0x00000C90	0x000000A0	[  1] _PVRTexToolConvert
0x00000D30	0x000000D0	[  1] __ZL8_extLoadv
0x00000E00	0x0000008D	[  1] _PVRTexToolFree
0x00000E90	0x00000120	[  2] _main
0x00000FB0	0x00000170	[  2] __ZL9IwGxClearj
0x00001120	0x0000000B	[  2] __ZL11IwDebugExitv
0x0000112B	0x00000190	[  3] __Z13IwListAddNodeP11CIwListNodeS0_
0x000012BB	0x0000000B	[  3] __ZL11IwDebugExitv
0x000012C6	0x00000188	[  3] __Z16IwListRemoveNodeP11CIwListNodeS0_
0x00001450	0x000003FF	[  4] __Z14do_check_chunkP12malloc_chunkP12malloc_state
0x0000184F	0x0000000B	[  4] __ZL11IwDebugExitv
0x0000185A	0x000007A8	[  4] __Z19do_check_free_chunkP12malloc_chunkP12malloc_state
0x00002002	0x0000039F	[  4] __Z20do_check_inuse_chunkP12malloc_chunkP12malloc_state
0x000023A1	0x000003D8	[  4] __Z25do_check_remalloced_chunkP12malloc_chunkjP12malloc_state
0x00002779	0x000000E3	[  4] __Z23do_check_malloced_chunkP12malloc_chunkjP12malloc_state
0x0000285C	0x00000DE2	[  4] __Z21do_check_malloc_stateP12malloc_state
0x0000363E	0x00000764	[  4] __Z9sYSMALLOcP12malloc_statej
0x00003DA2	0x000001B8	[  4] _DL_Malloc_malloc_consolidate
0x00003F5A	0x0000064D	[  4] _DL_Malloc_malloc
0x000045A7	0x0000013F	[  4] _DL_Malloc_free
0x000046E6	0x00000572	[  4] _DL_Malloc_realloc
0x00004C59	0x0000012F	[  4] _DL_Malloc_mallinfo
0x00004D88	0x00000050	[  5] __ZN15CIwColourOctreeC1Ejj
[...]
0x00E2C513	0x00000001	[280] __ZZN16CIwGLErrorSentryC1EPKczE21_s_IwAssertIgnoreThis
0x00E2C514	0x00000001	[280] __ZZN16CIwGLErrorSentryC1EPKczE21_s_IwAssertIgnoreThis_0
0x00E2C515	0x00000001	[280] __ZZN16CIwGLErrorSentryC1EPKczE21_s_IwAssertIgnoreThis_1
0x00E2C516	0x00000001	[280] __ZZN16CIwGLErrorSentryD1EvE21_s_IwAssertIgnoreThis
0x00E2C517	0x00000001	[280] __ZZ14IwGLCheckErrorE21_s_IwAssertIgnoreThis
0x00E2C518	0x00000001	[280] __ZZ10IwGLSetIntE21_s_IwAssertIgnoreThis
0x00E2C519	0x00000001	[280] __ZZ10IwGLGetIntE21_s_IwAssertIgnoreThis
0x00E2C51A	0x00000001	[281] __ZZL7CompilejPKcE21_s_IwAssertIgnoreThis
0x00E2C51C	0x00000004	[282] __ZL17s_EGLMajorVersion
0x00E2C520	0x00000004	[282] __ZL17s_EGLMinorVersion
0x00E2C524	0x00000001	[282] __ZZ18_IwGLCreateContextvE21_s_IwAssertIgnoreThis
0x00E2C525	0x00000001	[282] __ZZ18_IwGLCreateContextvE21_s_IwAssertIgnoreThis_0
0x00E2C526	0x00000001	[282] __ZZ18_IwGLCreateContextvE21_s_IwAssertIgnoreThis_1
0x00E2C527	0x00000001	[282] __ZZ12_IwGLInitEGLE6s_Once
0x00E2C528	0x00000001	[282] __ZZ17_IwGLTerminateEGLE21_s_IwAssertIgnoreThis
0x00E2C529	0x00000001	[282] __ZZ15IwGLSwapBuffersE21_s_IwAssertIgnoreThis
0x00E2C52A	0x00000001	[282] __ZZ15IwGLSwapBuffersE21_s_IwAssertIgnoreThis_0
0x00E2C52B	0x00000001	[284] __ZZ18glProgramBinaryOESE21_s_IwAssertIgnoreThis
0x00E2C52C	0x00000001	[285] __ZZ24IwGLFBOSetImplementationE21_s_IwAssertIgnoreThis
0x00E2C52D	0x00000001	[285] __ZZ24IwGLFBOSetImplementationE21_s_IwAssertIgnoreThis_0
0x00E2C52E	0x00000001	[285] __ZZ24IwGLFBOSetImplementationE21_s_IwAssertIgnoreThis_1
0x00E2C52F	0x00000001	[285] __ZZ24IwGLFBOSetImplementationE21_s_IwAssertIgnoreThis_2
0x00E2C530	0x00000001	[285] __ZZ24IwGLFBOSetImplementationE21_s_IwAssertIgnoreThis_3
0x00E2C531	0x00000001	[285] __ZZ24IwGLFBOSetImplementationE21_s_IwAssertIgnoreThis_4
0x00E2C532	0x00000001	[285] __ZZ24IwGLFBOSetImplementationE21_s_IwAssertIgnoreThis_5
0x00E2C533	0x00000001	[285] __ZZ24IwGLFBOSetImplementationE21_s_IwAssertIgnoreThis_6
0x00E2C534	0x00000001	[285] __ZZ24IwGLFBOSetImplementationE21_s_IwAssertIgnoreThis_7
0x00E2C535	0x00000001	[285] __ZZ24IwGLFBOSetImplementationE21_s_IwAssertIgnoreThis_8
0x00E2C536	0x00000001	[285] __ZZ24IwGLFBOSetImplementationE21_s_IwAssertIgnoreThis_9
0x00E2C537	0x00000001	[285] __ZZ24IwGLFBOSetImplementationE21_s_IwAssertIgnoreThis__10_
0x00E2C538	0x00000001	[285] __ZZ24IwGLFBOSetImplementationE21_s_IwAssertIgnoreThis__11_
0x00E2C539	0x00000001	[285] __ZZ24IwGLFBOSetImplementationE21_s_IwAssertIgnoreThis__12_
0x00E2C53A	0x00000001	[285] __ZZ24IwGLFBOSetImplementationE21_s_IwAssertIgnoreThis__13_
0x00E2C53B	0x00000001	[291] __ZZ25iwgl_glGetUniformLocationE21_s_IwAssertIgnoreThis
0x00E2C53C	0x00000001	[291] __ZZ23IwGLGetProgramBinaryOESE21_s_IwAssertIgnoreThis
0x00E2C53D	0x00000001	[291] __ZZ20IwGLProgramBinaryOESE21_s_IwAssertIgnoreThis
0x00E2C53E	0x00000001	[291] __ZZ16iwgl_glUniform1fE21_s_IwAssertIgnoreThis
0x00E2C53F	0x00000001	[291] __ZZ17iwgl_glUniform1fvE21_s_IwAssertIgnoreThis
0x00E2C540	0x00000001	[291] __ZZ16iwgl_glUniform1iE21_s_IwAssertIgnoreThis
0x00E2C541	0x00000001	[291] __ZZ17iwgl_glUniform1ivE21_s_IwAssertIgnoreThis
0x00E2C542	0x00000001	[291] __ZZ17iwgl_glUniform2fvE21_s_IwAssertIgnoreThis
0x00E2C543	0x00000001	[291] __ZZ17iwgl_glUniform2ivE21_s_IwAssertIgnoreThis
0x00E2C544	0x00000001	[291] __ZZ17iwgl_glUniform3fvE21_s_IwAssertIgnoreThis
0x00E2C545	0x00000001	[291] __ZZ17iwgl_glUniform3ivE21_s_IwAssertIgnoreThis
0x00E2C546	0x00000001	[291] __ZZ16iwgl_glUniform4fE21_s_IwAssertIgnoreThis
0x00E2C547	0x00000001	[291] __ZZ17iwgl_glUniform4fvE21_s_IwAssertIgnoreThis
0x00E2C548	0x00000001	[291] __ZZ17iwgl_glUniform4ivE21_s_IwAssertIgnoreThis
0x00E2C549	0x00000001	[291] __ZZ23iwgl_glUniformMatrix2fvE21_s_IwAssertIgnoreThis
0x00E2C54A	0x00000001	[291] __ZZ23iwgl_glUniformMatrix3fvE21_s_IwAssertIgnoreThis
0x00E2C54B	0x00000001	[291] __ZZ23iwgl_glUniformMatrix4fvE21_s_IwAssertIgnoreThis
0x00E2C54C	0x00000001	[291] __ZZL24IwGLGenerateShaderBinaryRKN4_STL12basic_stringIcNS_11char_traitsIcEENS_9allocatorIcEEEEiPKcE21_s_IwAssertIgnoreThis
0x00E2C54D	0x00000001	[291] __ZZL24IwGLGenerateShaderBinaryRKN4_STL12basic_stringIcNS_11char_traitsIcEENS_9allocatorIcEEEEiPKcE21_s_IwAssertIgnoreThis_0
0x00E2C54E	0x00000001	[291] __ZZL24IwGLGenerateShaderBinaryRKN4_STL12basic_stringIcNS_11char_traitsIcEENS_9allocatorIcEEEEiPKcE21_s_IwAssertIgnoreThis_1
0x00E2C54F	0x00000001	[291] __ZZL24IwGLGenerateShaderBinaryRKN4_STL12basic_stringIcNS_11char_traitsIcEENS_9allocatorIcEEEEiPKcE21_s_IwAssertIgnoreThis_2
0x00E2C550	0x00000001	[291] __ZZL24IwGLGenerateShaderBinaryRKN4_STL12basic_stringIcNS_11char_traitsIcEENS_9allocatorIcEEEEiPKcE21_s_IwAssertIgnoreThis_3
0x00E2C551	0x00000001	[291] __ZZL24IwGLGenerateShaderBinaryRKN4_STL12basic_stringIcNS_11char_traitsIcEENS_9allocatorIcEEEEiPKcE21_s_IwAssertIgnoreThis_4
0x00E2C552	0x00000001	[291] __ZZL24IwGLGenerateShaderBinaryRKN4_STL12basic_stringIcNS_11char_traitsIcEENS_9allocatorIcEEEEiPKcE21_s_IwAssertIgnoreThis_5
0x00E2C553	0x00000001	[291] __ZZL24IwGLGenerateShaderBinaryRKN4_STL12basic_stringIcNS_11char_traitsIcEENS_9allocatorIcEEEEiPKcE21_s_IwAssertIgnoreThis_6
0x00E2C554	0x00000001	[291] __ZZL20IwGLLoadShaderBinaryjE21_s_IwAssertIgnoreThis
0x00E2C555	0x00000001	[291] __ZZL20IwGLLoadShaderBinaryjE21_s_IwAssertIgnoreThis_0
0x00E2C556	0x00000001	[292] __ZZN15CIwGLProgramObj6DetachEjE21_s_IwAssertIgnoreThis
0x00E2C557	0x00000001	[292] __ZZN15CIwGLProgramObj18BindAttribLocationEjPKcE21_s_IwAssertIgnoreThis
0x00E2C558	0x00000001	[292] __ZZN15CIwGLProgramObj11glUniform1fEifE21_s_IwAssertIgnoreThis
0x00E2C559	0x00000001	[292] __ZZN15CIwGLProgramObj11glUniform4fEiffffE21_s_IwAssertIgnoreThis
0x00E2C55A	0x00000001	[292] __ZZN15CIwGLProgramObj11glUniform1iEiiE21_s_IwAssertIgnoreThis
0x00E2C55B	0x00000001	[292] __ZZN15CIwGLProgramObj12glUniform1fvEiiPKfE21_s_IwAssertIgnoreThis
0x00E2C55C	0x00000001	[292] __ZZN15CIwGLProgramObj12glUniform2fvEiiPKfE21_s_IwAssertIgnoreThis
0x00E2C55D	0x00000001	[292] __ZZN15CIwGLProgramObj12glUniform3fvEiiPKfE21_s_IwAssertIgnoreThis
0x00E2C55E	0x00000001	[292] __ZZN15CIwGLProgramObj12glUniform4fvEiiPKfE21_s_IwAssertIgnoreThis
0x00E2C55F	0x00000001	[292] __ZZN15CIwGLProgramObj12glUniform1ivEiiPKiE21_s_IwAssertIgnoreThis
0x00E2C560	0x00000001	[292] __ZZN15CIwGLProgramObj12glUniform2ivEiiPKiE21_s_IwAssertIgnoreThis
0x00E2C561	0x00000001	[292] __ZZN15CIwGLProgramObj12glUniform3ivEiiPKiE21_s_IwAssertIgnoreThis
0x00E2C562	0x00000001	[292] __ZZN15CIwGLProgramObj12glUniform4ivEiiPKiE21_s_IwAssertIgnoreThis
0x00E2C563	0x00000001	[292] __ZZN15CIwGLProgramObj18glUniformMatrix2fvEiihPKfE21_s_IwAssertIgnoreThis
0x00E2C564	0x00000001	[292] __ZZN15CIwGLProgramObj18glUniformMatrix3fvEiihPKfE21_s_IwAssertIgnoreThis
0x00E2C565	0x00000001	[292] __ZZN15CIwGLProgramObj18glUniformMatrix4fvEiihPKfE21_s_IwAssertIgnoreThis
0x00E2C566	0x00000001	[293] __ZZN13CIwGLVAOState7RestoreEiE21_s_IwAssertIgnoreThis
0x00E2C567	0x00000001	[294] __ZZ20iwgl_glActiveTextureE21_s_IwAssertIgnoreThis
0x00E2C568	0x00000001	[294] __ZZ18iwgl_glBindTextureE21_s_IwAssertIgnoreThis
0x00E2C569	0x00000001	[294] __ZZL9GetHandlejbE21_s_IwAssertIgnoreThis
0x00E2C56A	0x00000001	[294] __ZZL9GetHandlejbE21_s_IwAssertIgnoreThis_0
0x00E2C56B	0x00000001	[295] __ZZN11CIwGLTexObj7SuspendEPjE21_s_IwAssertIgnoreThis
0x00E2C56C	0x00000001	[295] __ZZN11CIwGLTexObj8SetParamEjiE21_s_IwAssertIgnoreThis
0x00E2C56D	0x00000001	[295] __ZZN11CIwGLTexObj8SetParamEjfE21_s_IwAssertIgnoreThis
0x00E2C56E	0x00000001	[295] __ZZN11CIwGLTexObj16CompressedUploadEjijiiiiPKvE21_s_IwAssertIgnoreThis
0x00E2C56F	0x00000001	[295] __ZZN11CIwGLTexObj16CompressedUploadEjijiiiiPKvE21_s_IwAssertIgnoreThis_0
0x00E2C570	0x00000001	[295] __ZZN11CIwGLTexObj6UploadEjiiiijjPKvE21_s_IwAssertIgnoreThis
0x00E2C571	0x00000001	[295] __ZZN11CIwGLTexObj6UploadEjiiiijjPKvE21_s_IwAssertIgnoreThis_0
0x00E2C572	0x00000001	[295] __ZZN11CIwGLTexObj9UploadSubEjiiiiiiijjPKvE21_s_IwAssertIgnoreThis
0x00E2C573	0x00000001	[295] __ZZN11CIwGLTexObj8ValidateEvE21_s_IwAssertIgnoreThis
0x00E2C574	0x00000001	[295] __ZZN11CIwGLTexObj8ValidateEvE21_s_IwAssertIgnoreThis_0
0x00E2C575	0x00000001	[295] __ZZN11CIwGLTexObj8ValidateEvE21_s_IwAssertIgnoreThis_1
0x00E2C576	0x00000001	[295] __ZZN11CIwGLTexObj8GetLevelEjiE21_s_IwAssertIgnoreThis
0x00E2C577	0x00000001	[295] __ZZN11CIwGLTexObj8GetLevelEjiE21_s_IwAssertIgnoreThis_0
0x00E2C578	0x00000001	[295] __ZZN11CIwGLTexObj8GetLevelEjiE21_s_IwAssertIgnoreThis_1
0x00E2C579	0x00000001	[295] __ZZL12GetImageSizeijjE21_s_IwAssertIgnoreThis
0x00E2C57A	0x00000001	[295] __ZZL12GetImageSizeijjE21_s_IwAssertIgnoreThis_0
0x00E2C57B	0x00000001	[297] __ZZ14IwGLBindBufferE21_s_IwAssertIgnoreThis
0x00E2C57C	0x00000001	[299] __ZZ17IwGLDrawLetterboxvE21_s_IwAssertIgnoreThis
0x00E2C57D	0x00000001	[299] __ZZ26IwGLVirtualResOnScreenSizeP21s3eSurfaceOrientationPvE21_s_IwAssertIgnoreThis
0x00E2C57E	0x00000001	[300] __ZZ11iwgl_glFogfE21_s_IwAssertIgnoreThis
0x00E2C57F	0x00000001	[300] __ZZ12iwgl_glFogfvE21_s_IwAssertIgnoreThis
0x00E2C580	0x00000001	[300] __ZZ18iwgl_glLightModelfE21_s_IwAssertIgnoreThis
0x00E2C581	0x00000001	[300] __ZZ19iwgl_glLightModelfvE21_s_IwAssertIgnoreThis
0x00E2C582	0x00000001	[300] __ZZ13iwgl_glLightfE21_s_IwAssertIgnoreThis
0x00E2C583	0x00000001	[300] __ZZ14iwgl_glLightfvE21_s_IwAssertIgnoreThis
0x00E2C584	0x00000001	[300] __ZZ16iwgl_glMaterialfE21_s_IwAssertIgnoreThis
0x00E2C585	0x00000001	[300] __ZZ16iwgl_glMaterialfE21_s_IwAssertIgnoreThis_0
0x00E2C586	0x00000001	[300] __ZZ17iwgl_glMaterialfvE21_s_IwAssertIgnoreThis
0x00E2C587	0x00000001	[300] __ZZ14iwgl_glTexEnvfE21_s_IwAssertIgnoreThis
0x00E2C588	0x00000001	[300] __ZZ14iwgl_glTexEnvfE21_s_IwAssertIgnoreThis_0
0x00E2C589	0x00000001	[300] __ZZ15iwgl_glTexEnvfvE21_s_IwAssertIgnoreThis
0x00E2C58A	0x00000001	[300] __ZZ15iwgl_glTexEnvfvE21_s_IwAssertIgnoreThis_0
0x00E2C58B	0x00000001	[300] __ZZ14iwgl_glDisableE21_s_IwAssertIgnoreThis
0x00E2C58C	0x00000001	[300] __ZZ25iwgl_glDisableClientStateE21_s_IwAssertIgnoreThis
0x00E2C58D	0x00000001	[300] __ZZ13iwgl_glEnableE21_s_IwAssertIgnoreThis
0x00E2C58E	0x00000001	[300] __ZZ24iwgl_glEnableClientStateE21_s_IwAssertIgnoreThis
0x00E2C58F	0x00000001	[300] __ZZ11iwgl_glFogxE21_s_IwAssertIgnoreThis
0x00E2C590	0x00000001	[300] __ZZ12iwgl_glFogxvE21_s_IwAssertIgnoreThis
0x00E2C591	0x00000001	[300] __ZZ11iwgl_glHintE21_s_IwAssertIgnoreThis
0x00E2C592	0x00000001	[300] __ZZ18iwgl_glLightModelxE21_s_IwAssertIgnoreThis
0x00E2C593	0x00000001	[300] __ZZ19iwgl_glLightModelxvE21_s_IwAssertIgnoreThis
0x00E2C594	0x00000001	[300] __ZZ13iwgl_glLightxE21_s_IwAssertIgnoreThis
0x00E2C595	0x00000001	[300] __ZZ14iwgl_glLightxvE21_s_IwAssertIgnoreThis
0x00E2C596	0x00000001	[300] __ZZ16iwgl_glMaterialxE21_s_IwAssertIgnoreThis
0x00E2C597	0x00000001	[300] __ZZ16iwgl_glMaterialxE21_s_IwAssertIgnoreThis_0
0x00E2C598	0x00000001	[300] __ZZ17iwgl_glMaterialxvE21_s_IwAssertIgnoreThis
0x00E2C599	0x00000001	[300] __ZZ18iwgl_glPixelStoreiE21_s_IwAssertIgnoreThis
0x00E2C59A	0x00000001	[300] __ZZ14iwgl_glTexEnviE21_s_IwAssertIgnoreThis
0x00E2C59B	0x00000001	[300] __ZZ14iwgl_glTexEnviE21_s_IwAssertIgnoreThis_0
0x00E2C59C	0x00000001	[300] __ZZ14iwgl_glTexEnvxE21_s_IwAssertIgnoreThis
0x00E2C59D	0x00000001	[300] __ZZ14iwgl_glTexEnvxE21_s_IwAssertIgnoreThis_0
0x00E2C59E	0x00000001	[300] __ZZ15iwgl_glTexEnvxvE21_s_IwAssertIgnoreThis
0x00E2C59F	0x00000001	[300] __ZZ15iwgl_glTexEnvxvE21_s_IwAssertIgnoreThis_0
0x00E2C5A0	0x00000004	[301] __ZL13s_Initialised
0x00E2C5A4	0x00000001	[301] __ZZ15IwGeomTerminatevE21_s_IwAssertIgnoreThis
0x00E2C5A5	0x00000001	[306] __ZZN8CIwFVec39NormaliseEvE21_s_IwAssertIgnoreThis
0x00E2C5A6	0x00000001	[314] __ZZNK8CIwSVec325GetLengthSquaredUnshiftedEvE21_s_IwAssertIgnoreThis
0x00E2C5A7	0x00000001	[314] __ZZN8CIwSVec313NormaliseSlowEvE21_s_IwAssertIgnoreThis
0x00E2C5A8	0x00000001	[314] __ZZN8CIwSVec313NormaliseSlowEvE21_s_IwAssertIgnoreThis_0
0x00E2C5A9	0x00000001	[314] __ZZN8CIwSVec313NormaliseSlowEvE21_s_IwAssertIgnoreThis_1
0x00E2C5AA	0x00000001	[314] __ZZN8CIwSVec313NormaliseSlowEvE21_s_IwAssertIgnoreThis_2
0x00E2C5AB	0x00000001	[314] __ZZL12IW_FIXED_MULiiE21_s_IwAssertIgnoreThis
0x00E2C5AC	0x00000001	[314] __ZZL12IW_FIXED_DIViiE21_s_IwAssertIgnoreThis
0x00E2C5AD	0x00000003	[320] __ZZ18ModifyResourceSizePK10CIwManagediE21_s_IwAssertIgnoreThis
0x00E2C5B0	0x00000004	[320] __ZL17g_SerialisingList
0x00E2C5B4	0x00000001	[320] __ZZN10CIwResList9SerialiseEvE21_s_IwAssertIgnoreThis
0x00E2C5B5	0x00000001	[320] __ZZN10CIwResList9SerialiseEvE21_s_IwAssertIgnoreThis_0
0x00E2C5B6	0x00000001	[320] __ZZN10CIwResList9SerialiseEvE21_s_IwAssertIgnoreThis_1
0x00E2C5B7	0x00000001	[320] __ZZN10CIwResList9SerialiseEvE21_s_IwAssertIgnoreThis_2
0x00E2C5B8	0x00000004	[320] __ZZN10CIwResList9SerialiseEvE21_s_IwAssertIgnoreThis_3
0x00E2C5BC	0x00000004	[320] __ZL23s_LoadDirEntryRecursion
0x00E2C5C3	0x00000001	[320] __ZZNK11CIwResGroup13GetListHashedEjjE21_s_IwAssertIgnoreThis
0x00E2C5C4	0x00000001	[320] __ZZNK11CIwResGroup11GetResNamedEPKcS1_jE21_s_IwAssertIgnoreThis
0x00E2C5C5	0x00000001	[320] __ZZNK11CIwResGroup11GetResNamedEPKcS1_jE21_s_IwAssertIgnoreThis_0
0x00E2C5C6	0x00000001	[320] __ZZNK11CIwResGroup12GetResHashedEjjjbE21_s_IwAssertIgnoreThis
0x00E2C5C7	0x00000001	[320] __ZZN11CIwResGroup6AddResEjP11CIwResourceE21_s_IwAssertIgnoreThis
0x00E2C5C8	0x00000001	[320] __ZZN11CIwResGroup6AddResEPKcP11CIwResourceE21_s_IwAssertIgnoreThis
0x00E2C5C9	0x00000001	[322] __ZZ31IwGetResTemplateCurrentSettingsPKcE21_s_IwAssertIgnoreThis
0x00E2C5CA	0x00000001	[323] __ZZNK13CIwResManager14GetGroupHashedEjjE21_s_IwAssertIgnoreThis
0x00E2C5CC	0x00000001	[323] __ZZNK13CIwResManager10GetHandlerEPKcjE21_s_IwAssertIgnoreThis
0x00E2C5CD	0x00000001	[323] __ZZNK13CIwResManager10GetHandlerEPKcjE21_s_IwAssertIgnoreThis_0
0x00E2C5D0	0x00000001	[323] __ZZNK13CIwResManager11GetResNamedEPKcS1_jE21_s_IwAssertIgnoreThis
0x00E2C5D1	0x00000001	[323] __ZZNK13CIwResManager11GetResNamedEPKcS1_jE21_s_IwAssertIgnoreThis_0
0x00E2C5D2	0x00000001	[323] __ZZNK13CIwResManager12GetResHashedEjPKcjE21_s_IwAssertIgnoreThis
0x00E2C5D3	0x00000001	[323] __ZZNK13CIwResManager12GetResHashedEjPKcjE21_s_IwAssertIgnoreThis_0
0x00E2C5D5	0x00000001	[323] __ZZN13CIwResManager6AddResEPKcP11CIwResourceE21_s_IwAssertIgnoreThis
0x00E2C5D8	0x00000004	[323] __ZL20s_ManagedConstructed
0x00E2C5DC	0x00000004	[323] __ZL19s_ManagedDestructed
0x00E2C5E0	0x00000001	[323] __ZZ33_ResGroupManagedSerialiseCallbackP10CIwManagedE21_s_IwAssertIgnoreThis
0x00E2C5E2	0x00000001	[323] __ZZ20IwResolveManagedHashPvPKcjE21_s_IwAssertIgnoreThis
0x00E2C5E3	0x00000001	[323] __ZZ20IwResolveManagedHashPvPKcjE21_s_IwAssertIgnoreThis_0
0x00E2C5E4	0x00000004	[323] __ZZ20IwResolveManagedHashPvPKcjE21_s_IwAssertIgnoreThis_1
0x00E2C5E8	0x00000010	[324] __ZL29s_IwGxBinaryBlockSerialiseFns
0x00E2C5F8	0x000000A0	[324] __ZL21s_IwGxBinaryDebugTabs
0x00E2C69B	0x00000001	[324] __ZZ26IwResBinarySerialiseHeadervE21_s_IwAssertIgnoreThis
0x00E2C69C	0x00000001	[324] __ZZ26IwResBinarySerialiseHeadervE21_s_IwAssertIgnoreThis_0
0x00E2C6A0	0x00000004	[330] __ZN4_STLL8_LocInitE
0x00E2C6A4	0x00000008	[330] __ZN4_STLL14_Null_messagesE
0x00E2C6AC	0x00000018	[330] __ZN4_STLL17_S_classic_localeE
0x00E2C6C4	0x00000014	[330] __ZN4_STLL13_S_ctype_charE
0x00E2C6D8	0x00000010	[330] __ZN4_STLL15_S_collate_charE
0x00E2C6E8	0x00000010	[330] __ZN4_STLL15_S_codecvt_charE
0x00E2C6F8	0x00000010	[330] __ZN4_STLL16_S_numpunct_charE
0x00E2C708	0x00000010	[330] __ZN4_STLL15_S_num_get_charE
0x00E2C718	0x00000010	[330] __ZN4_STLL15_S_num_put_charE
0x00E2C728	0x00000228	[330] __ZN4_STLL16_S_time_get_charE
0x00E2C950	0x00000228	[330] __ZN4_STLL16_S_time_put_charE
0x00E2CB78	0x00000014	[330] __ZN4_STLL23_S_moneypunct_true_charE
0x00E2CB8C	0x00000014	[330] __ZN4_STLL24_S_moneypunct_false_charE
0x00E2CBA0	0x00000010	[330] __ZN4_STLL17_S_money_get_charE
0x00E2CBB0	0x00000010	[330] __ZN4_STLL17_S_money_put_charE
0x00E2CBC0	0x00000010	[330] __ZN4_STLL16_S_messages_charE
0x00E2CBD0	0x00000010	[330] __ZN4_STLL14_S_ctype_wcharE
0x00E2CBE0	0x00000010	[330] __ZN4_STLL16_S_collate_wcharE
0x00E2CBF0	0x00000010	[330] __ZN4_STLL16_S_codecvt_wcharE
0x00E2CC00	0x00000010	[330] __ZN4_STLL17_S_numpunct_wcharE
0x00E2CC10	0x00000010	[330] __ZN4_STLL16_S_num_get_wcharE
0x00E2CC20	0x00000010	[330] __ZN4_STLL16_S_num_put_wcharE
0x00E2CC30	0x00000228	[330] __ZN4_STLL17_S_time_get_wcharE
0x00E2CE58	0x00000228	[330] __ZN4_STLL17_S_time_put_wcharE
0x00E2D080	0x00000010	[330] __ZN4_STLL17_S_messages_wcharE
0x00E2D090	0x00000014	[330] __ZN4_STLL24_S_moneypunct_true_wcharE
0x00E2D0A4	0x00000014	[330] __ZN4_STLL25_S_moneypunct_false_wcharE
0x00E2D0B8	0x00000010	[330] __ZN4_STLL18_S_money_get_wcharE
0x00E2D0C8	0x00000010	[330] __ZN4_STLL18_S_money_put_wcharE
0x00E2D0D8	0x00000010	[330] __ZN4_STLL12_S_b_classicE
0x00E2D0E8	0x0000000C	[330] __ZN4_STLL9_NamelessE
0x00E2D0F5	0x00000001	[343] __ZZ8_IwCloseE21_s_IwAssertIgnoreThis
0x00E2D0F8	0x00000001	[343] __ZZ5abortE8aborting
0x00E2D0F9	0x00000001	[343] __ZZ5abortE21_s_IwAssertIgnoreThis
0x00E2D0FC	0x00000280	[343] __ZL7g_Files
0x00E2D37C	0x00000001	[343] __ZZL11_IwOpenFilePKcE21_s_IwAssertIgnoreThis
0x00E2D37D	0x00000001	[343] __ZZ22set_errno_from_s3efilePKcbE21_s_IwAssertIgnoreThis
0x00E2D37E	0x00000100	[344] __ZL9g_AppName
0x00E2D480	0x00000004	[345] __ZL15g_AlignedAllocs
0x00E2D484	0x00000001	[346] __ZZ20pthread_mutex_unlockE21_s_IwAssertIgnoreThis
0x00E2D488	0x00000004	[347] __ZL9g_NumKeys
0x00E2D48C	0x00000004	[347] __ZL6g_Keys
0x00E2D490	0x00000014	[347] __ZL13g_TLSKeysLock
0x00E2D4A4	0x00000004	[347] __ZZL11getTLSBlocklE21_s_IwAssertIgnoreThis
0x00E2D4A8	0x00000400	[347] __ZL11g_TLSBlocks
0x00E2D8A8	0x00000004	[349] __ZL14g_exit_handler
0x00E2D8AC	0x00000001	[349] __ZZ5raiseE21_s_IwAssertIgnoreThis
0x00E2D8B0	0x00000400	[350] __ZL9g_Sockets
0x00E2DCB1	0x00000010	[351] __ZL13s_freeSetting
0x00E2DCC4	0x00000001	[352] __ZL17g_ConfigCheckDone
0x00E2DCC5	0x00000003	[352] __ZL13g_ConsoleMode
0x00E2DCC8	0x00000004	[352] __ZL14g_TracelineErr
0x00E2DCCC	0x00000004	[352] __ZL12g_StderrFile
0x00E2DCD0	0x00000004	[352] __ZL14g_TracelineOut
0x00E2DCD4	0x00000004	[352] __ZL12g_StdoutFile
0x00E2DCD8	0x00000004	[352] __ZL12g_StdinEnded
0x00E2DCDC	0x00000004	[352] __ZL13g_StdinBuffer
0x00E2DCE0	0x00000004	[352] __ZL11g_StdinFile
0x00E2DCE4	0x00000014	[352] __ZL7g_Mutex
0x00E2DCF8	0x00000004	[352] __ZL15g_ConsoleString
0x00E2DCFC	0x00000004	[352] __ZL12g_StdinStart
0x00E2DD00	0x00000001	[352] __ZZL10DrawCursorbbE7g_White
0x00E2DD04	0x00000004	[357] __ZL7current
0x00E2DD08	0x00000004	[357] __ZL3def
0x00E2DD0C	0x00000001	[358] __ZZ23IwDebugTraceLineVPrintfE9g_InTrace
0x00E2DD0D	0x00000001	[359] __ZZ17IwPathGetFilenameE21_s_IwAssertIgnoreThis
0x00E2DD0E	0x00000001	[359] __ZZ17IwPathGetFilenameE21_s_IwAssertIgnoreThis_0
0x00E2DD0F	0x00000001	[359] __ZZ16IwPathGetDirnameE21_s_IwAssertIgnoreThis
0x00E2DD10	0x00000001	[359] __ZZ16IwPathGetDirnameE21_s_IwAssertIgnoreThis_0
0x00E2DD11	0x00000001	[359] __ZZ10IwPathNormE21_s_IwAssertIgnoreThis
0x00E2DD14	0x00000004	[360] __ZL8g_GotExt
0x00E2DD18	0x00000008	[360] __ZL5g_Ext
0x00E2DD20	0x00000001	[360] __ZL10g_TriedExt
0x00E2DD21	0x00000001	[360] __ZL15g_TriedNoMsgExt
0x00E2DD24	0x00000004	[361] __ZL8g_GotExt
0x00E2DD28	0x00000048	[361] __ZL5g_Ext
0x00E2DD70	0x00000001	[361] __ZL10g_TriedExt
0x00E2DD71	0x00000001	[361] __ZL15g_TriedNoMsgExt
0x00E2DD74	0x00000004	[362] __ZL8g_GotExt
0x00E2DD78	0x00000004	[362] __ZL5g_Ext
0x00E2DD7C	0x00000001	[362] __ZL10g_TriedExt
0x00E2DD7D	0x00000001	[362] __ZL15g_TriedNoMsgExt
0x00E2DD80	0x00000004	[363] __ZL8g_GotExt
0x00E2DD84	0x0000004C	[363] __ZL5g_Ext
0x00E2DDD0	0x00000001	[363] __ZL10g_TriedExt
0x00E2DDD1	0x00000001	[363] __ZL15g_TriedNoMsgExt
0x00E2DDD2	0x00000300	[366] __Z9g_Message
0x00E2E0D2	0x00000014	[712] _ezero
0x00E2E100	0x000000FC	[760] __time_locale
0x00E2E1FC	0x00000004	[760] __time_using_locale
0x00E2E200	0x00000004	[764] _prev_tzenv
0x00E2E204	0x0000000B	[764] ___tzname_std
0x00E2E20F	0x0000000B	[764] ___tzname_dst
