# Path: /Users/dean/Library/Developer/Xcode/DerivedData/HelloMarm-bzpsvczaooculbcotrlgrhciwcnw/Build/Products/Debug/HelloMarm.dylib
# Arch: i386
# Object files:
[  0] linker synthesized
[  1] /Users/dean/Library/Developer/Xcode/DerivedData/HelloMarm-bzpsvczaooculbcotrlgrhciwcnw/Build/Intermediates/HelloMarm.build/Debug/HelloMarm.build/Objects-normal/i386/PVRTexTool_interface.o
[  2] /Users/dean/Library/Developer/Xcode/DerivedData/HelloMarm-bzpsvczaooculbcotrlgrhciwcnw/Build/Intermediates/HelloMarm.build/Debug/HelloMarm.build/Objects-normal/i386/Paddle.o
[  3] /Users/dean/Library/Developer/Xcode/DerivedData/HelloMarm-bzpsvczaooculbcotrlgrhciwcnw/Build/Intermediates/HelloMarm.build/Debug/HelloMarm.build/Objects-normal/i386/HelloMarm.o
[  4] /Applications/Marmalade.app/Contents/modules/iwutil/lib/x86/darwin/libiwutil_d.a(IwList.o)
[  5] /Applications/Marmalade.app/Contents/modules/iwutil/lib/x86/darwin/libiwutil_d.a(IwMemManagerDL.o)
[  6] /Applications/Marmalade.app/Contents/modules/iwutil/lib/x86/darwin/libiwutil_d.a(IwColourOctree.o)
[  7] /Applications/Marmalade.app/Contents/modules/iwutil/lib/x86/darwin/libiwutil_d.a(IwFile.o)
[  8] /Applications/Marmalade.app/Contents/modules/iwutil/lib/x86/darwin/libiwutil_d.a(IwHashString.o)
[  9] /Applications/Marmalade.app/Contents/modules/iwutil/lib/x86/darwin/libiwutil_d.a(IwImage.o)
[ 10] /Applications/Marmalade.app/Contents/modules/iwutil/lib/x86/darwin/libiwutil_d.a(IwImageATI.o)
[ 11] /Applications/Marmalade.app/Contents/modules/iwutil/lib/x86/darwin/libiwutil_d.a(IwImageBMP.o)
[ 12] /Applications/Marmalade.app/Contents/modules/iwutil/lib/x86/darwin/libiwutil_d.a(IwImageGIF.o)
[ 13] /Applications/Marmalade.app/Contents/modules/iwutil/lib/x86/darwin/libiwutil_d.a(IwImageHelper.o)
[ 14] /Applications/Marmalade.app/Contents/modules/iwutil/lib/x86/darwin/libiwutil_d.a(IwImageJPG.o)
[ 15] /Applications/Marmalade.app/Contents/modules/iwutil/lib/x86/darwin/libiwutil_d.a(IwImagePNG.o)
[ 16] /Applications/Marmalade.app/Contents/modules/iwutil/lib/x86/darwin/libiwutil_d.a(IwImagePVR.o)
[ 17] /Applications/Marmalade.app/Contents/modules/iwutil/lib/x86/darwin/libiwutil_d.a(IwImageRAW.o)
[ 18] /Applications/Marmalade.app/Contents/modules/iwutil/lib/x86/darwin/libiwutil_d.a(IwImageRP4.o)
[ 19] /Applications/Marmalade.app/Contents/modules/iwutil/lib/x86/darwin/libiwutil_d.a(IwImageTGA.o)
[ 20] /Applications/Marmalade.app/Contents/modules/iwutil/lib/x86/darwin/libiwutil_d.a(IwManaged.o)
[ 21] /Applications/Marmalade.app/Contents/modules/iwutil/lib/x86/darwin/libiwutil_d.a(IwManagedList.o)
[ 22] /Applications/Marmalade.app/Contents/modules/iwutil/lib/x86/darwin/libiwutil_d.a(IwMemBucket.o)
[ 23] /Applications/Marmalade.app/Contents/modules/iwutil/lib/x86/darwin/libiwutil_d.a(IwMemBucketHelpers.o)
[ 24] /Applications/Marmalade.app/Contents/modules/iwutil/lib/x86/darwin/libiwutil_d.a(IwMemory.o)
[ 25] /Applications/Marmalade.app/Contents/modules/iwutil/lib/x86/darwin/libiwutil_d.a(IwMenu.o)
[ 26] /Applications/Marmalade.app/Contents/modules/iwutil/lib/x86/darwin/libiwutil_d.a(IwResource.o)
[ 27] /Applications/Marmalade.app/Contents/modules/iwutil/lib/x86/darwin/libiwutil_d.a(IwRuntime.o)
[ 28] /Applications/Marmalade.app/Contents/modules/iwutil/lib/x86/darwin/libiwutil_d.a(IwSerialise.o)
[ 29] /Applications/Marmalade.app/Contents/modules/iwutil/lib/x86/darwin/libiwutil_d.a(IwTextParser.o)
[ 30] /Applications/Marmalade.app/Contents/modules/iwutil/lib/x86/darwin/libiwutil_d.a(IwTextParserITX.o)
[ 31] /Applications/Marmalade.app/Contents/modules/iwutil/lib/x86/darwin/libiwutil_d.a(IwUtil.o)
[ 32] /Applications/Marmalade.app/Contents/modules/iwutil/lib/x86/darwin/libiwutil_d.a(neuquant32.o)
[ 33] /Applications/Marmalade.app/Contents/modules/third_party/libjpeg/lib/x86/darwin/libjpeg_d.a(jcomapi.o)
[ 34] /Applications/Marmalade.app/Contents/modules/third_party/libjpeg/lib/x86/darwin/libjpeg_d.a(jdapimin.o)
[ 35] /Applications/Marmalade.app/Contents/modules/third_party/libjpeg/lib/x86/darwin/libjpeg_d.a(jdapistd.o)
[ 36] /Applications/Marmalade.app/Contents/modules/third_party/libjpeg/lib/x86/darwin/libjpeg_d.a(jdcoefct.o)
[ 37] /Applications/Marmalade.app/Contents/modules/third_party/libjpeg/lib/x86/darwin/libjpeg_d.a(jdcolor.o)
[ 38] /Applications/Marmalade.app/Contents/modules/third_party/libjpeg/lib/x86/darwin/libjpeg_d.a(jddctmgr.o)
[ 39] /Applications/Marmalade.app/Contents/modules/third_party/libjpeg/lib/x86/darwin/libjpeg_d.a(jdhuff.o)
[ 40] /Applications/Marmalade.app/Contents/modules/third_party/libjpeg/lib/x86/darwin/libjpeg_d.a(jdinput.o)
[ 41] /Applications/Marmalade.app/Contents/modules/third_party/libjpeg/lib/x86/darwin/libjpeg_d.a(jdmainct.o)
[ 42] /Applications/Marmalade.app/Contents/modules/third_party/libjpeg/lib/x86/darwin/libjpeg_d.a(jdmarker.o)
[ 43] /Applications/Marmalade.app/Contents/modules/third_party/libjpeg/lib/x86/darwin/libjpeg_d.a(jdmaster.o)
[ 44] /Applications/Marmalade.app/Contents/modules/third_party/libjpeg/lib/x86/darwin/libjpeg_d.a(jdmerge.o)
[ 45] /Applications/Marmalade.app/Contents/modules/third_party/libjpeg/lib/x86/darwin/libjpeg_d.a(jdphuff.o)
[ 46] /Applications/Marmalade.app/Contents/modules/third_party/libjpeg/lib/x86/darwin/libjpeg_d.a(jdpostct.o)
[ 47] /Applications/Marmalade.app/Contents/modules/third_party/libjpeg/lib/x86/darwin/libjpeg_d.a(jdsample.o)
[ 48] /Applications/Marmalade.app/Contents/modules/third_party/libjpeg/lib/x86/darwin/libjpeg_d.a(jerror.o)
[ 49] /Applications/Marmalade.app/Contents/modules/third_party/libjpeg/lib/x86/darwin/libjpeg_d.a(jidctflt.o)
[ 50] /Applications/Marmalade.app/Contents/modules/third_party/libjpeg/lib/x86/darwin/libjpeg_d.a(jidctfst.o)
[ 51] /Applications/Marmalade.app/Contents/modules/third_party/libjpeg/lib/x86/darwin/libjpeg_d.a(jidctint.o)
[ 52] /Applications/Marmalade.app/Contents/modules/third_party/libjpeg/lib/x86/darwin/libjpeg_d.a(jidctred.o)
[ 53] /Applications/Marmalade.app/Contents/modules/third_party/libjpeg/lib/x86/darwin/libjpeg_d.a(jmemmgr.o)
[ 54] /Applications/Marmalade.app/Contents/modules/third_party/libjpeg/lib/x86/darwin/libjpeg_d.a(jmemnobs.o)
[ 55] /Applications/Marmalade.app/Contents/modules/third_party/libjpeg/lib/x86/darwin/libjpeg_d.a(jquant1.o)
[ 56] /Applications/Marmalade.app/Contents/modules/third_party/libjpeg/lib/x86/darwin/libjpeg_d.a(jquant2.o)
[ 57] /Applications/Marmalade.app/Contents/modules/third_party/libjpeg/lib/x86/darwin/libjpeg_d.a(jutils.o)
[ 58] /Applications/Marmalade.app/Contents/modules/iwgx/lib/x86/darwin/libiwgx_d.a(IwGxDXTCompressionHandler.o)
[ 59] /Applications/Marmalade.app/Contents/modules/iwgx/lib/x86/darwin/libiwgx_d.a(alpha.o)
[ 60] /Applications/Marmalade.app/Contents/modules/iwgx/lib/x86/darwin/libiwgx_d.a(clusterfit.o)
[ 61] /Applications/Marmalade.app/Contents/modules/iwgx/lib/x86/darwin/libiwgx_d.a(colourblock.o)
[ 62] /Applications/Marmalade.app/Contents/modules/iwgx/lib/x86/darwin/libiwgx_d.a(colourfit.o)
[ 63] /Applications/Marmalade.app/Contents/modules/iwgx/lib/x86/darwin/libiwgx_d.a(colourset.o)
[ 64] /Applications/Marmalade.app/Contents/modules/iwgx/lib/x86/darwin/libiwgx_d.a(rangefit.o)
[ 65] /Applications/Marmalade.app/Contents/modules/iwgx/lib/x86/darwin/libiwgx_d.a(singlecolourfit.o)
[ 66] /Applications/Marmalade.app/Contents/modules/iwgx/lib/x86/darwin/libiwgx_d.a(squish.o)
[ 67] /Applications/Marmalade.app/Contents/modules/iwgx/lib/x86/darwin/libiwgx_d.a(squishmaths.o)
[ 68] /Applications/Marmalade.app/Contents/modules/iwgx/lib/x86/darwin/libiwgx_d.a(IwGxATITCCompressionHandler.o)
[ 69] /Applications/Marmalade.app/Contents/modules/iwgx/lib/x86/darwin/libiwgx_d.a(IwGxContextShadowGL.o)
[ 70] /Applications/Marmalade.app/Contents/modules/iwgx/lib/x86/darwin/libiwgx_d.a(IwGxCubeMap.o)
[ 71] /Applications/Marmalade.app/Contents/modules/iwgx/lib/x86/darwin/libiwgx_d.a(IwGxDefaultFragmentShader.o)
[ 72] /Applications/Marmalade.app/Contents/modules/iwgx/lib/x86/darwin/libiwgx_d.a(IwGxDefaultVertexShader.o)
[ 73] /Applications/Marmalade.app/Contents/modules/iwgx/lib/x86/darwin/libiwgx_d.a(IwGxETC2CompressionHandler.o)
[ 74] /Applications/Marmalade.app/Contents/modules/iwgx/lib/x86/darwin/libiwgx_d.a(IwGxETCCompressionHandler.o)
[ 75] /Applications/Marmalade.app/Contents/modules/iwgx/lib/x86/darwin/libiwgx_d.a(IwGxGL2Shader.o)
[ 76] /Applications/Marmalade.app/Contents/modules/iwgx/lib/x86/darwin/libiwgx_d.a(IwGxGL2ShaderParam.o)
[ 77] /Applications/Marmalade.app/Contents/modules/iwgx/lib/x86/darwin/libiwgx_d.a(IwGxLightingGL.o)
[ 78] /Applications/Marmalade.app/Contents/modules/iwgx/lib/x86/darwin/libiwgx_d.a(IwGxMetricsGL.o)
[ 79] /Applications/Marmalade.app/Contents/modules/iwgx/lib/x86/darwin/libiwgx_d.a(IwGxPVRCompressionHandler.o)
[ 80] /Applications/Marmalade.app/Contents/modules/iwgx/lib/x86/darwin/libiwgx_d.a(IwGxRasterisationGL.o)
[ 81] /Applications/Marmalade.app/Contents/modules/iwgx/lib/x86/darwin/libiwgx_d.a(IwGxRasterisationGL2.o)
[ 82] /Applications/Marmalade.app/Contents/modules/iwgx/lib/x86/darwin/libiwgx_d.a(IwGxTextureGL.o)
[ 83] /Applications/Marmalade.app/Contents/modules/iwgx/lib/x86/darwin/libiwgx_d.a(IwGxCompressionHandler.o)
[ 84] /Applications/Marmalade.app/Contents/modules/iwgx/lib/x86/darwin/libiwgx_d.a(IwGxCompressionHandlerManager.o)
[ 85] /Applications/Marmalade.app/Contents/modules/iwgx/lib/x86/darwin/libiwgx_d.a(IwGxLightingHW.o)
[ 86] /Applications/Marmalade.app/Contents/modules/iwgx/lib/x86/darwin/libiwgx_d.a(IwGxRasterisationHW.o)
[ 87] /Applications/Marmalade.app/Contents/modules/iwgx/lib/x86/darwin/libiwgx_d.a(IwGxTransformHW.o)
[ 88] /Applications/Marmalade.app/Contents/modules/iwgx/lib/x86/darwin/libiwgx_d.a(IwAtlas.o)
[ 89] /Applications/Marmalade.app/Contents/modules/iwgx/lib/x86/darwin/libiwgx_d.a(IwGxCallbacks.o)
[ 90] /Applications/Marmalade.app/Contents/modules/iwgx/lib/x86/darwin/libiwgx_d.a(IwGxCol.o)
[ 91] /Applications/Marmalade.app/Contents/modules/iwgx/lib/x86/darwin/libiwgx_d.a(IwGxCursor.o)
[ 92] /Applications/Marmalade.app/Contents/modules/iwgx/lib/x86/darwin/libiwgx_d.a(IwGxDebug.o)
[ 93] /Applications/Marmalade.app/Contents/modules/iwgx/lib/x86/darwin/libiwgx_d.a(IwGxDraw.o)
[ 94] /Applications/Marmalade.app/Contents/modules/iwgx/lib/x86/darwin/libiwgx_d.a(IwGxError.o)
[ 95] /Applications/Marmalade.app/Contents/modules/iwgx/lib/x86/darwin/libiwgx_d.a(IwGxFog.o)
[ 96] /Applications/Marmalade.app/Contents/modules/iwgx/lib/x86/darwin/libiwgx_d.a(IwGxFuncTable.o)
[ 97] /Applications/Marmalade.app/Contents/modules/iwgx/lib/x86/darwin/libiwgx_d.a(IwGxFuncs.o)
[ 98] /Applications/Marmalade.app/Contents/modules/iwgx/lib/x86/darwin/libiwgx_d.a(IwGxInit.o)
[ 99] /Applications/Marmalade.app/Contents/modules/iwgx/lib/x86/darwin/libiwgx_d.a(IwGxLight.o)
[100] /Applications/Marmalade.app/Contents/modules/iwgx/lib/x86/darwin/libiwgx_d.a(IwGxMaterial.o)
[101] /Applications/Marmalade.app/Contents/modules/iwgx/lib/x86/darwin/libiwgx_d.a(IwGxMetrics.o)
[102] /Applications/Marmalade.app/Contents/modules/iwgx/lib/x86/darwin/libiwgx_d.a(IwGxMipMapBuilder.o)
[103] /Applications/Marmalade.app/Contents/modules/iwgx/lib/x86/darwin/libiwgx_d.a(IwGxNorm.o)
[104] /Applications/Marmalade.app/Contents/modules/iwgx/lib/x86/darwin/libiwgx_d.a(IwGxPrint.o)
[105] /Applications/Marmalade.app/Contents/modules/iwgx/lib/x86/darwin/libiwgx_d.a(IwGxPrintFont.o)
[106] /Applications/Marmalade.app/Contents/modules/iwgx/lib/x86/darwin/libiwgx_d.a(IwGxResManagerCallbacks.o)
[107] /Applications/Marmalade.app/Contents/modules/iwgx/lib/x86/darwin/libiwgx_d.a(IwGxShaderTechnique.o)
[108] /Applications/Marmalade.app/Contents/modules/iwgx/lib/x86/darwin/libiwgx_d.a(IwGxState.o)
[109] /Applications/Marmalade.app/Contents/modules/iwgx/lib/x86/darwin/libiwgx_d.a(IwGxStream.o)
[110] /Applications/Marmalade.app/Contents/modules/iwgx/lib/x86/darwin/libiwgx_d.a(IwGxSurface.o)
[111] /Applications/Marmalade.app/Contents/modules/iwgx/lib/x86/darwin/libiwgx_d.a(IwGxTransform.o)
[112] /Applications/Marmalade.app/Contents/modules/iwgx/lib/x86/darwin/libiwgx_d.a(IwGxTransformFloat.o)
[113] /Applications/Marmalade.app/Contents/modules/iwgx/lib/x86/darwin/libiwgx_d.a(IwGxUV.o)
[114] /Applications/Marmalade.app/Contents/modules/iwgx/lib/x86/darwin/libiwgx_d.a(IwGxWatermark.o)
[115] /Applications/Marmalade.app/Contents/modules/iwgx/lib/x86/darwin/libiwgx_d.a(IwMatAnim.o)
[116] /Applications/Marmalade.app/Contents/modules/iwgx/lib/x86/darwin/libiwgx_d.a(IwMatGeomInfo.o)
[117] /Applications/Marmalade.app/Contents/modules/iwgx/lib/x86/darwin/libiwgx_d.a(IwMaterial.o)
[118] /Applications/Marmalade.app/Contents/modules/iwgx/lib/x86/darwin/libiwgx_d.a(IwTexture.o)
[119] /Applications/Marmalade.app/Contents/modules/iwgl/lib/x86/darwin/libiwgl_d.a(iwglstub_eglGetProcAddress.o)
[120] /Applications/Marmalade.app/Contents/modules/iwgl/lib/x86/darwin/libiwgl_d.a(iwglstub_glActiveTexture.o)
[121] /Applications/Marmalade.app/Contents/modules/iwgl/lib/x86/darwin/libiwgl_d.a(iwglstub_glAlphaFunc.o)
[122] /Applications/Marmalade.app/Contents/modules/iwgl/lib/x86/darwin/libiwgl_d.a(iwglstub_glAlphaFuncx.o)
[123] /Applications/Marmalade.app/Contents/modules/iwgl/lib/x86/darwin/libiwgl_d.a(iwglstub_glAttachShader.o)
[124] /Applications/Marmalade.app/Contents/modules/iwgl/lib/x86/darwin/libiwgl_d.a(iwglstub_glBindAttribLocation.o)
[125] /Applications/Marmalade.app/Contents/modules/iwgl/lib/x86/darwin/libiwgl_d.a(iwglstub_glBindBuffer.o)
[126] /Applications/Marmalade.app/Contents/modules/iwgl/lib/x86/darwin/libiwgl_d.a(iwglstub_glBindFramebuffer.o)
[127] /Applications/Marmalade.app/Contents/modules/iwgl/lib/x86/darwin/libiwgl_d.a(iwglstub_glBindRenderbuffer.o)
[128] /Applications/Marmalade.app/Contents/modules/iwgl/lib/x86/darwin/libiwgl_d.a(iwglstub_glBindSampler.o)
[129] /Applications/Marmalade.app/Contents/modules/iwgl/lib/x86/darwin/libiwgl_d.a(iwglstub_glBindTexture.o)
[130] /Applications/Marmalade.app/Contents/modules/iwgl/lib/x86/darwin/libiwgl_d.a(iwglstub_glBlendColor.o)
[131] /Applications/Marmalade.app/Contents/modules/iwgl/lib/x86/darwin/libiwgl_d.a(iwglstub_glBlendEquationSeparate.o)
[132] /Applications/Marmalade.app/Contents/modules/iwgl/lib/x86/darwin/libiwgl_d.a(iwglstub_glBlendFunc.o)
[133] /Applications/Marmalade.app/Contents/modules/iwgl/lib/x86/darwin/libiwgl_d.a(iwglstub_glBlendFuncSeparate.o)
[134] /Applications/Marmalade.app/Contents/modules/iwgl/lib/x86/darwin/libiwgl_d.a(iwglstub_glCheckFramebufferStatus.o)
[135] /Applications/Marmalade.app/Contents/modules/iwgl/lib/x86/darwin/libiwgl_d.a(iwglstub_glClear.o)
[136] /Applications/Marmalade.app/Contents/modules/iwgl/lib/x86/darwin/libiwgl_d.a(iwglstub_glClearColor.o)
[137] /Applications/Marmalade.app/Contents/modules/iwgl/lib/x86/darwin/libiwgl_d.a(iwglstub_glClearColorx.o)
[138] /Applications/Marmalade.app/Contents/modules/iwgl/lib/x86/darwin/libiwgl_d.a(iwglstub_glClearDepthf.o)
[139] /Applications/Marmalade.app/Contents/modules/iwgl/lib/x86/darwin/libiwgl_d.a(iwglstub_glClearDepthx.o)
[140] /Applications/Marmalade.app/Contents/modules/iwgl/lib/x86/darwin/libiwgl_d.a(iwglstub_glClearStencil.o)
[141] /Applications/Marmalade.app/Contents/modules/iwgl/lib/x86/darwin/libiwgl_d.a(iwglstub_glClientActiveTexture.o)
[142] /Applications/Marmalade.app/Contents/modules/iwgl/lib/x86/darwin/libiwgl_d.a(iwglstub_glClipPlanef.o)
[143] /Applications/Marmalade.app/Contents/modules/iwgl/lib/x86/darwin/libiwgl_d.a(iwglstub_glClipPlanex.o)
[144] /Applications/Marmalade.app/Contents/modules/iwgl/lib/x86/darwin/libiwgl_d.a(iwglstub_glColor4f.o)
[145] /Applications/Marmalade.app/Contents/modules/iwgl/lib/x86/darwin/libiwgl_d.a(iwglstub_glColor4x.o)
[146] /Applications/Marmalade.app/Contents/modules/iwgl/lib/x86/darwin/libiwgl_d.a(iwglstub_glColorMask.o)
[147] /Applications/Marmalade.app/Contents/modules/iwgl/lib/x86/darwin/libiwgl_d.a(iwglstub_glColorPointer.o)
[148] /Applications/Marmalade.app/Contents/modules/iwgl/lib/x86/darwin/libiwgl_d.a(iwglstub_glCompileShader.o)
[149] /Applications/Marmalade.app/Contents/modules/iwgl/lib/x86/darwin/libiwgl_d.a(iwglstub_glCompressedTexImage2D.o)
[150] /Applications/Marmalade.app/Contents/modules/iwgl/lib/x86/darwin/libiwgl_d.a(iwglstub_glCompressedTexImage3D.o)
[151] /Applications/Marmalade.app/Contents/modules/iwgl/lib/x86/darwin/libiwgl_d.a(iwglstub_glCreateProgram.o)
[152] /Applications/Marmalade.app/Contents/modules/iwgl/lib/x86/darwin/libiwgl_d.a(iwglstub_glCreateShader.o)
[153] /Applications/Marmalade.app/Contents/modules/iwgl/lib/x86/darwin/libiwgl_d.a(iwglstub_glCullFace.o)
[154] /Applications/Marmalade.app/Contents/modules/iwgl/lib/x86/darwin/libiwgl_d.a(iwglstub_glDeleteFramebuffers.o)
[155] /Applications/Marmalade.app/Contents/modules/iwgl/lib/x86/darwin/libiwgl_d.a(iwglstub_glDeleteProgram.o)
[156] /Applications/Marmalade.app/Contents/modules/iwgl/lib/x86/darwin/libiwgl_d.a(iwglstub_glDeleteRenderbuffers.o)
[157] /Applications/Marmalade.app/Contents/modules/iwgl/lib/x86/darwin/libiwgl_d.a(iwglstub_glDeleteShader.o)
[158] /Applications/Marmalade.app/Contents/modules/iwgl/lib/x86/darwin/libiwgl_d.a(iwglstub_glDeleteTextures.o)
[159] /Applications/Marmalade.app/Contents/modules/iwgl/lib/x86/darwin/libiwgl_d.a(iwglstub_glDepthFunc.o)
[160] /Applications/Marmalade.app/Contents/modules/iwgl/lib/x86/darwin/libiwgl_d.a(iwglstub_glDepthMask.o)
[161] /Applications/Marmalade.app/Contents/modules/iwgl/lib/x86/darwin/libiwgl_d.a(iwglstub_glDepthRangef.o)
[162] /Applications/Marmalade.app/Contents/modules/iwgl/lib/x86/darwin/libiwgl_d.a(iwglstub_glDepthRangex.o)
[163] /Applications/Marmalade.app/Contents/modules/iwgl/lib/x86/darwin/libiwgl_d.a(iwglstub_glDetachShader.o)
[164] /Applications/Marmalade.app/Contents/modules/iwgl/lib/x86/darwin/libiwgl_d.a(iwglstub_glDisable.o)
[165] /Applications/Marmalade.app/Contents/modules/iwgl/lib/x86/darwin/libiwgl_d.a(iwglstub_glDisableClientState.o)
[166] /Applications/Marmalade.app/Contents/modules/iwgl/lib/x86/darwin/libiwgl_d.a(iwglstub_glDisableVertexAttribArray.o)
[167] /Applications/Marmalade.app/Contents/modules/iwgl/lib/x86/darwin/libiwgl_d.a(iwglstub_glDrawArrays.o)
[168] /Applications/Marmalade.app/Contents/modules/iwgl/lib/x86/darwin/libiwgl_d.a(iwglstub_glDrawElements.o)
[169] /Applications/Marmalade.app/Contents/modules/iwgl/lib/x86/darwin/libiwgl_d.a(iwglstub_glEnable.o)
[170] /Applications/Marmalade.app/Contents/modules/iwgl/lib/x86/darwin/libiwgl_d.a(iwglstub_glEnableClientState.o)
[171] /Applications/Marmalade.app/Contents/modules/iwgl/lib/x86/darwin/libiwgl_d.a(iwglstub_glEnableVertexAttribArray.o)
[172] /Applications/Marmalade.app/Contents/modules/iwgl/lib/x86/darwin/libiwgl_d.a(iwglstub_glFogf.o)
[173] /Applications/Marmalade.app/Contents/modules/iwgl/lib/x86/darwin/libiwgl_d.a(iwglstub_glFogfv.o)
[174] /Applications/Marmalade.app/Contents/modules/iwgl/lib/x86/darwin/libiwgl_d.a(iwglstub_glFogx.o)
[175] /Applications/Marmalade.app/Contents/modules/iwgl/lib/x86/darwin/libiwgl_d.a(iwglstub_glFogxv.o)
[176] /Applications/Marmalade.app/Contents/modules/iwgl/lib/x86/darwin/libiwgl_d.a(iwglstub_glFramebufferRenderbuffer.o)
[177] /Applications/Marmalade.app/Contents/modules/iwgl/lib/x86/darwin/libiwgl_d.a(iwglstub_glFramebufferTexture2D.o)
[178] /Applications/Marmalade.app/Contents/modules/iwgl/lib/x86/darwin/libiwgl_d.a(iwglstub_glFrontFace.o)
[179] /Applications/Marmalade.app/Contents/modules/iwgl/lib/x86/darwin/libiwgl_d.a(iwglstub_glFrustumf.o)
[180] /Applications/Marmalade.app/Contents/modules/iwgl/lib/x86/darwin/libiwgl_d.a(iwglstub_glGenFramebuffers.o)
[181] /Applications/Marmalade.app/Contents/modules/iwgl/lib/x86/darwin/libiwgl_d.a(iwglstub_glGenRenderbuffers.o)
[182] /Applications/Marmalade.app/Contents/modules/iwgl/lib/x86/darwin/libiwgl_d.a(iwglstub_glGenTextures.o)
[183] /Applications/Marmalade.app/Contents/modules/iwgl/lib/x86/darwin/libiwgl_d.a(iwglstub_glGenerateMipmap.o)
[184] /Applications/Marmalade.app/Contents/modules/iwgl/lib/x86/darwin/libiwgl_d.a(iwglstub_glGetAttribLocation.o)
[185] /Applications/Marmalade.app/Contents/modules/iwgl/lib/x86/darwin/libiwgl_d.a(iwglstub_glGetBooleanv.o)
[186] /Applications/Marmalade.app/Contents/modules/iwgl/lib/x86/darwin/libiwgl_d.a(iwglstub_glGetError.o)
[187] /Applications/Marmalade.app/Contents/modules/iwgl/lib/x86/darwin/libiwgl_d.a(iwglstub_glGetFloatv.o)
[188] /Applications/Marmalade.app/Contents/modules/iwgl/lib/x86/darwin/libiwgl_d.a(iwglstub_glGetFramebufferAttachmentParameteriv.o)
[189] /Applications/Marmalade.app/Contents/modules/iwgl/lib/x86/darwin/libiwgl_d.a(iwglstub_glGetIntegerv.o)
[190] /Applications/Marmalade.app/Contents/modules/iwgl/lib/x86/darwin/libiwgl_d.a(iwglstub_glGetProgramInfoLog.o)
[191] /Applications/Marmalade.app/Contents/modules/iwgl/lib/x86/darwin/libiwgl_d.a(iwglstub_glGetProgramiv.o)
[192] /Applications/Marmalade.app/Contents/modules/iwgl/lib/x86/darwin/libiwgl_d.a(iwglstub_glGetRenderbufferParameteriv.o)
[193] /Applications/Marmalade.app/Contents/modules/iwgl/lib/x86/darwin/libiwgl_d.a(iwglstub_glGetShaderInfoLog.o)
[194] /Applications/Marmalade.app/Contents/modules/iwgl/lib/x86/darwin/libiwgl_d.a(iwglstub_glGetShaderiv.o)
[195] /Applications/Marmalade.app/Contents/modules/iwgl/lib/x86/darwin/libiwgl_d.a(iwglstub_glGetString.o)
[196] /Applications/Marmalade.app/Contents/modules/iwgl/lib/x86/darwin/libiwgl_d.a(iwglstub_glGetUniformLocation.o)
[197] /Applications/Marmalade.app/Contents/modules/iwgl/lib/x86/darwin/libiwgl_d.a(iwglstub_glHint.o)
[198] /Applications/Marmalade.app/Contents/modules/iwgl/lib/x86/darwin/libiwgl_d.a(iwglstub_glIsFramebuffer.o)
[199] /Applications/Marmalade.app/Contents/modules/iwgl/lib/x86/darwin/libiwgl_d.a(iwglstub_glIsRenderbuffer.o)
[200] /Applications/Marmalade.app/Contents/modules/iwgl/lib/x86/darwin/libiwgl_d.a(iwglstub_glLightModelf.o)
[201] /Applications/Marmalade.app/Contents/modules/iwgl/lib/x86/darwin/libiwgl_d.a(iwglstub_glLightModelfv.o)
[202] /Applications/Marmalade.app/Contents/modules/iwgl/lib/x86/darwin/libiwgl_d.a(iwglstub_glLightModelx.o)
[203] /Applications/Marmalade.app/Contents/modules/iwgl/lib/x86/darwin/libiwgl_d.a(iwglstub_glLightModelxv.o)
[204] /Applications/Marmalade.app/Contents/modules/iwgl/lib/x86/darwin/libiwgl_d.a(iwglstub_glLightf.o)
[205] /Applications/Marmalade.app/Contents/modules/iwgl/lib/x86/darwin/libiwgl_d.a(iwglstub_glLightfv.o)
[206] /Applications/Marmalade.app/Contents/modules/iwgl/lib/x86/darwin/libiwgl_d.a(iwglstub_glLightx.o)
[207] /Applications/Marmalade.app/Contents/modules/iwgl/lib/x86/darwin/libiwgl_d.a(iwglstub_glLightxv.o)
[208] /Applications/Marmalade.app/Contents/modules/iwgl/lib/x86/darwin/libiwgl_d.a(iwglstub_glLineWidth.o)
[209] /Applications/Marmalade.app/Contents/modules/iwgl/lib/x86/darwin/libiwgl_d.a(iwglstub_glLineWidthx.o)
[210] /Applications/Marmalade.app/Contents/modules/iwgl/lib/x86/darwin/libiwgl_d.a(iwglstub_glLinkProgram.o)
[211] /Applications/Marmalade.app/Contents/modules/iwgl/lib/x86/darwin/libiwgl_d.a(iwglstub_glLoadIdentity.o)
[212] /Applications/Marmalade.app/Contents/modules/iwgl/lib/x86/darwin/libiwgl_d.a(iwglstub_glLoadMatrixf.o)
[213] /Applications/Marmalade.app/Contents/modules/iwgl/lib/x86/darwin/libiwgl_d.a(iwglstub_glLoadMatrixx.o)
[214] /Applications/Marmalade.app/Contents/modules/iwgl/lib/x86/darwin/libiwgl_d.a(iwglstub_glLogicOp.o)
[215] /Applications/Marmalade.app/Contents/modules/iwgl/lib/x86/darwin/libiwgl_d.a(iwglstub_glMaterialf.o)
[216] /Applications/Marmalade.app/Contents/modules/iwgl/lib/x86/darwin/libiwgl_d.a(iwglstub_glMaterialfv.o)
[217] /Applications/Marmalade.app/Contents/modules/iwgl/lib/x86/darwin/libiwgl_d.a(iwglstub_glMaterialx.o)
[218] /Applications/Marmalade.app/Contents/modules/iwgl/lib/x86/darwin/libiwgl_d.a(iwglstub_glMaterialxv.o)
[219] /Applications/Marmalade.app/Contents/modules/iwgl/lib/x86/darwin/libiwgl_d.a(iwglstub_glMatrixMode.o)
[220] /Applications/Marmalade.app/Contents/modules/iwgl/lib/x86/darwin/libiwgl_d.a(iwglstub_glMultMatrixf.o)
[221] /Applications/Marmalade.app/Contents/modules/iwgl/lib/x86/darwin/libiwgl_d.a(iwglstub_glMultMatrixx.o)
[222] /Applications/Marmalade.app/Contents/modules/iwgl/lib/x86/darwin/libiwgl_d.a(iwglstub_glMultiTexCoord4f.o)
[223] /Applications/Marmalade.app/Contents/modules/iwgl/lib/x86/darwin/libiwgl_d.a(iwglstub_glMultiTexCoord4x.o)
[224] /Applications/Marmalade.app/Contents/modules/iwgl/lib/x86/darwin/libiwgl_d.a(iwglstub_glNormal3f.o)
[225] /Applications/Marmalade.app/Contents/modules/iwgl/lib/x86/darwin/libiwgl_d.a(iwglstub_glNormal3x.o)
[226] /Applications/Marmalade.app/Contents/modules/iwgl/lib/x86/darwin/libiwgl_d.a(iwglstub_glNormalPointer.o)
[227] /Applications/Marmalade.app/Contents/modules/iwgl/lib/x86/darwin/libiwgl_d.a(iwglstub_glOrthox.o)
[228] /Applications/Marmalade.app/Contents/modules/iwgl/lib/x86/darwin/libiwgl_d.a(iwglstub_glPixelStorei.o)
[229] /Applications/Marmalade.app/Contents/modules/iwgl/lib/x86/darwin/libiwgl_d.a(iwglstub_glPolygonOffset.o)
[230] /Applications/Marmalade.app/Contents/modules/iwgl/lib/x86/darwin/libiwgl_d.a(iwglstub_glPolygonOffsetx.o)
[231] /Applications/Marmalade.app/Contents/modules/iwgl/lib/x86/darwin/libiwgl_d.a(iwglstub_glReadPixels.o)
[232] /Applications/Marmalade.app/Contents/modules/iwgl/lib/x86/darwin/libiwgl_d.a(iwglstub_glRenderbufferStorage.o)
[233] /Applications/Marmalade.app/Contents/modules/iwgl/lib/x86/darwin/libiwgl_d.a(iwglstub_glRotatef.o)
[234] /Applications/Marmalade.app/Contents/modules/iwgl/lib/x86/darwin/libiwgl_d.a(iwglstub_glRotatex.o)
[235] /Applications/Marmalade.app/Contents/modules/iwgl/lib/x86/darwin/libiwgl_d.a(iwglstub_glScalef.o)
[236] /Applications/Marmalade.app/Contents/modules/iwgl/lib/x86/darwin/libiwgl_d.a(iwglstub_glScalex.o)
[237] /Applications/Marmalade.app/Contents/modules/iwgl/lib/x86/darwin/libiwgl_d.a(iwglstub_glScissor.o)
[238] /Applications/Marmalade.app/Contents/modules/iwgl/lib/x86/darwin/libiwgl_d.a(iwglstub_glShadeModel.o)
[239] /Applications/Marmalade.app/Contents/modules/iwgl/lib/x86/darwin/libiwgl_d.a(iwglstub_glShaderBinary.o)
[240] /Applications/Marmalade.app/Contents/modules/iwgl/lib/x86/darwin/libiwgl_d.a(iwglstub_glShaderSource.o)
[241] /Applications/Marmalade.app/Contents/modules/iwgl/lib/x86/darwin/libiwgl_d.a(iwglstub_glStencilFunc.o)
[242] /Applications/Marmalade.app/Contents/modules/iwgl/lib/x86/darwin/libiwgl_d.a(iwglstub_glStencilFuncSeparate.o)
[243] /Applications/Marmalade.app/Contents/modules/iwgl/lib/x86/darwin/libiwgl_d.a(iwglstub_glStencilMask.o)
[244] /Applications/Marmalade.app/Contents/modules/iwgl/lib/x86/darwin/libiwgl_d.a(iwglstub_glStencilMaskSeparate.o)
[245] /Applications/Marmalade.app/Contents/modules/iwgl/lib/x86/darwin/libiwgl_d.a(iwglstub_glStencilOp.o)
[246] /Applications/Marmalade.app/Contents/modules/iwgl/lib/x86/darwin/libiwgl_d.a(iwglstub_glStencilOpSeparate.o)
[247] /Applications/Marmalade.app/Contents/modules/iwgl/lib/x86/darwin/libiwgl_d.a(iwglstub_glTexCoordPointer.o)
[248] /Applications/Marmalade.app/Contents/modules/iwgl/lib/x86/darwin/libiwgl_d.a(iwglstub_glTexEnvf.o)
[249] /Applications/Marmalade.app/Contents/modules/iwgl/lib/x86/darwin/libiwgl_d.a(iwglstub_glTexEnvfv.o)
[250] /Applications/Marmalade.app/Contents/modules/iwgl/lib/x86/darwin/libiwgl_d.a(iwglstub_glTexEnvi.o)
[251] /Applications/Marmalade.app/Contents/modules/iwgl/lib/x86/darwin/libiwgl_d.a(iwglstub_glTexEnvx.o)
[252] /Applications/Marmalade.app/Contents/modules/iwgl/lib/x86/darwin/libiwgl_d.a(iwglstub_glTexEnvxv.o)
[253] /Applications/Marmalade.app/Contents/modules/iwgl/lib/x86/darwin/libiwgl_d.a(iwglstub_glTexImage2D.o)
[254] /Applications/Marmalade.app/Contents/modules/iwgl/lib/x86/darwin/libiwgl_d.a(iwglstub_glTexImage3D.o)
[255] /Applications/Marmalade.app/Contents/modules/iwgl/lib/x86/darwin/libiwgl_d.a(iwglstub_glTexParameterf.o)
[256] /Applications/Marmalade.app/Contents/modules/iwgl/lib/x86/darwin/libiwgl_d.a(iwglstub_glTexParameteri.o)
[257] /Applications/Marmalade.app/Contents/modules/iwgl/lib/x86/darwin/libiwgl_d.a(iwglstub_glTexParameterx.o)
[258] /Applications/Marmalade.app/Contents/modules/iwgl/lib/x86/darwin/libiwgl_d.a(iwglstub_glTexSubImage2D.o)
[259] /Applications/Marmalade.app/Contents/modules/iwgl/lib/x86/darwin/libiwgl_d.a(iwglstub_glTranslatef.o)
[260] /Applications/Marmalade.app/Contents/modules/iwgl/lib/x86/darwin/libiwgl_d.a(iwglstub_glTranslatex.o)
[261] /Applications/Marmalade.app/Contents/modules/iwgl/lib/x86/darwin/libiwgl_d.a(iwglstub_glUniform1f.o)
[262] /Applications/Marmalade.app/Contents/modules/iwgl/lib/x86/darwin/libiwgl_d.a(iwglstub_glUniform1fv.o)
[263] /Applications/Marmalade.app/Contents/modules/iwgl/lib/x86/darwin/libiwgl_d.a(iwglstub_glUniform1i.o)
[264] /Applications/Marmalade.app/Contents/modules/iwgl/lib/x86/darwin/libiwgl_d.a(iwglstub_glUniform1iv.o)
[265] /Applications/Marmalade.app/Contents/modules/iwgl/lib/x86/darwin/libiwgl_d.a(iwglstub_glUniform2fv.o)
[266] /Applications/Marmalade.app/Contents/modules/iwgl/lib/x86/darwin/libiwgl_d.a(iwglstub_glUniform2iv.o)
[267] /Applications/Marmalade.app/Contents/modules/iwgl/lib/x86/darwin/libiwgl_d.a(iwglstub_glUniform3fv.o)
[268] /Applications/Marmalade.app/Contents/modules/iwgl/lib/x86/darwin/libiwgl_d.a(iwglstub_glUniform3iv.o)
[269] /Applications/Marmalade.app/Contents/modules/iwgl/lib/x86/darwin/libiwgl_d.a(iwglstub_glUniform4f.o)
[270] /Applications/Marmalade.app/Contents/modules/iwgl/lib/x86/darwin/libiwgl_d.a(iwglstub_glUniform4fv.o)
[271] /Applications/Marmalade.app/Contents/modules/iwgl/lib/x86/darwin/libiwgl_d.a(iwglstub_glUniform4iv.o)
[272] /Applications/Marmalade.app/Contents/modules/iwgl/lib/x86/darwin/libiwgl_d.a(iwglstub_glUniformMatrix2fv.o)
[273] /Applications/Marmalade.app/Contents/modules/iwgl/lib/x86/darwin/libiwgl_d.a(iwglstub_glUniformMatrix3fv.o)
[274] /Applications/Marmalade.app/Contents/modules/iwgl/lib/x86/darwin/libiwgl_d.a(iwglstub_glUniformMatrix4fv.o)
[275] /Applications/Marmalade.app/Contents/modules/iwgl/lib/x86/darwin/libiwgl_d.a(iwglstub_glUseProgram.o)
[276] /Applications/Marmalade.app/Contents/modules/iwgl/lib/x86/darwin/libiwgl_d.a(iwglstub_glVertexAttribIPointer.o)
[277] /Applications/Marmalade.app/Contents/modules/iwgl/lib/x86/darwin/libiwgl_d.a(iwglstub_glVertexAttribPointer.o)
[278] /Applications/Marmalade.app/Contents/modules/iwgl/lib/x86/darwin/libiwgl_d.a(iwglstub_glVertexPointer.o)
[279] /Applications/Marmalade.app/Contents/modules/iwgl/lib/x86/darwin/libiwgl_d.a(iwglstub_glViewport.o)
[280] /Applications/Marmalade.app/Contents/modules/iwgl/lib/x86/darwin/libiwgl_d.a(IwEGLHelper.o)
[281] /Applications/Marmalade.app/Contents/modules/iwgl/lib/x86/darwin/libiwgl_d.a(IwGL.o)
[282] /Applications/Marmalade.app/Contents/modules/iwgl/lib/x86/darwin/libiwgl_d.a(IwGLDrawRect.o)
[283] /Applications/Marmalade.app/Contents/modules/iwgl/lib/x86/darwin/libiwgl_d.a(IwGLEGL.o)
[284] /Applications/Marmalade.app/Contents/modules/iwgl/lib/x86/darwin/libiwgl_d.a(IwGLEnum.o)
[285] /Applications/Marmalade.app/Contents/modules/iwgl/lib/x86/darwin/libiwgl_d.a(IwGLExt.o)
[286] /Applications/Marmalade.app/Contents/modules/iwgl/lib/x86/darwin/libiwgl_d.a(IwGLFBOCache.o)
[287] /Applications/Marmalade.app/Contents/modules/iwgl/lib/x86/darwin/libiwgl_d.a(IwGLFBOObj.o)
[288] /Applications/Marmalade.app/Contents/modules/iwgl/lib/x86/darwin/libiwgl_d.a(IwGLFeedbackObj.o)
[289] /Applications/Marmalade.app/Contents/modules/iwgl/lib/x86/darwin/libiwgl_d.a(IwGLGet.o)
[290] /Applications/Marmalade.app/Contents/modules/iwgl/lib/x86/darwin/libiwgl_d.a(IwGLQueryObj.o)
[291] /Applications/Marmalade.app/Contents/modules/iwgl/lib/x86/darwin/libiwgl_d.a(IwGLSamplerObj.o)
[292] /Applications/Marmalade.app/Contents/modules/iwgl/lib/x86/darwin/libiwgl_d.a(IwGLShaderCache.o)
[293] /Applications/Marmalade.app/Contents/modules/iwgl/lib/x86/darwin/libiwgl_d.a(IwGLShaderObj.o)
[294] /Applications/Marmalade.app/Contents/modules/iwgl/lib/x86/darwin/libiwgl_d.a(IwGLStateCache.o)
[295] /Applications/Marmalade.app/Contents/modules/iwgl/lib/x86/darwin/libiwgl_d.a(IwGLTexCache.o)
[296] /Applications/Marmalade.app/Contents/modules/iwgl/lib/x86/darwin/libiwgl_d.a(IwGLTexObj.o)
[297] /Applications/Marmalade.app/Contents/modules/iwgl/lib/x86/darwin/libiwgl_d.a(IwGLVAOObj.o)
[298] /Applications/Marmalade.app/Contents/modules/iwgl/lib/x86/darwin/libiwgl_d.a(IwGLVBOCache.o)
[299] /Applications/Marmalade.app/Contents/modules/iwgl/lib/x86/darwin/libiwgl_d.a(IwGLVBOObj.o)
[300] /Applications/Marmalade.app/Contents/modules/iwgl/lib/x86/darwin/libiwgl_d.a(IwGLVirtualRes.o)
[301] /Applications/Marmalade.app/Contents/modules/iwgl/lib/x86/darwin/libiwgl_d.a(IwGLWrappers.o)
[302] /Applications/Marmalade.app/Contents/modules/iwgeom/lib/x86/darwin/libiwgeom_d.a(IwGeomCore.o)
[303] /Applications/Marmalade.app/Contents/modules/iwgeom/lib/x86/darwin/libiwgeom_d.a(IwGeomFMat.o)
[304] /Applications/Marmalade.app/Contents/modules/iwgeom/lib/x86/darwin/libiwgeom_d.a(IwGeomFMat2D.o)
[305] /Applications/Marmalade.app/Contents/modules/iwgeom/lib/x86/darwin/libiwgeom_d.a(IwGeomFQuat.o)
[306] /Applications/Marmalade.app/Contents/modules/iwgeom/lib/x86/darwin/libiwgeom_d.a(IwGeomFVec2.o)
[307] /Applications/Marmalade.app/Contents/modules/iwgeom/lib/x86/darwin/libiwgeom_d.a(IwGeomFVec3.o)
[308] /Applications/Marmalade.app/Contents/modules/iwgeom/lib/x86/darwin/libiwgeom_d.a(IwGeomFVec4.o)
[309] /Applications/Marmalade.app/Contents/modules/iwgeom/lib/x86/darwin/libiwgeom_d.a(IwGeomMat.o)
[310] /Applications/Marmalade.app/Contents/modules/iwgeom/lib/x86/darwin/libiwgeom_d.a(IwGeomMat2D.o)
[311] /Applications/Marmalade.app/Contents/modules/iwgeom/lib/x86/darwin/libiwgeom_d.a(IwGeomPlane.o)
[312] /Applications/Marmalade.app/Contents/modules/iwgeom/lib/x86/darwin/libiwgeom_d.a(IwGeomQuat.o)
[313] /Applications/Marmalade.app/Contents/modules/iwgeom/lib/x86/darwin/libiwgeom_d.a(IwGeomSQuat.o)
[314] /Applications/Marmalade.app/Contents/modules/iwgeom/lib/x86/darwin/libiwgeom_d.a(IwGeomSVec2.o)
[315] /Applications/Marmalade.app/Contents/modules/iwgeom/lib/x86/darwin/libiwgeom_d.a(IwGeomSVec3.o)
[316] /Applications/Marmalade.app/Contents/modules/iwgeom/lib/x86/darwin/libiwgeom_d.a(IwGeomSVec4.o)
[317] /Applications/Marmalade.app/Contents/modules/iwgeom/lib/x86/darwin/libiwgeom_d.a(IwGeomSqrt.o)
[318] /Applications/Marmalade.app/Contents/modules/iwgeom/lib/x86/darwin/libiwgeom_d.a(IwGeomVec2.o)
[319] /Applications/Marmalade.app/Contents/modules/iwgeom/lib/x86/darwin/libiwgeom_d.a(IwGeomVec3.o)
[320] /Applications/Marmalade.app/Contents/modules/iwgeom/lib/x86/darwin/libiwgeom_d.a(IwGeomVec4.o)
[321] /Applications/Marmalade.app/Contents/modules/iwresmanager/lib/x86/darwin/libiwresmanager_d.a(IwResGroup.o)
[322] /Applications/Marmalade.app/Contents/modules/iwresmanager/lib/x86/darwin/libiwresmanager_d.a(IwResGroupHST.o)
[323] /Applications/Marmalade.app/Contents/modules/iwresmanager/lib/x86/darwin/libiwresmanager_d.a(IwResHandler.o)
[324] /Applications/Marmalade.app/Contents/modules/iwresmanager/lib/x86/darwin/libiwresmanager_d.a(IwResManager.o)
[325] /Applications/Marmalade.app/Contents/modules/iwresmanager/lib/x86/darwin/libiwresmanager_d.a(IwResSerialise.o)
[326] /Applications/Marmalade.app/Contents/s3e/lib/x86/darwin/libs3e_cpp_d.a(codecvt.o)
[327] /Applications/Marmalade.app/Contents/s3e/lib/x86/darwin/libs3e_cpp_d.a(collate.o)
[328] /Applications/Marmalade.app/Contents/s3e/lib/x86/darwin/libs3e_cpp_d.a(ctype.o)
[329] /Applications/Marmalade.app/Contents/s3e/lib/x86/darwin/libs3e_cpp_d.a(dll_main.o)
[330] /Applications/Marmalade.app/Contents/s3e/lib/x86/darwin/libs3e_cpp_d.a(fstream.o)
[331] /Applications/Marmalade.app/Contents/s3e/lib/x86/darwin/libs3e_cpp_d.a(ios.o)
[332] /Applications/Marmalade.app/Contents/s3e/lib/x86/darwin/libs3e_cpp_d.a(iostream.o)
[333] /Applications/Marmalade.app/Contents/s3e/lib/x86/darwin/libs3e_cpp_d.a(locale_impl.o)
[334] /Applications/Marmalade.app/Contents/s3e/lib/x86/darwin/libs3e_cpp_d.a(messages.o)
[335] /Applications/Marmalade.app/Contents/s3e/lib/x86/darwin/libs3e_cpp_d.a(monetary.o)
[336] /Applications/Marmalade.app/Contents/s3e/lib/x86/darwin/libs3e_cpp_d.a(num_get.o)
[337] /Applications/Marmalade.app/Contents/s3e/lib/x86/darwin/libs3e_cpp_d.a(num_get_float.o)
[338] /Applications/Marmalade.app/Contents/s3e/lib/x86/darwin/libs3e_cpp_d.a(num_put.o)
[339] /Applications/Marmalade.app/Contents/s3e/lib/x86/darwin/libs3e_cpp_d.a(num_put_float.o)
[340] /Applications/Marmalade.app/Contents/s3e/lib/x86/darwin/libs3e_cpp_d.a(numpunct.o)
[341] /Applications/Marmalade.app/Contents/s3e/lib/x86/darwin/libs3e_cpp_d.a(stdio_streambuf.o)
[342] /Applications/Marmalade.app/Contents/s3e/lib/x86/darwin/libs3e_cpp_d.a(time_facets.o)
[343] /Applications/Marmalade.app/Contents/s3e/lib/x86/darwin/libs3e_cpp_d.a(array_delete.o)
[344] /Applications/Marmalade.app/Contents/s3e/lib/x86/darwin/libs3e_cpp_d.a(array_new.o)
[345] /Applications/Marmalade.app/Contents/s3e/lib/x86/darwin/libs3e_cpp_d.a(delete.o)
[346] /Applications/Marmalade.app/Contents/s3e/lib/x86/darwin/libs3e_cpp_d.a(new.o)
[347] /Applications/Marmalade.app/Contents/s3e/lib/x86/darwin/libs3e_d.a(iwcrt_common.o)
[348] /Applications/Marmalade.app/Contents/s3e/lib/x86/darwin/libs3e_d.a(iwmain.o)
[349] /Applications/Marmalade.app/Contents/s3e/lib/x86/darwin/libs3e_d.a(malloc.o)
[350] /Applications/Marmalade.app/Contents/s3e/lib/x86/darwin/libs3e_d.a(pthread_mutex.o)
[351] /Applications/Marmalade.app/Contents/s3e/lib/x86/darwin/libs3e_d.a(pthread_tls.o)
[352] /Applications/Marmalade.app/Contents/s3e/lib/x86/darwin/libs3e_d.a(pthreads.o)
[353] /Applications/Marmalade.app/Contents/s3e/lib/x86/darwin/libs3e_d.a(signal.o)
[354] /Applications/Marmalade.app/Contents/s3e/lib/x86/darwin/libs3e_d.a(sockets.o)
[355] /Applications/Marmalade.app/Contents/s3e/lib/x86/darwin/libs3e_d.a(stdlib.o)
[356] /Applications/Marmalade.app/Contents/s3e/lib/x86/darwin/libs3e_d.a(stdout.o)
[357] /Applications/Marmalade.app/Contents/s3e/lib/x86/darwin/libs3e_d.a(string.o)
[358] /Applications/Marmalade.app/Contents/s3e/lib/x86/darwin/libs3e_d.a(time.o)
[359] /Applications/Marmalade.app/Contents/s3e/lib/x86/darwin/libs3e_d.a(s3eMalloc_eapi.o)
[360] /Applications/Marmalade.app/Contents/s3e/lib/x86/darwin/libs3e_d.a(s3eMemory_eapi.o)
[361] /Applications/Marmalade.app/Contents/s3e/lib/x86/darwin/libs3e_d.a(IwAllocator.o)
[362] /Applications/Marmalade.app/Contents/s3e/lib/x86/darwin/libs3e_d.a(IwDebug.o)
[363] /Applications/Marmalade.app/Contents/s3e/lib/x86/darwin/libs3e_d.a(IwPath.o)
[364] /Applications/Marmalade.app/Contents/s3e/lib/x86/darwin/libs3e_d.a(s3eDebugHeap_interface.o)
[365] /Applications/Marmalade.app/Contents/s3e/lib/x86/darwin/libs3e_d.a(s3eMetrics_interface.o)
[366] /Applications/Marmalade.app/Contents/s3e/lib/x86/darwin/libs3e_d.a(s3eOSExec_interface.o)
[367] /Applications/Marmalade.app/Contents/s3e/lib/x86/darwin/libs3e_d.a(s3eThread_interface.o)
[368] /Applications/Marmalade.app/Contents/s3e/lib/x86/darwin/libs3e_d.a(iwcrt_gcc_init.o)
[369] /Applications/Marmalade.app/Contents/s3e/lib/x86/darwin/libs3e_d.a(newlib_impl.o)
[370] /Applications/Marmalade.app/Contents/s3e/lib/x86/darwin/libs3e_d.a(iwcrt_api_bind.o)
[371] /Applications/Marmalade.app/Contents/s3e/lib/x86/darwin/libs3e_d.a(iwcrt_gcc_x86.o)
[372] /Applications/Marmalade.app/Contents/s3e/lib/x86/darwin/libs3e_d.a(iwcrt_osx.o)
[373] /Applications/Marmalade.app/Contents/s3e/lib/x86/darwin/libs3e_api_iwgl.a(__eglGetProcAddress.o)
[374] /Applications/Marmalade.app/Contents/s3e/lib/x86/darwin/libs3e_api_iwgl.a(__glActiveTexture.o)
[375] /Applications/Marmalade.app/Contents/s3e/lib/x86/darwin/libs3e_api_iwgl.a(__glAlphaFunc.o)
[376] /Applications/Marmalade.app/Contents/s3e/lib/x86/darwin/libs3e_api_iwgl.a(__glAlphaFuncx.o)
[377] /Applications/Marmalade.app/Contents/s3e/lib/x86/darwin/libs3e_api_iwgl.a(__glAttachShader.o)
[378] /Applications/Marmalade.app/Contents/s3e/lib/x86/darwin/libs3e_api_iwgl.a(__glBindAttribLocation.o)
[379] /Applications/Marmalade.app/Contents/s3e/lib/x86/darwin/libs3e_api_iwgl.a(__glBindBuffer.o)
[380] /Applications/Marmalade.app/Contents/s3e/lib/x86/darwin/libs3e_api_iwgl.a(__glBindBufferBase.o)
[381] /Applications/Marmalade.app/Contents/s3e/lib/x86/darwin/libs3e_api_iwgl.a(__glBindBufferRange.o)
[382] /Applications/Marmalade.app/Contents/s3e/lib/x86/darwin/libs3e_api_iwgl.a(__glBindFramebuffer.o)
[383] /Applications/Marmalade.app/Contents/s3e/lib/x86/darwin/libs3e_api_iwgl.a(__glBindRenderbuffer.o)
[384] /Applications/Marmalade.app/Contents/s3e/lib/x86/darwin/libs3e_api_iwgl.a(__glBindSampler.o)
[385] /Applications/Marmalade.app/Contents/s3e/lib/x86/darwin/libs3e_api_iwgl.a(__glBindTexture.o)
[386] /Applications/Marmalade.app/Contents/s3e/lib/x86/darwin/libs3e_api_iwgl.a(__glBindTransformFeedback.o)
[387] /Applications/Marmalade.app/Contents/s3e/lib/x86/darwin/libs3e_api_iwgl.a(__glBindVertexArray.o)
[388] /Applications/Marmalade.app/Contents/s3e/lib/x86/darwin/libs3e_api_iwgl.a(__glBlendColor.o)
[389] /Applications/Marmalade.app/Contents/s3e/lib/x86/darwin/libs3e_api_iwgl.a(__glBlendEquationSeparate.o)
[390] /Applications/Marmalade.app/Contents/s3e/lib/x86/darwin/libs3e_api_iwgl.a(__glBlendFunc.o)
[391] /Applications/Marmalade.app/Contents/s3e/lib/x86/darwin/libs3e_api_iwgl.a(__glBlendFuncSeparate.o)
[392] /Applications/Marmalade.app/Contents/s3e/lib/x86/darwin/libs3e_api_iwgl.a(__glBufferData.o)
[393] /Applications/Marmalade.app/Contents/s3e/lib/x86/darwin/libs3e_api_iwgl.a(__glCheckFramebufferStatus.o)
[394] /Applications/Marmalade.app/Contents/s3e/lib/x86/darwin/libs3e_api_iwgl.a(__glClear.o)
[395] /Applications/Marmalade.app/Contents/s3e/lib/x86/darwin/libs3e_api_iwgl.a(__glClearColor.o)
[396] /Applications/Marmalade.app/Contents/s3e/lib/x86/darwin/libs3e_api_iwgl.a(__glClearColorx.o)
[397] /Applications/Marmalade.app/Contents/s3e/lib/x86/darwin/libs3e_api_iwgl.a(__glClearDepthf.o)
[398] /Applications/Marmalade.app/Contents/s3e/lib/x86/darwin/libs3e_api_iwgl.a(__glClearDepthx.o)
[399] /Applications/Marmalade.app/Contents/s3e/lib/x86/darwin/libs3e_api_iwgl.a(__glClearStencil.o)
[400] /Applications/Marmalade.app/Contents/s3e/lib/x86/darwin/libs3e_api_iwgl.a(__glClientActiveTexture.o)
[401] /Applications/Marmalade.app/Contents/s3e/lib/x86/darwin/libs3e_api_iwgl.a(__glClipPlanef.o)
[402] /Applications/Marmalade.app/Contents/s3e/lib/x86/darwin/libs3e_api_iwgl.a(__glClipPlanex.o)
[403] /Applications/Marmalade.app/Contents/s3e/lib/x86/darwin/libs3e_api_iwgl.a(__glColor4f.o)
[404] /Applications/Marmalade.app/Contents/s3e/lib/x86/darwin/libs3e_api_iwgl.a(__glColor4x.o)
[405] /Applications/Marmalade.app/Contents/s3e/lib/x86/darwin/libs3e_api_iwgl.a(__glColorMask.o)
[406] /Applications/Marmalade.app/Contents/s3e/lib/x86/darwin/libs3e_api_iwgl.a(__glColorPointer.o)
[407] /Applications/Marmalade.app/Contents/s3e/lib/x86/darwin/libs3e_api_iwgl.a(__glCompileShader.o)
[408] /Applications/Marmalade.app/Contents/s3e/lib/x86/darwin/libs3e_api_iwgl.a(__glCompressedTexImage2D.o)
[409] /Applications/Marmalade.app/Contents/s3e/lib/x86/darwin/libs3e_api_iwgl.a(__glCompressedTexImage3D.o)
[410] /Applications/Marmalade.app/Contents/s3e/lib/x86/darwin/libs3e_api_iwgl.a(__glCreateProgram.o)
[411] /Applications/Marmalade.app/Contents/s3e/lib/x86/darwin/libs3e_api_iwgl.a(__glCreateShader.o)
[412] /Applications/Marmalade.app/Contents/s3e/lib/x86/darwin/libs3e_api_iwgl.a(__glCullFace.o)
[413] /Applications/Marmalade.app/Contents/s3e/lib/x86/darwin/libs3e_api_iwgl.a(__glDeleteBuffers.o)
[414] /Applications/Marmalade.app/Contents/s3e/lib/x86/darwin/libs3e_api_iwgl.a(__glDeleteFramebuffers.o)
[415] /Applications/Marmalade.app/Contents/s3e/lib/x86/darwin/libs3e_api_iwgl.a(__glDeleteProgram.o)
[416] /Applications/Marmalade.app/Contents/s3e/lib/x86/darwin/libs3e_api_iwgl.a(__glDeleteRenderbuffers.o)
[417] /Applications/Marmalade.app/Contents/s3e/lib/x86/darwin/libs3e_api_iwgl.a(__glDeleteSamplers.o)
[418] /Applications/Marmalade.app/Contents/s3e/lib/x86/darwin/libs3e_api_iwgl.a(__glDeleteShader.o)
[419] /Applications/Marmalade.app/Contents/s3e/lib/x86/darwin/libs3e_api_iwgl.a(__glDeleteTextures.o)
[420] /Applications/Marmalade.app/Contents/s3e/lib/x86/darwin/libs3e_api_iwgl.a(__glDeleteVertexArrays.o)
[421] /Applications/Marmalade.app/Contents/s3e/lib/x86/darwin/libs3e_api_iwgl.a(__glDepthFunc.o)
[422] /Applications/Marmalade.app/Contents/s3e/lib/x86/darwin/libs3e_api_iwgl.a(__glDepthMask.o)
[423] /Applications/Marmalade.app/Contents/s3e/lib/x86/darwin/libs3e_api_iwgl.a(__glDepthRangef.o)
[424] /Applications/Marmalade.app/Contents/s3e/lib/x86/darwin/libs3e_api_iwgl.a(__glDepthRangex.o)
[425] /Applications/Marmalade.app/Contents/s3e/lib/x86/darwin/libs3e_api_iwgl.a(__glDetachShader.o)
[426] /Applications/Marmalade.app/Contents/s3e/lib/x86/darwin/libs3e_api_iwgl.a(__glDisable.o)
[427] /Applications/Marmalade.app/Contents/s3e/lib/x86/darwin/libs3e_api_iwgl.a(__glDisableClientState.o)
[428] /Applications/Marmalade.app/Contents/s3e/lib/x86/darwin/libs3e_api_iwgl.a(__glDisableVertexAttribArray.o)
[429] /Applications/Marmalade.app/Contents/s3e/lib/x86/darwin/libs3e_api_iwgl.a(__glDrawArrays.o)
[430] /Applications/Marmalade.app/Contents/s3e/lib/x86/darwin/libs3e_api_iwgl.a(__glDrawBuffers.o)
[431] /Applications/Marmalade.app/Contents/s3e/lib/x86/darwin/libs3e_api_iwgl.a(__glDrawElements.o)
[432] /Applications/Marmalade.app/Contents/s3e/lib/x86/darwin/libs3e_api_iwgl.a(__glEnable.o)
[433] /Applications/Marmalade.app/Contents/s3e/lib/x86/darwin/libs3e_api_iwgl.a(__glEnableClientState.o)
[434] /Applications/Marmalade.app/Contents/s3e/lib/x86/darwin/libs3e_api_iwgl.a(__glEnableVertexAttribArray.o)
[435] /Applications/Marmalade.app/Contents/s3e/lib/x86/darwin/libs3e_api_iwgl.a(__glFinish.o)
[436] /Applications/Marmalade.app/Contents/s3e/lib/x86/darwin/libs3e_api_iwgl.a(__glFogf.o)
[437] /Applications/Marmalade.app/Contents/s3e/lib/x86/darwin/libs3e_api_iwgl.a(__glFogfv.o)
[438] /Applications/Marmalade.app/Contents/s3e/lib/x86/darwin/libs3e_api_iwgl.a(__glFogx.o)
[439] /Applications/Marmalade.app/Contents/s3e/lib/x86/darwin/libs3e_api_iwgl.a(__glFogxv.o)
[440] /Applications/Marmalade.app/Contents/s3e/lib/x86/darwin/libs3e_api_iwgl.a(__glFramebufferRenderbuffer.o)
[441] /Applications/Marmalade.app/Contents/s3e/lib/x86/darwin/libs3e_api_iwgl.a(__glFramebufferTexture2D.o)
[442] /Applications/Marmalade.app/Contents/s3e/lib/x86/darwin/libs3e_api_iwgl.a(__glFramebufferTextureLayer.o)
[443] /Applications/Marmalade.app/Contents/s3e/lib/x86/darwin/libs3e_api_iwgl.a(__glFrontFace.o)
[444] /Applications/Marmalade.app/Contents/s3e/lib/x86/darwin/libs3e_api_iwgl.a(__glFrustumf.o)
[445] /Applications/Marmalade.app/Contents/s3e/lib/x86/darwin/libs3e_api_iwgl.a(__glGenBuffers.o)
[446] /Applications/Marmalade.app/Contents/s3e/lib/x86/darwin/libs3e_api_iwgl.a(__glGenFramebuffers.o)
[447] /Applications/Marmalade.app/Contents/s3e/lib/x86/darwin/libs3e_api_iwgl.a(__glGenRenderbuffers.o)
[448] /Applications/Marmalade.app/Contents/s3e/lib/x86/darwin/libs3e_api_iwgl.a(__glGenTextures.o)
[449] /Applications/Marmalade.app/Contents/s3e/lib/x86/darwin/libs3e_api_iwgl.a(__glGenerateMipmap.o)
[450] /Applications/Marmalade.app/Contents/s3e/lib/x86/darwin/libs3e_api_iwgl.a(__glGetActiveUniform.o)
[451] /Applications/Marmalade.app/Contents/s3e/lib/x86/darwin/libs3e_api_iwgl.a(__glGetAttribLocation.o)
[452] /Applications/Marmalade.app/Contents/s3e/lib/x86/darwin/libs3e_api_iwgl.a(__glGetBooleanv.o)
[453] /Applications/Marmalade.app/Contents/s3e/lib/x86/darwin/libs3e_api_iwgl.a(__glGetError.o)
[454] /Applications/Marmalade.app/Contents/s3e/lib/x86/darwin/libs3e_api_iwgl.a(__glGetFloatv.o)
[455] /Applications/Marmalade.app/Contents/s3e/lib/x86/darwin/libs3e_api_iwgl.a(__glGetFramebufferAttachmentParameteriv.o)
[456] /Applications/Marmalade.app/Contents/s3e/lib/x86/darwin/libs3e_api_iwgl.a(__glGetIntegerv.o)
[457] /Applications/Marmalade.app/Contents/s3e/lib/x86/darwin/libs3e_api_iwgl.a(__glGetProgramInfoLog.o)
[458] /Applications/Marmalade.app/Contents/s3e/lib/x86/darwin/libs3e_api_iwgl.a(__glGetProgramiv.o)
[459] /Applications/Marmalade.app/Contents/s3e/lib/x86/darwin/libs3e_api_iwgl.a(__glGetRenderbufferParameteriv.o)
[460] /Applications/Marmalade.app/Contents/s3e/lib/x86/darwin/libs3e_api_iwgl.a(__glGetShaderInfoLog.o)
[461] /Applications/Marmalade.app/Contents/s3e/lib/x86/darwin/libs3e_api_iwgl.a(__glGetShaderiv.o)
[462] /Applications/Marmalade.app/Contents/s3e/lib/x86/darwin/libs3e_api_iwgl.a(__glGetString.o)
[463] /Applications/Marmalade.app/Contents/s3e/lib/x86/darwin/libs3e_api_iwgl.a(__glGetUniformLocation.o)
[464] /Applications/Marmalade.app/Contents/s3e/lib/x86/darwin/libs3e_api_iwgl.a(__glHint.o)
[465] /Applications/Marmalade.app/Contents/s3e/lib/x86/darwin/libs3e_api_iwgl.a(__glIsFramebuffer.o)
[466] /Applications/Marmalade.app/Contents/s3e/lib/x86/darwin/libs3e_api_iwgl.a(__glIsRenderbuffer.o)
[467] /Applications/Marmalade.app/Contents/s3e/lib/x86/darwin/libs3e_api_iwgl.a(__glLightModelf.o)
[468] /Applications/Marmalade.app/Contents/s3e/lib/x86/darwin/libs3e_api_iwgl.a(__glLightModelfv.o)
[469] /Applications/Marmalade.app/Contents/s3e/lib/x86/darwin/libs3e_api_iwgl.a(__glLightModelx.o)
[470] /Applications/Marmalade.app/Contents/s3e/lib/x86/darwin/libs3e_api_iwgl.a(__glLightModelxv.o)
[471] /Applications/Marmalade.app/Contents/s3e/lib/x86/darwin/libs3e_api_iwgl.a(__glLightf.o)
[472] /Applications/Marmalade.app/Contents/s3e/lib/x86/darwin/libs3e_api_iwgl.a(__glLightfv.o)
[473] /Applications/Marmalade.app/Contents/s3e/lib/x86/darwin/libs3e_api_iwgl.a(__glLightx.o)
[474] /Applications/Marmalade.app/Contents/s3e/lib/x86/darwin/libs3e_api_iwgl.a(__glLightxv.o)
[475] /Applications/Marmalade.app/Contents/s3e/lib/x86/darwin/libs3e_api_iwgl.a(__glLineWidth.o)
[476] /Applications/Marmalade.app/Contents/s3e/lib/x86/darwin/libs3e_api_iwgl.a(__glLineWidthx.o)
[477] /Applications/Marmalade.app/Contents/s3e/lib/x86/darwin/libs3e_api_iwgl.a(__glLinkProgram.o)
[478] /Applications/Marmalade.app/Contents/s3e/lib/x86/darwin/libs3e_api_iwgl.a(__glLoadIdentity.o)
[479] /Applications/Marmalade.app/Contents/s3e/lib/x86/darwin/libs3e_api_iwgl.a(__glLoadMatrixf.o)
[480] /Applications/Marmalade.app/Contents/s3e/lib/x86/darwin/libs3e_api_iwgl.a(__glLoadMatrixx.o)
[481] /Applications/Marmalade.app/Contents/s3e/lib/x86/darwin/libs3e_api_iwgl.a(__glLogicOp.o)
[482] /Applications/Marmalade.app/Contents/s3e/lib/x86/darwin/libs3e_api_iwgl.a(__glMaterialf.o)
[483] /Applications/Marmalade.app/Contents/s3e/lib/x86/darwin/libs3e_api_iwgl.a(__glMaterialfv.o)
[484] /Applications/Marmalade.app/Contents/s3e/lib/x86/darwin/libs3e_api_iwgl.a(__glMaterialx.o)
[485] /Applications/Marmalade.app/Contents/s3e/lib/x86/darwin/libs3e_api_iwgl.a(__glMaterialxv.o)
[486] /Applications/Marmalade.app/Contents/s3e/lib/x86/darwin/libs3e_api_iwgl.a(__glMatrixMode.o)
[487] /Applications/Marmalade.app/Contents/s3e/lib/x86/darwin/libs3e_api_iwgl.a(__glMultMatrixf.o)
[488] /Applications/Marmalade.app/Contents/s3e/lib/x86/darwin/libs3e_api_iwgl.a(__glMultMatrixx.o)
[489] /Applications/Marmalade.app/Contents/s3e/lib/x86/darwin/libs3e_api_iwgl.a(__glMultiTexCoord4f.o)
[490] /Applications/Marmalade.app/Contents/s3e/lib/x86/darwin/libs3e_api_iwgl.a(__glMultiTexCoord4x.o)
[491] /Applications/Marmalade.app/Contents/s3e/lib/x86/darwin/libs3e_api_iwgl.a(__glNormal3f.o)
[492] /Applications/Marmalade.app/Contents/s3e/lib/x86/darwin/libs3e_api_iwgl.a(__glNormal3x.o)
[493] /Applications/Marmalade.app/Contents/s3e/lib/x86/darwin/libs3e_api_iwgl.a(__glNormalPointer.o)
[494] /Applications/Marmalade.app/Contents/s3e/lib/x86/darwin/libs3e_api_iwgl.a(__glOrthof.o)
[495] /Applications/Marmalade.app/Contents/s3e/lib/x86/darwin/libs3e_api_iwgl.a(__glOrthox.o)
[496] /Applications/Marmalade.app/Contents/s3e/lib/x86/darwin/libs3e_api_iwgl.a(__glPixelStorei.o)
[497] /Applications/Marmalade.app/Contents/s3e/lib/x86/darwin/libs3e_api_iwgl.a(__glPolygonOffset.o)
[498] /Applications/Marmalade.app/Contents/s3e/lib/x86/darwin/libs3e_api_iwgl.a(__glPolygonOffsetx.o)
[499] /Applications/Marmalade.app/Contents/s3e/lib/x86/darwin/libs3e_api_iwgl.a(__glReadBuffer.o)
[500] /Applications/Marmalade.app/Contents/s3e/lib/x86/darwin/libs3e_api_iwgl.a(__glReadPixels.o)
[501] /Applications/Marmalade.app/Contents/s3e/lib/x86/darwin/libs3e_api_iwgl.a(__glRenderbufferStorage.o)
[502] /Applications/Marmalade.app/Contents/s3e/lib/x86/darwin/libs3e_api_iwgl.a(__glRenderbufferStorageMultisample.o)
[503] /Applications/Marmalade.app/Contents/s3e/lib/x86/darwin/libs3e_api_iwgl.a(__glRotatef.o)
[504] /Applications/Marmalade.app/Contents/s3e/lib/x86/darwin/libs3e_api_iwgl.a(__glRotatex.o)
[505] /Applications/Marmalade.app/Contents/s3e/lib/x86/darwin/libs3e_api_iwgl.a(__glSamplerParameterf.o)
[506] /Applications/Marmalade.app/Contents/s3e/lib/x86/darwin/libs3e_api_iwgl.a(__glSamplerParameteri.o)
[507] /Applications/Marmalade.app/Contents/s3e/lib/x86/darwin/libs3e_api_iwgl.a(__glScalef.o)
[508] /Applications/Marmalade.app/Contents/s3e/lib/x86/darwin/libs3e_api_iwgl.a(__glScalex.o)
[509] /Applications/Marmalade.app/Contents/s3e/lib/x86/darwin/libs3e_api_iwgl.a(__glScissor.o)
[510] /Applications/Marmalade.app/Contents/s3e/lib/x86/darwin/libs3e_api_iwgl.a(__glShadeModel.o)
[511] /Applications/Marmalade.app/Contents/s3e/lib/x86/darwin/libs3e_api_iwgl.a(__glShaderBinary.o)
[512] /Applications/Marmalade.app/Contents/s3e/lib/x86/darwin/libs3e_api_iwgl.a(__glShaderSource.o)
[513] /Applications/Marmalade.app/Contents/s3e/lib/x86/darwin/libs3e_api_iwgl.a(__glStencilFunc.o)
[514] /Applications/Marmalade.app/Contents/s3e/lib/x86/darwin/libs3e_api_iwgl.a(__glStencilFuncSeparate.o)
[515] /Applications/Marmalade.app/Contents/s3e/lib/x86/darwin/libs3e_api_iwgl.a(__glStencilMask.o)
[516] /Applications/Marmalade.app/Contents/s3e/lib/x86/darwin/libs3e_api_iwgl.a(__glStencilMaskSeparate.o)
[517] /Applications/Marmalade.app/Contents/s3e/lib/x86/darwin/libs3e_api_iwgl.a(__glStencilOp.o)
[518] /Applications/Marmalade.app/Contents/s3e/lib/x86/darwin/libs3e_api_iwgl.a(__glStencilOpSeparate.o)
[519] /Applications/Marmalade.app/Contents/s3e/lib/x86/darwin/libs3e_api_iwgl.a(__glTexCoordPointer.o)
[520] /Applications/Marmalade.app/Contents/s3e/lib/x86/darwin/libs3e_api_iwgl.a(__glTexEnvf.o)
[521] /Applications/Marmalade.app/Contents/s3e/lib/x86/darwin/libs3e_api_iwgl.a(__glTexEnvfv.o)
[522] /Applications/Marmalade.app/Contents/s3e/lib/x86/darwin/libs3e_api_iwgl.a(__glTexEnvi.o)
[523] /Applications/Marmalade.app/Contents/s3e/lib/x86/darwin/libs3e_api_iwgl.a(__glTexEnvx.o)
[524] /Applications/Marmalade.app/Contents/s3e/lib/x86/darwin/libs3e_api_iwgl.a(__glTexEnvxv.o)
[525] /Applications/Marmalade.app/Contents/s3e/lib/x86/darwin/libs3e_api_iwgl.a(__glTexImage2D.o)
[526] /Applications/Marmalade.app/Contents/s3e/lib/x86/darwin/libs3e_api_iwgl.a(__glTexImage3D.o)
[527] /Applications/Marmalade.app/Contents/s3e/lib/x86/darwin/libs3e_api_iwgl.a(__glTexParameterf.o)
[528] /Applications/Marmalade.app/Contents/s3e/lib/x86/darwin/libs3e_api_iwgl.a(__glTexParameteri.o)
[529] /Applications/Marmalade.app/Contents/s3e/lib/x86/darwin/libs3e_api_iwgl.a(__glTexParameterx.o)
[530] /Applications/Marmalade.app/Contents/s3e/lib/x86/darwin/libs3e_api_iwgl.a(__glTexSubImage2D.o)
[531] /Applications/Marmalade.app/Contents/s3e/lib/x86/darwin/libs3e_api_iwgl.a(__glTransformFeedbackVaryings.o)
[532] /Applications/Marmalade.app/Contents/s3e/lib/x86/darwin/libs3e_api_iwgl.a(__glTranslatef.o)
[533] /Applications/Marmalade.app/Contents/s3e/lib/x86/darwin/libs3e_api_iwgl.a(__glTranslatex.o)
[534] /Applications/Marmalade.app/Contents/s3e/lib/x86/darwin/libs3e_api_iwgl.a(__glUniform1f.o)
[535] /Applications/Marmalade.app/Contents/s3e/lib/x86/darwin/libs3e_api_iwgl.a(__glUniform1fv.o)
[536] /Applications/Marmalade.app/Contents/s3e/lib/x86/darwin/libs3e_api_iwgl.a(__glUniform1i.o)
[537] /Applications/Marmalade.app/Contents/s3e/lib/x86/darwin/libs3e_api_iwgl.a(__glUniform1iv.o)
[538] /Applications/Marmalade.app/Contents/s3e/lib/x86/darwin/libs3e_api_iwgl.a(__glUniform1uiv.o)
[539] /Applications/Marmalade.app/Contents/s3e/lib/x86/darwin/libs3e_api_iwgl.a(__glUniform2fv.o)
[540] /Applications/Marmalade.app/Contents/s3e/lib/x86/darwin/libs3e_api_iwgl.a(__glUniform2iv.o)
[541] /Applications/Marmalade.app/Contents/s3e/lib/x86/darwin/libs3e_api_iwgl.a(__glUniform2uiv.o)
[542] /Applications/Marmalade.app/Contents/s3e/lib/x86/darwin/libs3e_api_iwgl.a(__glUniform3fv.o)
[543] /Applications/Marmalade.app/Contents/s3e/lib/x86/darwin/libs3e_api_iwgl.a(__glUniform3iv.o)
[544] /Applications/Marmalade.app/Contents/s3e/lib/x86/darwin/libs3e_api_iwgl.a(__glUniform3uiv.o)
[545] /Applications/Marmalade.app/Contents/s3e/lib/x86/darwin/libs3e_api_iwgl.a(__glUniform4f.o)
[546] /Applications/Marmalade.app/Contents/s3e/lib/x86/darwin/libs3e_api_iwgl.a(__glUniform4fv.o)
[547] /Applications/Marmalade.app/Contents/s3e/lib/x86/darwin/libs3e_api_iwgl.a(__glUniform4iv.o)
[548] /Applications/Marmalade.app/Contents/s3e/lib/x86/darwin/libs3e_api_iwgl.a(__glUniform4uiv.o)
[549] /Applications/Marmalade.app/Contents/s3e/lib/x86/darwin/libs3e_api_iwgl.a(__glUniformMatrix2fv.o)
[550] /Applications/Marmalade.app/Contents/s3e/lib/x86/darwin/libs3e_api_iwgl.a(__glUniformMatrix2x3fv.o)
[551] /Applications/Marmalade.app/Contents/s3e/lib/x86/darwin/libs3e_api_iwgl.a(__glUniformMatrix2x4fv.o)
[552] /Applications/Marmalade.app/Contents/s3e/lib/x86/darwin/libs3e_api_iwgl.a(__glUniformMatrix3fv.o)
[553] /Applications/Marmalade.app/Contents/s3e/lib/x86/darwin/libs3e_api_iwgl.a(__glUniformMatrix3x2fv.o)
[554] /Applications/Marmalade.app/Contents/s3e/lib/x86/darwin/libs3e_api_iwgl.a(__glUniformMatrix3x4fv.o)
[555] /Applications/Marmalade.app/Contents/s3e/lib/x86/darwin/libs3e_api_iwgl.a(__glUniformMatrix4fv.o)
[556] /Applications/Marmalade.app/Contents/s3e/lib/x86/darwin/libs3e_api_iwgl.a(__glUniformMatrix4x2fv.o)
[557] /Applications/Marmalade.app/Contents/s3e/lib/x86/darwin/libs3e_api_iwgl.a(__glUniformMatrix4x3fv.o)
[558] /Applications/Marmalade.app/Contents/s3e/lib/x86/darwin/libs3e_api_iwgl.a(__glUseProgram.o)
[559] /Applications/Marmalade.app/Contents/s3e/lib/x86/darwin/libs3e_api_iwgl.a(__glVertexAttribDivisor.o)
[560] /Applications/Marmalade.app/Contents/s3e/lib/x86/darwin/libs3e_api_iwgl.a(__glVertexAttribIPointer.o)
[561] /Applications/Marmalade.app/Contents/s3e/lib/x86/darwin/libs3e_api_iwgl.a(__glVertexAttribPointer.o)
[562] /Applications/Marmalade.app/Contents/s3e/lib/x86/darwin/libs3e_api_iwgl.a(__glVertexPointer.o)
[563] /Applications/Marmalade.app/Contents/s3e/lib/x86/darwin/libs3e_api_iwgl.a(__glViewport.o)
[564] /Applications/Marmalade.app/Contents/s3e/lib/x86/darwin/libs3e_api_iwgl.a(__s3eFreeBase.o)
[565] /Applications/Marmalade.app/Contents/s3e/lib/x86/darwin/libs3e_api_iwgl.a(__s3eMallocBase.o)
[566] /Applications/Marmalade.app/Contents/s3e/lib/x86/darwin/libs3e_api_iwgl.a(__s3eMemorySetUserMemMgr.o)
[567] /Applications/Marmalade.app/Contents/s3e/lib/x86/darwin/libs3e_api_iwgl.a(__s3eReallocBase.o)
[568] /Applications/Marmalade.app/Contents/s3e/lib/x86/darwin/libs3e_api_iwgl.a(eglBindAPI.o)
[569] /Applications/Marmalade.app/Contents/s3e/lib/x86/darwin/libs3e_api_iwgl.a(eglCreateContext.o)
[570] /Applications/Marmalade.app/Contents/s3e/lib/x86/darwin/libs3e_api_iwgl.a(eglCreateWindowSurface.o)
[571] /Applications/Marmalade.app/Contents/s3e/lib/x86/darwin/libs3e_api_iwgl.a(eglDestroyContext.o)
[572] /Applications/Marmalade.app/Contents/s3e/lib/x86/darwin/libs3e_api_iwgl.a(eglDestroySurface.o)
[573] /Applications/Marmalade.app/Contents/s3e/lib/x86/darwin/libs3e_api_iwgl.a(eglGetConfigAttrib.o)
[574] /Applications/Marmalade.app/Contents/s3e/lib/x86/darwin/libs3e_api_iwgl.a(eglGetConfigs.o)
[575] /Applications/Marmalade.app/Contents/s3e/lib/x86/darwin/libs3e_api_iwgl.a(eglGetCurrentContext.o)
[576] /Applications/Marmalade.app/Contents/s3e/lib/x86/darwin/libs3e_api_iwgl.a(eglGetCurrentDisplay.o)
[577] /Applications/Marmalade.app/Contents/s3e/lib/x86/darwin/libs3e_api_iwgl.a(eglGetCurrentSurface.o)
[578] /Applications/Marmalade.app/Contents/s3e/lib/x86/darwin/libs3e_api_iwgl.a(eglGetDisplay.o)
[579] /Applications/Marmalade.app/Contents/s3e/lib/x86/darwin/libs3e_api_iwgl.a(eglGetError.o)
[580] /Applications/Marmalade.app/Contents/s3e/lib/x86/darwin/libs3e_api_iwgl.a(eglInitialize.o)
[581] /Applications/Marmalade.app/Contents/s3e/lib/x86/darwin/libs3e_api_iwgl.a(eglMakeCurrent.o)
[582] /Applications/Marmalade.app/Contents/s3e/lib/x86/darwin/libs3e_api_iwgl.a(eglQueryContext.o)
[583] /Applications/Marmalade.app/Contents/s3e/lib/x86/darwin/libs3e_api_iwgl.a(eglQueryString.o)
[584] /Applications/Marmalade.app/Contents/s3e/lib/x86/darwin/libs3e_api_iwgl.a(eglSwapBuffers.o)
[585] /Applications/Marmalade.app/Contents/s3e/lib/x86/darwin/libs3e_api_iwgl.a(eglTerminate.o)
[586] /Applications/Marmalade.app/Contents/s3e/lib/x86/darwin/libs3e_api_iwgl.a(s3eCompressionDecomp.o)
[587] /Applications/Marmalade.app/Contents/s3e/lib/x86/darwin/libs3e_api_iwgl.a(s3eConfigGetInt.o)
[588] /Applications/Marmalade.app/Contents/s3e/lib/x86/darwin/libs3e_api_iwgl.a(s3eConfigGetString.o)
[589] /Applications/Marmalade.app/Contents/s3e/lib/x86/darwin/libs3e_api_iwgl.a(s3eDebugAssertShow.o)
[590] /Applications/Marmalade.app/Contents/s3e/lib/x86/darwin/libs3e_api_iwgl.a(s3eDebugErrorShow.o)
[591] /Applications/Marmalade.app/Contents/s3e/lib/x86/darwin/libs3e_api_iwgl.a(s3eDebugGetInt.o)
[592] /Applications/Marmalade.app/Contents/s3e/lib/x86/darwin/libs3e_api_iwgl.a(s3eDebugIsDebuggerPresent.o)
[593] /Applications/Marmalade.app/Contents/s3e/lib/x86/darwin/libs3e_api_iwgl.a(s3eDebugOutputString.o)
[594] /Applications/Marmalade.app/Contents/s3e/lib/x86/darwin/libs3e_api_iwgl.a(s3eDebugPrint.o)
[595] /Applications/Marmalade.app/Contents/s3e/lib/x86/darwin/libs3e_api_iwgl.a(s3eDebugRegister.o)
[596] /Applications/Marmalade.app/Contents/s3e/lib/x86/darwin/libs3e_api_iwgl.a(s3eDebugTraceLine.o)
[597] /Applications/Marmalade.app/Contents/s3e/lib/x86/darwin/libs3e_api_iwgl.a(s3eDeviceCheckQuitRequest.o)
[598] /Applications/Marmalade.app/Contents/s3e/lib/x86/darwin/libs3e_api_iwgl.a(s3eDeviceExit.o)
[599] /Applications/Marmalade.app/Contents/s3e/lib/x86/darwin/libs3e_api_iwgl.a(s3eDeviceGetInt.o)
[600] /Applications/Marmalade.app/Contents/s3e/lib/x86/darwin/libs3e_api_iwgl.a(s3eDeviceGetString.o)
[601] /Applications/Marmalade.app/Contents/s3e/lib/x86/darwin/libs3e_api_iwgl.a(s3eDeviceRegister.o)
[602] /Applications/Marmalade.app/Contents/s3e/lib/x86/darwin/libs3e_api_iwgl.a(s3eDeviceSetInt.o)
[603] /Applications/Marmalade.app/Contents/s3e/lib/x86/darwin/libs3e_api_iwgl.a(s3eDeviceUnRegister.o)
[604] /Applications/Marmalade.app/Contents/s3e/lib/x86/darwin/libs3e_api_iwgl.a(s3eDeviceYield.o)
[605] /Applications/Marmalade.app/Contents/s3e/lib/x86/darwin/libs3e_api_iwgl.a(s3eDeviceYieldUntilEvent.o)
[606] /Applications/Marmalade.app/Contents/s3e/lib/x86/darwin/libs3e_api_iwgl.a(s3eExtGetHash.o)
[607] /Applications/Marmalade.app/Contents/s3e/lib/x86/darwin/libs3e_api_iwgl.a(s3eFileCheckExists.o)
[608] /Applications/Marmalade.app/Contents/s3e/lib/x86/darwin/libs3e_api_iwgl.a(s3eFileClose.o)
[609] /Applications/Marmalade.app/Contents/s3e/lib/x86/darwin/libs3e_api_iwgl.a(s3eFileDelete.o)
[610] /Applications/Marmalade.app/Contents/s3e/lib/x86/darwin/libs3e_api_iwgl.a(s3eFileEOF.o)
[611] /Applications/Marmalade.app/Contents/s3e/lib/x86/darwin/libs3e_api_iwgl.a(s3eFileGetChar.o)
[612] /Applications/Marmalade.app/Contents/s3e/lib/x86/darwin/libs3e_api_iwgl.a(s3eFileGetError.o)
[613] /Applications/Marmalade.app/Contents/s3e/lib/x86/darwin/libs3e_api_iwgl.a(s3eFileGetErrorString.o)
[614] /Applications/Marmalade.app/Contents/s3e/lib/x86/darwin/libs3e_api_iwgl.a(s3eFileGetFileInt.o)
[615] /Applications/Marmalade.app/Contents/s3e/lib/x86/darwin/libs3e_api_iwgl.a(s3eFileGetFileString.o)
[616] /Applications/Marmalade.app/Contents/s3e/lib/x86/darwin/libs3e_api_iwgl.a(s3eFileGetSize.o)
[617] /Applications/Marmalade.app/Contents/s3e/lib/x86/darwin/libs3e_api_iwgl.a(s3eFileListClose.o)
[618] /Applications/Marmalade.app/Contents/s3e/lib/x86/darwin/libs3e_api_iwgl.a(s3eFileListDirectory.o)
[619] /Applications/Marmalade.app/Contents/s3e/lib/x86/darwin/libs3e_api_iwgl.a(s3eFileListNext.o)
[620] /Applications/Marmalade.app/Contents/s3e/lib/x86/darwin/libs3e_api_iwgl.a(s3eFileMakeDirectory.o)
[621] /Applications/Marmalade.app/Contents/s3e/lib/x86/darwin/libs3e_api_iwgl.a(s3eFileOpen.o)
[622] /Applications/Marmalade.app/Contents/s3e/lib/x86/darwin/libs3e_api_iwgl.a(s3eFileRead.o)
[623] /Applications/Marmalade.app/Contents/s3e/lib/x86/darwin/libs3e_api_iwgl.a(s3eFileSeek.o)
[624] /Applications/Marmalade.app/Contents/s3e/lib/x86/darwin/libs3e_api_iwgl.a(s3eFileTell.o)
[625] /Applications/Marmalade.app/Contents/s3e/lib/x86/darwin/libs3e_api_iwgl.a(s3eFileWrite.o)
[626] /Applications/Marmalade.app/Contents/s3e/lib/x86/darwin/libs3e_api_iwgl.a(s3eFreeBase.o)
[627] /Applications/Marmalade.app/Contents/s3e/lib/x86/darwin/libs3e_api_iwgl.a(s3eGLGetInt.o)
[628] /Applications/Marmalade.app/Contents/s3e/lib/x86/darwin/libs3e_api_iwgl.a(s3eGLGetNativeWindow.o)
[629] /Applications/Marmalade.app/Contents/s3e/lib/x86/darwin/libs3e_api_iwgl.a(s3eGLRegister.o)
[630] /Applications/Marmalade.app/Contents/s3e/lib/x86/darwin/libs3e_api_iwgl.a(s3eGLUnRegister.o)
[631] /Applications/Marmalade.app/Contents/s3e/lib/x86/darwin/libs3e_api_iwgl.a(s3eKeyboardGetState.o)
[632] /Applications/Marmalade.app/Contents/s3e/lib/x86/darwin/libs3e_api_iwgl.a(s3eKeyboardRegister.o)
[633] /Applications/Marmalade.app/Contents/s3e/lib/x86/darwin/libs3e_api_iwgl.a(s3eKeyboardSetInt.o)
[634] /Applications/Marmalade.app/Contents/s3e/lib/x86/darwin/libs3e_api_iwgl.a(s3eKeyboardUpdate.o)
[635] /Applications/Marmalade.app/Contents/s3e/lib/x86/darwin/libs3e_api_iwgl.a(s3eMallocBase.o)
[636] /Applications/Marmalade.app/Contents/s3e/lib/x86/darwin/libs3e_api_iwgl.a(s3eMemoryGetInt.o)
[637] /Applications/Marmalade.app/Contents/s3e/lib/x86/darwin/libs3e_api_iwgl.a(s3eMemoryHeapCreate.o)
[638] /Applications/Marmalade.app/Contents/s3e/lib/x86/darwin/libs3e_api_iwgl.a(s3eMemorySetInt.o)
[639] /Applications/Marmalade.app/Contents/s3e/lib/x86/darwin/libs3e_api_iwgl.a(s3ePointerGetX.o)
[640] /Applications/Marmalade.app/Contents/s3e/lib/x86/darwin/libs3e_api_iwgl.a(s3ePointerGetY.o)
[641] /Applications/Marmalade.app/Contents/s3e/lib/x86/darwin/libs3e_api_iwgl.a(s3ePointerUpdate.o)
[642] /Applications/Marmalade.app/Contents/s3e/lib/x86/darwin/libs3e_api_iwgl.a(s3eReallocBase.o)
[643] /Applications/Marmalade.app/Contents/s3e/lib/x86/darwin/libs3e_api_iwgl.a(s3eSocketClose.o)
[644] /Applications/Marmalade.app/Contents/s3e/lib/x86/darwin/libs3e_api_iwgl.a(s3eSurfaceGetInt.o)
[645] /Applications/Marmalade.app/Contents/s3e/lib/x86/darwin/libs3e_api_iwgl.a(s3eSurfacePtr.o)
[646] /Applications/Marmalade.app/Contents/s3e/lib/x86/darwin/libs3e_api_iwgl.a(s3eSurfaceRegister.o)
[647] /Applications/Marmalade.app/Contents/s3e/lib/x86/darwin/libs3e_api_iwgl.a(s3eSurfaceSetup.o)
[648] /Applications/Marmalade.app/Contents/s3e/lib/x86/darwin/libs3e_api_iwgl.a(s3eSurfaceShow.o)
[649] /Applications/Marmalade.app/Contents/s3e/lib/x86/darwin/libs3e_api_iwgl.a(s3eSurfaceUnRegister.o)
[650] /Applications/Marmalade.app/Contents/s3e/lib/x86/darwin/libs3e_api_iwgl.a(s3eTimerGetLocaltimeOffset.o)
[651] /Applications/Marmalade.app/Contents/s3e/lib/x86/darwin/libs3e_api_iwgl.a(s3eTimerGetMs.o)
[652] /Applications/Marmalade.app/Contents/s3e/lib/x86/darwin/libs3e_api_iwgl.a(s3eTimerGetUTC.o)
[653] /Applications/Marmalade.app/Contents/s3e/lib/x86/darwin/libs3e_api_iwgl.a(s3eTimerSetTimer.o)
[654] /Applications/Xcode.app/Contents/Developer/Platforms/MacOSX.platform/Developer/SDKs/MacOSX10.9.sdk/usr/lib/libc++.dylib
[655] /Applications/Marmalade.app/Contents/s3e/lib/x86/darwin/libm.a(lib_a-e_atan2.o)
[656] /Applications/Marmalade.app/Contents/s3e/lib/x86/darwin/libm.a(lib_a-e_pow.o)
[657] /Applications/Marmalade.app/Contents/s3e/lib/x86/darwin/libm.a(lib_a-e_rem_pio2.o)
[658] /Applications/Marmalade.app/Contents/s3e/lib/x86/darwin/libm.a(lib_a-e_sqrt.o)
[659] /Applications/Marmalade.app/Contents/s3e/lib/x86/darwin/libm.a(lib_a-k_cos.o)
[660] /Applications/Marmalade.app/Contents/s3e/lib/x86/darwin/libm.a(lib_a-k_rem_pio2.o)
[661] /Applications/Marmalade.app/Contents/s3e/lib/x86/darwin/libm.a(lib_a-k_sin.o)
[662] /Applications/Marmalade.app/Contents/s3e/lib/x86/darwin/libm.a(lib_a-s_atan.o)
[663] /Applications/Marmalade.app/Contents/s3e/lib/x86/darwin/libm.a(lib_a-s_ceil.o)
[664] /Applications/Marmalade.app/Contents/s3e/lib/x86/darwin/libm.a(lib_a-s_copysign.o)
[665] /Applications/Marmalade.app/Contents/s3e/lib/x86/darwin/libm.a(lib_a-s_cos.o)
[666] /Applications/Marmalade.app/Contents/s3e/lib/x86/darwin/libm.a(lib_a-s_fabs.o)
[667] /Applications/Marmalade.app/Contents/s3e/lib/x86/darwin/libm.a(lib_a-s_finite.o)
[668] /Applications/Marmalade.app/Contents/s3e/lib/x86/darwin/libm.a(lib_a-s_floor.o)
[669] /Applications/Marmalade.app/Contents/s3e/lib/x86/darwin/libm.a(lib_a-s_fpclassify.o)
[670] /Applications/Marmalade.app/Contents/s3e/lib/x86/darwin/libm.a(lib_a-s_frexp.o)
[671] /Applications/Marmalade.app/Contents/s3e/lib/x86/darwin/libm.a(lib_a-s_lib_ver.o)
[672] /Applications/Marmalade.app/Contents/s3e/lib/x86/darwin/libm.a(lib_a-s_matherr.o)
[673] /Applications/Marmalade.app/Contents/s3e/lib/x86/darwin/libm.a(lib_a-s_nan.o)
[674] /Applications/Marmalade.app/Contents/s3e/lib/x86/darwin/libm.a(lib_a-s_rint.o)
[675] /Applications/Marmalade.app/Contents/s3e/lib/x86/darwin/libm.a(lib_a-s_scalbn.o)
[676] /Applications/Marmalade.app/Contents/s3e/lib/x86/darwin/libm.a(lib_a-s_sin.o)
[677] /Applications/Marmalade.app/Contents/s3e/lib/x86/darwin/libm.a(lib_a-sf_nan.o)
[678] /Applications/Marmalade.app/Contents/s3e/lib/x86/darwin/libm.a(lib_a-w_atan2.o)
[679] /Applications/Marmalade.app/Contents/s3e/lib/x86/darwin/libm.a(lib_a-w_pow.o)
[680] /Applications/Marmalade.app/Contents/s3e/lib/x86/darwin/libm.a(lib_a-w_sqrt.o)
[681] /Applications/Marmalade.app/Contents/s3e/lib/x86/darwin/libm.a(lib_a-wf_fmod.o)
[682] /Applications/Marmalade.app/Contents/s3e/lib/x86/darwin/libc.a(lib_a-abs.o)
[683] /Applications/Marmalade.app/Contents/s3e/lib/x86/darwin/libc.a(lib_a-atof.o)
[684] /Applications/Marmalade.app/Contents/s3e/lib/x86/darwin/libc.a(lib_a-bzero.o)
[685] /Applications/Marmalade.app/Contents/s3e/lib/x86/darwin/libc.a(lib_a-closer.o)
[686] /Applications/Marmalade.app/Contents/s3e/lib/x86/darwin/libc.a(lib_a-ctype_.o)
[687] /Applications/Marmalade.app/Contents/s3e/lib/x86/darwin/libc.a(lib_a-div.o)
[688] /Applications/Marmalade.app/Contents/s3e/lib/x86/darwin/libc.a(lib_a-envlock.o)
[689] /Applications/Marmalade.app/Contents/s3e/lib/x86/darwin/libc.a(lib_a-errno.o)
[690] /Applications/Marmalade.app/Contents/s3e/lib/x86/darwin/libc.a(lib_a-fclose.o)
[691] /Applications/Marmalade.app/Contents/s3e/lib/x86/darwin/libc.a(lib_a-feof.o)
[692] /Applications/Marmalade.app/Contents/s3e/lib/x86/darwin/libc.a(lib_a-fflush.o)
[693] /Applications/Marmalade.app/Contents/s3e/lib/x86/darwin/libc.a(lib_a-fgetpos.o)
[694] /Applications/Marmalade.app/Contents/s3e/lib/x86/darwin/libc.a(lib_a-findfp.o)
[695] /Applications/Marmalade.app/Contents/s3e/lib/x86/darwin/libc.a(lib_a-flags.o)
[696] /Applications/Marmalade.app/Contents/s3e/lib/x86/darwin/libc.a(lib_a-fopen.o)
[697] /Applications/Marmalade.app/Contents/s3e/lib/x86/darwin/libc.a(lib_a-fprintf.o)
[698] /Applications/Marmalade.app/Contents/s3e/lib/x86/darwin/libc.a(lib_a-fputc.o)
[699] /Applications/Marmalade.app/Contents/s3e/lib/x86/darwin/libc.a(lib_a-fputs.o)
[700] /Applications/Marmalade.app/Contents/s3e/lib/x86/darwin/libc.a(lib_a-fputwc.o)
[701] /Applications/Marmalade.app/Contents/s3e/lib/x86/darwin/libc.a(lib_a-fread.o)
[702] /Applications/Marmalade.app/Contents/s3e/lib/x86/darwin/libc.a(lib_a-fseek.o)
[703] /Applications/Marmalade.app/Contents/s3e/lib/x86/darwin/libc.a(lib_a-fsetpos.o)
[704] /Applications/Marmalade.app/Contents/s3e/lib/x86/darwin/libc.a(lib_a-fstatr.o)
[705] /Applications/Marmalade.app/Contents/s3e/lib/x86/darwin/libc.a(lib_a-ftell.o)
[706] /Applications/Marmalade.app/Contents/s3e/lib/x86/darwin/libc.a(lib_a-fvwrite.o)
[707] /Applications/Marmalade.app/Contents/s3e/lib/x86/darwin/libc.a(lib_a-fwalk.o)
[708] /Applications/Marmalade.app/Contents/s3e/lib/x86/darwin/libc.a(lib_a-fwrite.o)
[709] /Applications/Marmalade.app/Contents/s3e/lib/x86/darwin/libc.a(lib_a-gdtoa-gethex.o)
[710] /Applications/Marmalade.app/Contents/s3e/lib/x86/darwin/libc.a(lib_a-gdtoa-hexnan.o)
[711] /Applications/Marmalade.app/Contents/s3e/lib/x86/darwin/libc.a(lib_a-getc.o)
[712] /Applications/Marmalade.app/Contents/s3e/lib/x86/darwin/libc.a(lib_a-getenv_r.o)
[713] /Applications/Marmalade.app/Contents/s3e/lib/x86/darwin/libc.a(lib_a-gettimeofdayr.o)
[714] /Applications/Marmalade.app/Contents/s3e/lib/x86/darwin/libc.a(lib_a-gettzinfo.o)
[715] /Applications/Marmalade.app/Contents/s3e/lib/x86/darwin/libc.a(lib_a-gmtime.o)
[716] /Applications/Marmalade.app/Contents/s3e/lib/x86/darwin/libc.a(lib_a-gmtime_r.o)
[717] /Applications/Marmalade.app/Contents/s3e/lib/x86/darwin/libc.a(lib_a-impure.o)
[718] /Applications/Marmalade.app/Contents/s3e/lib/x86/darwin/libc.a(lib_a-isattyr.o)
[719] /Applications/Marmalade.app/Contents/s3e/lib/x86/darwin/libc.a(lib_a-isspace.o)
[720] /Applications/Marmalade.app/Contents/s3e/lib/x86/darwin/libc.a(lib_a-iswspace.o)
[721] /Applications/Marmalade.app/Contents/s3e/lib/x86/darwin/libc.a(lib_a-jp2uc.o)
[722] /Applications/Marmalade.app/Contents/s3e/lib/x86/darwin/libc.a(lib_a-labs.o)
[723] /Applications/Marmalade.app/Contents/s3e/lib/x86/darwin/libc.a(lib_a-ldtoa.o)
[724] /Applications/Marmalade.app/Contents/s3e/lib/x86/darwin/libc.a(lib_a-locale.o)
[725] /Applications/Marmalade.app/Contents/s3e/lib/x86/darwin/libc.a(lib_a-lseekr.o)
[726] /Applications/Marmalade.app/Contents/s3e/lib/x86/darwin/libc.a(lib_a-makebuf.o)
[727] /Applications/Marmalade.app/Contents/s3e/lib/x86/darwin/libc.a(lib_a-mbrtowc.o)
[728] /Applications/Marmalade.app/Contents/s3e/lib/x86/darwin/libc.a(lib_a-mbtowc_r.o)
[729] /Applications/Marmalade.app/Contents/s3e/lib/x86/darwin/libc.a(lib_a-memchr.o)
[730] /Applications/Marmalade.app/Contents/s3e/lib/x86/darwin/libc.a(lib_a-memcmp.o)
[731] /Applications/Marmalade.app/Contents/s3e/lib/x86/darwin/libc.a(lib_a-memcpy.o)
[732] /Applications/Marmalade.app/Contents/s3e/lib/x86/darwin/libc.a(lib_a-memmove.o)
[733] /Applications/Marmalade.app/Contents/s3e/lib/x86/darwin/libc.a(lib_a-memset.o)
[734] /Applications/Marmalade.app/Contents/s3e/lib/x86/darwin/libc.a(lib_a-mktime.o)
[735] /Applications/Marmalade.app/Contents/s3e/lib/x86/darwin/libc.a(lib_a-mktm_r.o)
[736] /Applications/Marmalade.app/Contents/s3e/lib/x86/darwin/libc.a(lib_a-mprec.o)
[737] /Applications/Marmalade.app/Contents/s3e/lib/x86/darwin/libc.a(lib_a-openr.o)
[738] /Applications/Marmalade.app/Contents/s3e/lib/x86/darwin/libc.a(lib_a-printf.o)
[739] /Applications/Marmalade.app/Contents/s3e/lib/x86/darwin/libc.a(lib_a-putc.o)
[740] /Applications/Marmalade.app/Contents/s3e/lib/x86/darwin/libc.a(lib_a-puts.o)
[741] /Applications/Marmalade.app/Contents/s3e/lib/x86/darwin/libc.a(lib_a-rand.o)
[742] /Applications/Marmalade.app/Contents/s3e/lib/x86/darwin/libc.a(lib_a-readr.o)
[743] /Applications/Marmalade.app/Contents/s3e/lib/x86/darwin/libc.a(lib_a-refill.o)
[744] /Applications/Marmalade.app/Contents/s3e/lib/x86/darwin/libc.a(lib_a-rget.o)
[745] /Applications/Marmalade.app/Contents/s3e/lib/x86/darwin/libc.a(lib_a-sccl.o)
[746] /Applications/Marmalade.app/Contents/s3e/lib/x86/darwin/libc.a(lib_a-setvbuf.o)
[747] /Applications/Marmalade.app/Contents/s3e/lib/x86/darwin/libc.a(lib_a-snprintf.o)
[748] /Applications/Marmalade.app/Contents/s3e/lib/x86/darwin/libc.a(lib_a-sprintf.o)
[749] /Applications/Marmalade.app/Contents/s3e/lib/x86/darwin/libc.a(lib_a-sscanf.o)
[750] /Applications/Marmalade.app/Contents/s3e/lib/x86/darwin/libc.a(lib_a-stdio.o)
[751] /Applications/Marmalade.app/Contents/s3e/lib/x86/darwin/libc.a(lib_a-strcasecmp.o)
[752] /Applications/Marmalade.app/Contents/s3e/lib/x86/darwin/libc.a(lib_a-strcat.o)
[753] /Applications/Marmalade.app/Contents/s3e/lib/x86/darwin/libc.a(lib_a-strchr.o)
[754] /Applications/Marmalade.app/Contents/s3e/lib/x86/darwin/libc.a(lib_a-strcmp.o)
[755] /Applications/Marmalade.app/Contents/s3e/lib/x86/darwin/libc.a(lib_a-strcpy.o)
[756] /Applications/Marmalade.app/Contents/s3e/lib/x86/darwin/libc.a(lib_a-strerror.o)
[757] /Applications/Marmalade.app/Contents/s3e/lib/x86/darwin/libc.a(lib_a-strftime.o)
[758] /Applications/Marmalade.app/Contents/s3e/lib/x86/darwin/libc.a(lib_a-strlen.o)
[759] /Applications/Marmalade.app/Contents/s3e/lib/x86/darwin/libc.a(lib_a-strncat.o)
[760] /Applications/Marmalade.app/Contents/s3e/lib/x86/darwin/libc.a(lib_a-strncmp.o)
[761] /Applications/Marmalade.app/Contents/s3e/lib/x86/darwin/libc.a(lib_a-strncpy.o)
[762] /Applications/Marmalade.app/Contents/s3e/lib/x86/darwin/libc.a(lib_a-strstr.o)
[763] /Applications/Marmalade.app/Contents/s3e/lib/x86/darwin/libc.a(lib_a-strtod.o)
[764] /Applications/Marmalade.app/Contents/s3e/lib/x86/darwin/libc.a(lib_a-strtol.o)
[765] /Applications/Marmalade.app/Contents/s3e/lib/x86/darwin/libc.a(lib_a-strtoll_r.o)
[766] /Applications/Marmalade.app/Contents/s3e/lib/x86/darwin/libc.a(lib_a-strtoul.o)
[767] /Applications/Marmalade.app/Contents/s3e/lib/x86/darwin/libc.a(lib_a-strtoull_r.o)
[768] /Applications/Marmalade.app/Contents/s3e/lib/x86/darwin/libc.a(lib_a-svfiprintf.o)
[769] /Applications/Marmalade.app/Contents/s3e/lib/x86/darwin/libc.a(lib_a-svfiscanf.o)
[770] /Applications/Marmalade.app/Contents/s3e/lib/x86/darwin/libc.a(lib_a-svfprintf.o)
[771] /Applications/Marmalade.app/Contents/s3e/lib/x86/darwin/libc.a(lib_a-svfscanf.o)
[772] /Applications/Marmalade.app/Contents/s3e/lib/x86/darwin/libc.a(lib_a-sysfstat.o)
[773] /Applications/Marmalade.app/Contents/s3e/lib/x86/darwin/libc.a(lib_a-time.o)
[774] /Applications/Marmalade.app/Contents/s3e/lib/x86/darwin/libc.a(lib_a-timelocal.o)
[775] /Applications/Marmalade.app/Contents/s3e/lib/x86/darwin/libc.a(lib_a-tolower.o)
[776] /Applications/Marmalade.app/Contents/s3e/lib/x86/darwin/libc.a(lib_a-tzlock.o)
[777] /Applications/Marmalade.app/Contents/s3e/lib/x86/darwin/libc.a(lib_a-tzset.o)
[778] /Applications/Marmalade.app/Contents/s3e/lib/x86/darwin/libc.a(lib_a-tzset_r.o)
[779] /Applications/Marmalade.app/Contents/s3e/lib/x86/darwin/libc.a(lib_a-tzvars.o)
[780] /Applications/Marmalade.app/Contents/s3e/lib/x86/darwin/libc.a(lib_a-u_strerr.o)
[781] /Applications/Marmalade.app/Contents/s3e/lib/x86/darwin/libc.a(lib_a-ungetc.o)
[782] /Applications/Marmalade.app/Contents/s3e/lib/x86/darwin/libc.a(lib_a-vfiprintf.o)
[783] /Applications/Marmalade.app/Contents/s3e/lib/x86/darwin/libc.a(lib_a-vfprintf.o)
[784] /Applications/Marmalade.app/Contents/s3e/lib/x86/darwin/libc.a(lib_a-vsnprintf.o)
[785] /Applications/Marmalade.app/Contents/s3e/lib/x86/darwin/libc.a(lib_a-vsprintf.o)
[786] /Applications/Marmalade.app/Contents/s3e/lib/x86/darwin/libc.a(lib_a-wbuf.o)
[787] /Applications/Marmalade.app/Contents/s3e/lib/x86/darwin/libc.a(lib_a-wcrtomb.o)
[788] /Applications/Marmalade.app/Contents/s3e/lib/x86/darwin/libc.a(lib_a-wcsnrtombs.o)
[789] /Applications/Marmalade.app/Contents/s3e/lib/x86/darwin/libc.a(lib_a-wcsrtombs.o)
[790] /Applications/Marmalade.app/Contents/s3e/lib/x86/darwin/libc.a(lib_a-wctomb_r.o)
[791] /Applications/Marmalade.app/Contents/s3e/lib/x86/darwin/libc.a(lib_a-writer.o)
[792] /Applications/Marmalade.app/Contents/s3e/lib/x86/darwin/libc.a(lib_a-wsetup.o)
[793] /Applications/Xcode.app/Contents/Developer/Platforms/MacOSX.platform/Developer/SDKs/MacOSX10.9.sdk/usr/lib/libSystem.dylib
# Sections:
# Address	Size    	Segment	Section
0x000008C0	0x000E92AB	__TEXT	__text
0x000E9B6C	0x0000003C	__TEXT	__symbol_stub
0x000E9BA8	0x00000070	__TEXT	__stub_helper
0x000E9C18	0x0001F17C	__TEXT	__cstring
0x00108DA0	0x00008242	__TEXT	__const
0x00110FE2	0x00000016	__TEXT	__ustring
0x00111000	0x00000480	__DATA	__nl_symbol_ptr
0x00111480	0x00000028	__DATA	__la_symbol_ptr
0x001114A8	0x0000005C	__DATA	__mod_init_func
0x00111520	0x0000141C	__DATA	__const
0x00112940	0x00CFD7A0	__DATA	__data
0x00E100E0	0x000112DA	__DATA	__bss
0x00E213C0	0x000135C0	__DATA	__common
# Symbols:
# Address	Size    	File  Name
0x000008C0	0x000000A0	[  1] _PVRTexToolConvert
[...]
0x00E213DC	0x00000004	[ 20] _g_IwManagedSerialiseExpected
0x00E213E0	0x00000004	[ 20] _g_IwManagedPreSerialisedHash
0x00E213E4	0x00000001	[ 20] _g_IwManagedHashIsPreSerialised
0x00E213E8	0x00000004	[ 22] _g_SystemBucket
0x00E213EC	0x00000004	[ 22] _g_SystemBucketDebug
0x00E213F0	0x00000004	[ 25] _g_IwMenuManager
0x00E213F4	0x00000140	[ 27] _g_Stack
0x00E21534	0x00000004	[ 27] _g_StackPtr
0x00E21538	0x000000CC	[ 28] _g_IwSerialiseContext
0x00E21604	0x00000004	[ 28] _g_IwSerialiseContextValid
0x00E21608	0x00000004	[ 30] _g_IwTextParserITX
0x00E2160C	0x00000001	[ 69] _g_TerminateOnSuspend
0x00E2160D	0x00000003	[ 69] _g_ShadowActive
0x00E21610	0x00000010	[ 69] _s_pUploadedObjects
0x00E21620	0x00000004	[ 69] _s_pRestoreBucket
0x00E21624	0x00000004	[ 69] _s_pRestoreBuffer
0x00E21628	0x00000004	[ 69] _s_IwGxContextShadowRestoring
0x00E2162C	0x0000000C	[ 69] _s_DefaultMemMgr
0x00E21638	0x00000010	[ 78] _s_TextureRecords
0x00E21648	0x00000010	[ 78] _s_CompressedTextureRecords
0x00E21658	0x00000010	[ 78] _s_BufferRecords
0x00E21668	0x000000F0	[ 78] _s_IwGxMetricsGL
0x00E21758	0x00000004	[ 80] __glTexParameter
0x00E2175C	0x00000004	[ 80] _s_IgnoreInvalidValue
0x00E21760	0x00000004	[ 80] _g_DefaultFBO
0x00E21764	0x00000004	[ 80] _g_SwapBuffers
0x00E21768	0x00000001	[ 80] _s_ResetViewport
0x00E21769	0x00000003	[ 80] _s_SuppressDepthClear
0x00E2176C	0x00000010	[ 80] _g_BoundTextures
0x00E2177C	0x000000A8	[ 80] _s_TexMat
0x00E21824	0x00000001	[ 80] _g_NeedsTexFlush
0x00E21828	0x00000004	[ 81] _g_IwGxShaderCache
0x00E2182C	0x00000004	[ 81] _g_IwGxProgramCache
0x00E21830	0x00000030	[ 81] _g_GL2ProjMat
0x00E21860	0x00000004	[ 81] _g_IwGxRasterisationGL2_ResetShadersFn
0x00E21864	0x00000001	[ 82] _g_IwGxRainbowMipmaps
0x00E21865	0x00000001	[ 82] _g_IwGxConvertToSquareImage
0x00E21866	0x00000001	[ 82] _g_IwGxNoTextureUpload
0x00E21868	0x00000018	[ 84] __ZN30CIwGxCompressionHandlerManager21m_CompressionHandlersE
0x00E21880	0x00000008	[ 84] __ZN30CIwGxCompressionHandlerManager31m_MaxCompressedTextureCacheSizeE
0x00E21888	0x00000008	[ 84] __ZN30CIwGxCompressionHandlerManager18m_TextureCacheSizeE
0x00E21890	0x00000004	[ 88] _g_IwAtlasContext
0x00E21894	0x00000004	[ 93] _g_IwGxDrawUnindexedStream
0x00E21898	0x00000004	[ 93] _IW_GX_DRAW_UNINDEXED_STREAM_MAX
0x00E2189C	0x00000001	[ 94] _g_SkipNextInvalidEnum
0x00E218A0	0x0000003C	[ 96] _g_IwGxFuncTable
0x00E218DC	0x000000F0	[ 96] _g_IwGxFuncTableOptions
0x00E219CC	0x00000004	[ 96] _g_pIWGXFNI_HW_DrawPrims_THW
0x00E219D0	0x00000004	[ 97] _g_IwGxMipMapOffset
0x00E219D4	0x00000004	[ 98] _g_ShaderUniformShadowMem
0x00E219D8	0x00000004	[ 98] _g_ShaderUniformShadowPtr
0x00E219DC	0x00000004	[ 98] _g_ShaderUniformShadowMemRemaining
0x00E219E0	0x00000014	[ 98] _g_DeviceOrientation
0x00E219F4	0x00000004	[ 98] _g_SurfaceNeedsRecreation
0x00E219F8	0x00000004	[ 98] _g_IwGxInitialised
0x00E219FC	0x00000004	[ 98] _g_IwGxHWInitialised
0x00E21A00	0x00000004	[ 98] _g_IwGxMemSelector
0x00E21A04	0x00000001	[ 98] _s_Win32
0x00E21A08	0x00000898	[101] _s_IwGxMetrics
0x00E222A0	0x00000004	[104] _s_FontMaterial
0x00E222A4	0x00000004	[104] _s_Invert
0x00E222A8	0x00000898	[104] _s_StoredMetrics
0x00E22B40	0x00000008	[106] _g_IwGxResManagerCallbacks
0x00E22B48	0x00000004	[108] _g_IwGxState
0x00E22B4C	0x00000001	[109] _g_IwGxUploadStreamsAsFloat
0x00E22B50	0x00000004	[117] __ZN11CIwMaterial15g_UserFlagNamesE
0x00E22B54	0x00000004	[117] __ZN11CIwMaterial14g_UserCallbackE
0x00E22B58	0x00000004	[118] __ZN10CIwTexture25g_GetSharedTexelsCallbackE
0x00E22B5C	0x00000004	[118] __ZN10CIwTexture14g_SharedTexelsE
0x00E22B60	0x00000004	[118] __ZN10CIwTexture9g_ContextE
0x00E22B64	0x00000004	[118] __ZN10CIwTexture7g_StageE
0x00E22B68	0x00000004	[118] _g_IwGxTextureUploadPreCallback
0x00E22B6C	0x00000004	[118] _g_IwGxTextureUploadPostCallback
0x00E22B70	0x00000008	[118] _g_pGL_Constructor
0x00E22B78	0x00000008	[118] _g_pGL_Destructor
0x00E22B80	0x00000008	[118] _g_pGL_Upload
0x00E22B88	0x00000001	[118] _g_IwTextureAssertPowerOf2
0x00E22B89	0x00000001	[118] _g_IwTexture2DLite
0x00E22B8C	0x00000004	[281] _g_IwGLUsingEmulator
0x00E22B90	0x00000004	[281] _g_IwGLUsingAngle
0x00E22B94	0x0000000C	[281] _g_IwGLDefaultMemMgr
0x00E22BA0	0x00000090	[281] _g_IwGLCallbacks
0x00E22C30	0x00000004	[281] _g_IwGLCallbackCount
0x00E22C34	0x0000003C	[281] _g_IwGLProperty
0x00E22C70	0x00000004	[281] _g_IwGLThread
0x00E22C74	0x000000FF	[281] __ZN16CIwGLErrorSentry13s_EntryBufferE
0x00E22D74	0x00000004	[282] _g_IwGLDrawRectProgramLen
0x00E22D78	0x00000004	[282] _g_IwGLDrawRectProgram
0x00E22D7C	0x00000001	[282] _g_IwGLRestoreCaching
0x00E22D80	0x00000004	[283] _s_EGLConfig
0x00E22D84	0x00000004	[283] _s_EGLDisplay
0x00E22D88	0x00000004	[283] _s_EGLSurface
0x00E22D8C	0x00000004	[283] _s_EGLContext
0x00E22D90	0x00000001	[283] _s_EGLInitialised
0x00E22D91	0x00000001	[283] _g_IwGL2
0x00E22D92	0x00000002	[283] _g_IwGL3
0x00E22D94	0x00000004	[283] _g_IwGLVersion
0x00E22D98	0x00000004	[283] _g_IwGLWorkarounds
0x00E22D9C	0x00000001	[283] _g_IwGLOwnsContext
0x00E22D9D	0x00000001	[283] _g_IwGLDepthBufferCleared
0x00E22D9E	0x00000001	[283] _g_IwGLAnythingRendered
0x00E22D9F	0x00000001	[283] _g_IwGLEGLZeroIsNoError
0x00E22DA0	0x000000FF	[284] _s_Unknown
0x00E22EA0	0x00000058	[285] _g_IwGLExts
0x00E22EF8	0x00000004	[285] _g_IwGLExtFn_glMapBufferOES
0x00E22EFC	0x00000004	[285] _g_IwGLExtFn_glUnmapBufferOES
0x00E22F00	0x00000004	[285] _g_IwGLExtFn_glGetBufferPointervOES
0x00E22F04	0x00000004	[285] _g_IwGLExtFn_glDepthRangefOES
0x00E22F08	0x00000004	[285] _g_IwGLExtFn_glFrustumfOES
0x00E22F0C	0x00000004	[285] _g_IwGLExtFn_glOrthofOES
0x00E22F10	0x00000004	[285] _g_IwGLExtFn_glClipPlanefOES
0x00E22F14	0x00000004	[285] _g_IwGLExtFn_glGetClipPlanefOES
0x00E22F18	0x00000004	[285] _g_IwGLExtFn_glClearDepthfOES
0x00E22F1C	0x00000004	[285] _g_IwGLExtFn_glTexGenfOES
0x00E22F20	0x00000004	[285] _g_IwGLExtFn_glTexGenfvOES
0x00E22F24	0x00000004	[285] _g_IwGLExtFn_glTexGeniOES
0x00E22F28	0x00000004	[285] _g_IwGLExtFn_glTexGenivOES
0x00E22F2C	0x00000004	[285] _g_IwGLExtFn_glTexGenxOES
0x00E22F30	0x00000004	[285] _g_IwGLExtFn_glTexGenxvOES
0x00E22F34	0x00000004	[285] _g_IwGLExtFn_glGetTexGenfvOES
0x00E22F38	0x00000004	[285] _g_IwGLExtFn_glGetTexGenivOES
0x00E22F3C	0x00000004	[285] _g_IwGLExtFn_glGetTexGenxvOES
0x00E22F40	0x00000004	[285] _g_IwGLExtFn_glClipPlanefIMG
0x00E22F44	0x00000004	[285] _g_IwGLExtFn_glClipPlanexIMG
0x00E22F48	0x00000004	[285] _g_IwGLExtFn_glDeleteFencesNV
0x00E22F4C	0x00000004	[285] _g_IwGLExtFn_glGenFencesNV
0x00E22F50	0x00000004	[285] _g_IwGLExtFn_glIsFenceNV
0x00E22F54	0x00000004	[285] _g_IwGLExtFn_glTestFenceNV
0x00E22F58	0x00000004	[285] _g_IwGLExtFn_glGetFenceivNV
0x00E22F5C	0x00000004	[285] _g_IwGLExtFn_glFinishFenceNV
0x00E22F60	0x00000004	[285] _g_IwGLExtFn_glSetFenceNV
0x00E22F64	0x00000004	[285] _g_IwGLExtFn_glBlendEquationSeparateOES
0x00E22F68	0x00000004	[285] _g_IwGLExtFn_glBlendEquationOES
0x00E22F6C	0x00000004	[285] _g_IwGLExtFn_glIsRenderbufferOES
0x00E22F70	0x00000004	[285] _g_IwGLExtFn_glBindRenderbufferOES
0x00E22F74	0x00000004	[285] _g_IwGLExtFn_glDeleteRenderbuffersOES
0x00E22F78	0x00000004	[285] _g_IwGLExtFn_glGenRenderbuffersOES
0x00E22F7C	0x00000004	[285] _g_IwGLExtFn_glRenderbufferStorageOES
0x00E22F80	0x00000004	[285] _g_IwGLExtFn_glGetRenderbufferParameterivOES
0x00E22F84	0x00000004	[285] _g_IwGLExtFn_glIsFramebufferOES
0x00E22F88	0x00000004	[285] _g_IwGLExtFn_glBindFramebufferOES
0x00E22F8C	0x00000004	[285] _g_IwGLExtFn_glDeleteFramebuffersOES
0x00E22F90	0x00000004	[285] _g_IwGLExtFn_glGenFramebuffersOES
0x00E22F94	0x00000004	[285] _g_IwGLExtFn_glCheckFramebufferStatusOES
0x00E22F98	0x00000004	[285] _g_IwGLExtFn_glFramebufferRenderbufferOES
0x00E22F9C	0x00000004	[285] _g_IwGLExtFn_glFramebufferTexture2DOES
0x00E22FA0	0x00000004	[285] _g_IwGLExtFn_glGetFramebufferAttachmentParameterivOES
0x00E22FA4	0x00000004	[285] _g_IwGLExtFn_glGenerateMipmapOES
0x00E22FA8	0x00000004	[285] _g_IwGLExtFn_glExtGetShadersQCOM
0x00E22FAC	0x00000004	[285] _g_IwGLExtFn_glExtGetProgramsQCOM
0x00E22FB0	0x00000004	[285] _g_IwGLExtFn_glExtIsProgramBinaryQCOM
0x00E22FB4	0x00000004	[285] _g_IwGLExtFn_glExtGetProgramBinarySourceQCOM
0x00E22FB8	0x00000004	[285] _g_IwGLExtFn_glGetProgramBinaryOES
0x00E22FBC	0x00000004	[285] _g_IwGLExtFn_glProgramBinaryOES
0x00E22FC0	0x00000004	[285] _g_IwGLExtFn_glDiscardFramebufferEXT
0x00E22FC4	0x00000004	[285] _g_IwGLExtFn_glAlphaFuncxOES
0x00E22FC8	0x00000004	[285] _g_IwGLExtFn_glClearColorxOES
0x00E22FCC	0x00000004	[285] _g_IwGLExtFn_glClearDepthxOES
0x00E22FD0	0x00000004	[285] _g_IwGLExtFn_glClipPlanexOES
0x00E22FD4	0x00000004	[285] _g_IwGLExtFn_glColor4xOES
0x00E22FD8	0x00000004	[285] _g_IwGLExtFn_glDepthRangexOES
0x00E22FDC	0x00000004	[285] _g_IwGLExtFn_glFogxOES
0x00E22FE0	0x00000004	[285] _g_IwGLExtFn_glFogxvOES
0x00E22FE4	0x00000004	[285] _g_IwGLExtFn_glFrustumxOES
0x00E22FE8	0x00000004	[285] _g_IwGLExtFn_glGetClipPlanexOES
0x00E22FEC	0x00000004	[285] _g_IwGLExtFn_glGetFixedvOES
0x00E22FF0	0x00000004	[285] _g_IwGLExtFn_glGetLightxvOES
0x00E22FF4	0x00000004	[285] _g_IwGLExtFn_glGetMaterialxvOES
0x00E22FF8	0x00000004	[285] _g_IwGLExtFn_glGetTexEnvxvOES
0x00E22FFC	0x00000004	[285] _g_IwGLExtFn_glGetTexParameterxvOES
0x00E23000	0x00000004	[285] _g_IwGLExtFn_glLightModelxOES
0x00E23004	0x00000004	[285] _g_IwGLExtFn_glLightModelxvOES
0x00E23008	0x00000004	[285] _g_IwGLExtFn_glLightxOES
0x00E2300C	0x00000004	[285] _g_IwGLExtFn_glLightxvOES
0x00E23010	0x00000004	[285] _g_IwGLExtFn_glLineWidthxOES
0x00E23014	0x00000004	[285] _g_IwGLExtFn_glLoadMatrixxOES
0x00E23018	0x00000004	[285] _g_IwGLExtFn_glMaterialxOES
0x00E2301C	0x00000004	[285] _g_IwGLExtFn_glMaterialxvOES
0x00E23020	0x00000004	[285] _g_IwGLExtFn_glMultMatrixxOES
0x00E23024	0x00000004	[285] _g_IwGLExtFn_glMultiTexCoord4xOES
0x00E23028	0x00000004	[285] _g_IwGLExtFn_glNormal3xOES
0x00E2302C	0x00000004	[285] _g_IwGLExtFn_glOrthoxOES
0x00E23030	0x00000004	[285] _g_IwGLExtFn_glPointParameterxOES
0x00E23034	0x00000004	[285] _g_IwGLExtFn_glPointParameterxvOES
0x00E23038	0x00000004	[285] _g_IwGLExtFn_glPointSizexOES
0x00E2303C	0x00000004	[285] _g_IwGLExtFn_glPolygonOffsetxOES
0x00E23040	0x00000004	[285] _g_IwGLExtFn_glRotatexOES
0x00E23044	0x00000004	[285] _g_IwGLExtFn_glSampleCoveragexOES
0x00E23048	0x00000004	[285] _g_IwGLExtFn_glScalexOES
0x00E2304C	0x00000004	[285] _g_IwGLExtFn_glTexEnvxOES
0x00E23050	0x00000004	[285] _g_IwGLExtFn_glTexEnvxvOES
0x00E23054	0x00000004	[285] _g_IwGLExtFn_glTexParameterxOES
0x00E23058	0x00000004	[285] _g_IwGLExtFn_glTexParameterxvOES
0x00E2305C	0x00000004	[285] _g_IwGLExtFn_glTranslatexOES
0x00E23060	0x00000004	[285] _g_IwGLExtFn_glCurrentPaletteMatrixOES
0x00E23064	0x00000004	[285] _g_IwGLExtFn_glLoadPaletteFromModelViewMatrixOES
0x00E23068	0x00000004	[285] _g_IwGLExtFn_glMatrixIndexPointerOES
0x00E2306C	0x00000004	[285] _g_IwGLExtFn_glWeightPointerOES
0x00E23070	0x00000004	[285] _g_IwGLExtFn_glRenderbufferStorageMultisampleIMG
0x00E23074	0x00000004	[285] _g_IwGLExtFn_glFramebufferTexture2DMultisampleIMG
0x00E23078	0x00000004	[285] _g_IwGLExtFn_glRenderbufferStorageMultisampleAPPLE
0x00E2307C	0x00000004	[285] _g_IwGLExtFn_glResolveMultisampleFramebufferAPPLE
0x00E23080	0x00000004	[285] _g_IwGLExtFn_glBlendFuncSeparateOES
0x00E23084	0x00000004	[285] _g_IwGLExtFn_glEGLImageTargetTexture2DOES
0x00E23088	0x00000004	[285] _g_IwGLExtFn_glEGLImageTargetRenderbufferStorageOES
0x00E2308C	0x00000004	[285] _g_IwGLExtFn_glExtGetTexturesQCOM
0x00E23090	0x00000004	[285] _g_IwGLExtFn_glExtGetBuffersQCOM
0x00E23094	0x00000004	[285] _g_IwGLExtFn_glExtGetRenderbuffersQCOM
0x00E23098	0x00000004	[285] _g_IwGLExtFn_glExtGetFramebuffersQCOM
0x00E2309C	0x00000004	[285] _g_IwGLExtFn_glExtGetTexLevelParameterivQCOM
0x00E230A0	0x00000004	[285] _g_IwGLExtFn_glExtTexObjectStateOverrideiQCOM
0x00E230A4	0x00000004	[285] _g_IwGLExtFn_glExtGetTexSubImageQCOM
0x00E230A8	0x00000004	[285] _g_IwGLExtFn_glExtGetBufferPointervQCOM
0x00E230AC	0x00000004	[285] _g_IwGLExtFn_glStartTilingQCOM
0x00E230B0	0x00000004	[285] _g_IwGLExtFn_glEndTilingQCOM
0x00E230B4	0x00000004	[285] _g_IwGLExtFn_glDrawTexsOES
0x00E230B8	0x00000004	[285] _g_IwGLExtFn_glDrawTexiOES
0x00E230BC	0x00000004	[285] _g_IwGLExtFn_glDrawTexxOES
0x00E230C0	0x00000004	[285] _g_IwGLExtFn_glDrawTexsvOES
0x00E230C4	0x00000004	[285] _g_IwGLExtFn_glDrawTexivOES
0x00E230C8	0x00000004	[285] _g_IwGLExtFn_glDrawTexxvOES
0x00E230CC	0x00000004	[285] _g_IwGLExtFn_glDrawTexfOES
0x00E230D0	0x00000004	[285] _g_IwGLExtFn_glDrawTexfvOES
0x00E230D4	0x00000004	[285] _g_IwGLExtFn_glQueryMatrixxOES
0x00E230D8	0x00000004	[285] _g_IwGLExtFn_glMultiDrawArraysEXT
0x00E230DC	0x00000004	[285] _g_IwGLExtFn_glMultiDrawElementsEXT
0x00E230E0	0x00000004	[285] _g_IwGLExtFn_glBindVertexArrayOES
0x00E230E4	0x00000004	[285] _g_IwGLExtFn_glDeleteVertexArraysOES
0x00E230E8	0x00000004	[285] _g_IwGLExtFn_glGenVertexArraysOES
0x00E230EC	0x00000004	[285] _g_IwGLExtFn_glIsVertexArrayOES
0x00E230F0	0x00000004	[285] _g_IwGLExtFn_glGetDriverControlsQCOM
0x00E230F4	0x00000004	[285] _g_IwGLExtFn_glGetDriverControlStringQCOM
0x00E230F8	0x00000004	[285] _g_IwGLExtFn_glEnableDriverControlQCOM
0x00E230FC	0x00000004	[285] _g_IwGLExtFn_glDisableDriverControlQCOM
0x00E23100	0x00000004	[286] _fbo_glIsRenderbuffer
0x00E23104	0x00000004	[286] _fbo_glBindRenderbuffer
0x00E23108	0x00000004	[286] _fbo_glDeleteRenderbuffers
0x00E2310C	0x00000004	[286] _fbo_glGenRenderbuffers
0x00E23110	0x00000004	[286] _fbo_glRenderbufferStorage
0x00E23114	0x00000004	[286] _fbo_glGetRenderbufferParameteriv
0x00E23118	0x00000004	[286] _fbo_glIsFramebuffer
0x00E2311C	0x00000004	[286] _fbo_glBindFramebuffer
0x00E23120	0x00000004	[286] _fbo_glDeleteFramebuffers
0x00E23124	0x00000004	[286] _fbo_glGenFramebuffers
0x00E23128	0x00000004	[286] _fbo_glCheckFramebufferStatus
0x00E2312C	0x00000004	[286] _fbo_glFramebufferRenderbuffer
0x00E23130	0x00000004	[286] _fbo_glFramebufferTexture2D
0x00E23134	0x00000004	[286] _fbo_glGetFramebufferAttachmentParameteriv
0x00E23138	0x00000004	[286] _fbo_glGenerateMipmap
0x00E2313C	0x00000014	[286] _g_IwGLFBOs
0x00E23150	0x00000014	[286] _g_IwGLRBOs
0x00E23164	0x00000004	[286] _g_IwGLCurrentFBO
0x00E23168	0x00000004	[286] _g_IwGLCurrentRBO
0x00E2316C	0x00000014	[288] _g_IwGLFeedbacks
0x00E23180	0x00000014	[290] _g_IwGLQueries
0x00E23194	0x00000014	[292] _g_IwGLShaders
0x00E231A8	0x00000014	[292] _g_IwGLPrograms
0x00E231BC	0x00000004	[292] _g_IwGLCurrentProgramObj
0x00E231C0	0x00000004	[292] _g_IwGLCurrentProgram
0x00E231C4	0x00000001	[292] _g_IwGLAllowNegativeLocations
0x00E231C8	0x00000004	[294] _g_IwGLCachedState
0x00E231CC	0x00000014	[295] _g_IwGLTextures
0x00E231E0	0x00000014	[295] _g_IwGLSamplers
0x00E231F4	0x00000004	[295] _g_IwGLActiveTexture
0x00E231F8	0x00000200	[295] _g_IwGLCurrentTex
0x00E233F8	0x00000080	[295] _g_IwGLCurrentSampler
0x00E23478	0x00000004	[295] _g_IwGLAllowTextureAllocInBind
0x00E2347C	0x00000014	[297] _g_IwGLVAOs
0x00E23490	0x00000014	[298] _g_IwGLVBOs
0x00E234A4	0x00000020	[298] _g_IwGLCurrentVBO
0x00E234C4	0x00000600	[298] _g_IwGLCurrentBindBase
0x00E23AC4	0x00000020	[298] _g_IwGLMappedBuffer
0x00E23AE4	0x00000040	[298] _g_IwGLMappedBufferValues
0x00E23B24	0x00000004	[300] _g_IwGLMatrixMode
0x00E23B28	0x00000001	[300] _g_IwGLSuppressFBOWarning
0x00E23B29	0x00000003	[300] _g_IwGLRTBound
0x00E23B2C	0x00000010	[300] _g_IwGLViewport
0x00E23B3C	0x00000010	[300] _g_IwGLScissor
0x00E23B4C	0x00000004	[300] _g_IwGLWidth
0x00E23B50	0x00000004	[300] _g_IwGLHeight
0x00E23B54	0x00000004	[300] _g_IwGLBlitDir
0x00E23B58	0x00000004	[300] _g_IwGLVirtualX
0x00E23B5C	0x00000004	[300] _g_IwGLVirtualY
0x00E23B60	0x00000004	[300] _g_IwGLVirtualWidth
0x00E23B64	0x00000004	[300] _g_IwGLVirtualHeight
0x00E23B68	0x00000004	[300] _g_IwGLVirtualRot
0x00E23B6C	0x00000030	[303] __ZN7CIwFMat10g_IdentityE
0x00E23B9C	0x00000018	[304] __ZN9CIwFMat2D10g_IdentityE
0x00E23BB4	0x00000008	[306] __ZN8CIwFVec26g_ZeroE
0x00E23BBC	0x00000008	[306] __ZN8CIwFVec27g_AxisXE
0x00E23BC4	0x00000008	[306] __ZN8CIwFVec27g_AxisYE
0x00E23BCC	0x0000000C	[307] __ZN8CIwFVec36g_ZeroE
0x00E23BD8	0x0000000C	[307] __ZN8CIwFVec37g_AxisXE
0x00E23BE4	0x0000000C	[307] __ZN8CIwFVec37g_AxisYE
0x00E23BF0	0x0000000C	[307] __ZN8CIwFVec37g_AxisZE
0x00E23BFC	0x00000010	[308] __ZN8CIwFVec46g_ZeroE
0x00E23C0C	0x00000010	[308] __ZN8CIwFVec47g_AxisXE
0x00E23C1C	0x00000010	[308] __ZN8CIwFVec47g_AxisYE
0x00E23C2C	0x00000010	[308] __ZN8CIwFVec47g_AxisZE
0x00E23C3C	0x00000010	[308] __ZN8CIwFVec47g_AxisWE
0x00E23C4C	0x00000030	[309] __ZN6CIwMat10g_IdentityE
0x00E23C7C	0x00000018	[310] __ZN8CIwMat2D10g_IdentityE
0x00E23C94	0x0000000C	[311] __ZN8CIwPlane4g_YZE
0x00E23CA0	0x0000000C	[311] __ZN8CIwPlane4g_XZE
0x00E23CAC	0x0000000C	[311] __ZN8CIwPlane4g_XYE
0x00E23CB8	0x00000004	[314] __ZN8CIwSVec26g_ZeroE
0x00E23CBC	0x00000004	[314] __ZN8CIwSVec27g_AxisXE
0x00E23CC0	0x00000004	[314] __ZN8CIwSVec27g_AxisYE
0x00E23CC4	0x00000006	[315] __ZN8CIwSVec36g_ZeroE
0x00E23CCA	0x00000006	[315] __ZN8CIwSVec37g_AxisXE
0x00E23CD0	0x00000006	[315] __ZN8CIwSVec37g_AxisYE
0x00E23CD6	0x00000006	[315] __ZN8CIwSVec37g_AxisZE
0x00E23CDC	0x00000008	[316] __ZN8CIwSVec46g_ZeroE
0x00E23CE4	0x00000008	[316] __ZN8CIwSVec47g_AxisXE
0x00E23CEC	0x00000008	[316] __ZN8CIwSVec47g_AxisYE
0x00E23CF4	0x00000008	[316] __ZN8CIwSVec47g_AxisZE
0x00E23CFC	0x00000008	[316] __ZN8CIwSVec47g_AxisWE
0x00E23D04	0x00004004	[317] _g_SqrtTable
0x00E27D08	0x00004000	[317] _g_InverseSqrtTable
0x00E2BD08	0x00000008	[318] __ZN7CIwVec26g_ZeroE
0x00E2BD10	0x00000008	[318] __ZN7CIwVec27g_AxisXE
0x00E2BD18	0x00000008	[318] __ZN7CIwVec27g_AxisYE
0x00E2BD20	0x0000000C	[319] __ZN7CIwVec36g_ZeroE
0x00E2BD2C	0x0000000C	[319] __ZN7CIwVec37g_AxisXE
0x00E2BD38	0x0000000C	[319] __ZN7CIwVec37g_AxisYE
0x00E2BD44	0x0000000C	[319] __ZN7CIwVec37g_AxisZE
0x00E2BD50	0x00000010	[320] __ZN7CIwVec46g_ZeroE
0x00E2BD60	0x00000010	[320] __ZN7CIwVec47g_AxisXE
0x00E2BD70	0x00000010	[320] __ZN7CIwVec47g_AxisYE
0x00E2BD80	0x00000010	[320] __ZN7CIwVec47g_AxisZE
0x00E2BD90	0x00000010	[320] __ZN7CIwVec47g_AxisWE
0x00E2BDA0	0x00000010	[321] _s_ResourceSizes
0x00E2BDB0	0x00000004	[321] _s_ResourceSizeCursor
0x00E2BDB4	0x00000004	[321] _s_ResourceSizeByType
0x00E2BDB8	0x00000004	[324] _s_ResSearchGroup
0x00E2BDBC	0x00000004	[324] _g_IwResManager
0x00E2BDC0	0x00000068	[332] __ZN4_STL3cinE
0x00E2BE28	0x00000064	[332] __ZN4_STL4coutE
0x00E2BE8C	0x00000064	[332] __ZN4_STL4cerrE
0x00E2BEF0	0x00000064	[332] __ZN4_STL4clogE
0x00E2BF54	0x00000068	[332] __ZN4_STL4wcinE
0x00E2BFBC	0x00000064	[332] __ZN4_STL5wcoutE
0x00E2C020	0x00000064	[332] __ZN4_STL5wcerrE
0x00E2C084	0x00000064	[332] __ZN4_STL5wclogE
0x00E2C0E8	0x00000004	[332] __ZN4_STL8ios_base4Init8_S_countE
0x00E2C0EC	0x00000004	[333] __ZN4_STL12_Locale_impl14_S_global_implE
0x00E2C0F0	0x00000004	[333] __ZN4_STL8ios_base9_Loc_init8_S_countE
0x00E2C0F4	0x0000000C	[335] __ZN4_STL15_S_empty_stringE
0x00E2C100	0x0000000C	[335] __ZN4_STL16_S_empty_wstringE
0x00E2C10C	0x0000000C	[340] __ZN4_STL8numpunctIcE11_M_truenameE
0x00E2C118	0x0000000C	[340] __ZN4_STL8numpunctIcE12_M_falsenameE
0x00E2C124	0x0000000C	[340] __ZN4_STL8numpunctIcE11_M_groupingE
0x00E2C130	0x0000000C	[340] __ZN4_STL8numpunctIwE11_M_truenameE
0x00E2C13C	0x0000000C	[340] __ZN4_STL8numpunctIwE12_M_falsenameE
0x00E2C148	0x0000000C	[340] __ZN4_STL8numpunctIwE11_M_groupingE
0x00E2C154	0x00000004	[347] _g_DelayedCreationLock
0x00E2C158	0x00000004	[347] _g_CrtFilesLock
0x00E2C15C	0x00000004	[347] _g_CrtOpenDirsLock
0x00E2C160	0x00000004	[347] _g_CrtSockets
0x00E2C164	0x00000004	[347] ___s3eStackBase
0x00E2C168	0x00000004	[352] _g_PThreadChecked
0x00E2C16C	0x00000004	[352] _g_PThreadPresent
0x00E2C170	0x00000004	[356] _g_StdinLen
0x00E2C174	0x00000004	[360] _g_TLS
0x00E2C178	0x00002928	[362] _g_DebugGlobals
0x00E2EAA0	0x00005DC0	[371] _g_ExitFuncsAndArgs
0x00E34860	0x00000004	[371] _g_ExitFuncsAndArgsOverspillBegin
0x00E34864	0x00000004	[371] _g_ExitFuncsAndArgsOverspillEnd
0x00E34868	0x00000004	[371] _g_ExitFuncsRegistered
0x00E34870	0x00000008	[ 32] _alphadec
0x00E34880	0x00000100	[709] ___hexdig
